[[36m2026-08-25 09:36:29,785[0m][[34mrl4co.utils.utils[0m][[32mINFO[0m] - Enforcing tags! <cfg.extras.enforce_tags=True>[0m
[[36m2026-08-25 09:36:29,790[0m][[34mrl4co.utils.utils[0m][[32mINFO[0m] - Printing config tree with Rich! <cfg.extras.print_config=True>[0m
CONFIG
├── model
│   └── _target_: parco.models.rl.PARCORLModule                                 
│       metrics:                                                                
│         train:                                                                
│         - loss                                                                
│         - reward                                                              
│         - halting_ratio                                                       
│         - pos_ratio                                                           
│         val:                                                                  
│         - reward                                                              
│         - halting_ratio                                                       
│         - pos_ratio                                                           
│         test:                                                                 
│         - reward                                                              
│         - halting_ratio                                                       
│         - pos_ratio                                                           
│         log_on_step: true                                                     
│       policy:                                                                 
│         _target_: parco.models.policy.PARCOPolicy                             
│         env_name: cvrp                                                        
│         agent_handler: highprob                                               
│         embed_dim: 128                                                        
│         norm_after: false                                                     
│         normalization: rms                                                    
│         use_final_norm: true                                                  
│         parallel_gated_kwargs:                                                
│           mlp_activation: silu                                                
│         context_embedding_kwargs:                                             
│           normalization: rms                                                  
│           norm_after: false                                                   
│           use_final_norm: true                                                
│           parallel_gated_kwargs:                                              
│             mlp_activation: silu                                              
│       batch_size: 16                                                          
│       val_batch_size: 16                                                      
│       test_batch_size: 16                                                     
│       train_data_size: 100000                                                 
│       val_data_size: 10000                                                    
│       test_data_size: 10000                                                   
│       optimizer_kwargs:                                                       
│         lr: 0.0001                                                            
│         weight_decay: 0.0                                                     
│       lr_scheduler: MultiStepLR                                               
│       lr_scheduler_kwargs:                                                    
│         milestones:                                                           
│         - 80                                                                  
│         - 95                                                                  
│         gamma: 0.1                                                            
│       num_augment: 4                                                          
│       train_min_agents: 3                                                     
│       train_max_agents: 7                                                     
│       train_min_size: 60                                                      
│       train_max_size: 100                                                     
│       dataloader_num_workers: 7                                               
│                                                                               
├── callbacks
│   └── model_checkpoint:                                                       
│         _target_: lightning.pytorch.callbacks.ModelCheckpoint                 
│         dirpath: /home/athota/PARCO_2026_SRP/logs/train/runs/cvrp_n100_m7/parc
│         filename: epoch_{epoch:03d}                                           
│         monitor: null                                                         
│         verbose: false                                                        
│         save_last: true                                                       
│         save_top_k: 1                                                         
│         mode: max                                                             
│         auto_insert_metric_name: false                                        
│         save_weights_only: false                                              
│         every_n_train_steps: null                                             
│         train_time_interval: null                                             
│         every_n_epochs: null                                                  
│         save_on_train_epoch_end: null                                         
│       model_summary:                                                          
│         _target_: lightning.pytorch.callbacks.RichModelSummary                
│         max_depth: 5                                                          
│       rich_progress_bar:                                                      
│         _target_: lightning.pytorch.callbacks.RichProgressBar                 
│       speed_monitor:                                                          
│         _target_: rl4co.utils.callbacks.speed_monitor.SpeedMonitor            
│         intra_step_time: true                                                 
│         inter_step_time: true                                                 
│         epoch_time: true                                                      
│       learning_rate_monitor:                                                  
│         _target_: lightning.pytorch.callbacks.LearningRateMonitor             
│         logging_interval: epoch                                               
│                                                                               
├── logger
│   └── wandb:                                                                  
│         _target_: lightning.pytorch.loggers.wandb.WandbLogger                 
│         save_dir: /home/athota/PARCO_2026_SRP/logs/train/runs/cvrp_n100_m7/par
│         offline: false                                                        
│         id: null                                                              
│         anonymous: null                                                       
│         project: parco-cvrp                                                   
│         log_model: false                                                      
│         prefix: ''                                                            
│         group: cvrp_n100_m7                                                   
│         tags:                                                                 
│         - parco                                                               
│         - cvrp                                                                
│         - communication                                                       
│         job_type: ''                                                          
│         name: parco                                                           
│                                                                               
├── trainer
│   └── _target_: rl4co.utils.trainer.RL4COTrainer                              
│       default_root_dir: /home/athota/PARCO_2026_SRP/logs/train/runs/cvrp_n100_
│       gradient_clip_val: 1.0                                                  
│       accelerator: gpu                                                        
│       precision: 16-mixed                                                     
│       strategy:                                                               
│         _target_: lightning.pytorch.strategies.DDPStrategy                    
│         find_unused_parameters: true                                          
│         gradient_as_bucket_view: true                                         
│       check_val_every_n_epoch: 1                                              
│       deterministic: false                                                    
│       max_epochs: 100                                                         
│       accumulate_grad_batches: 8                                              
│                                                                               
├── paths
│   └── root_dir: /home/athota/PARCO_2026_SRP                                   
│       data_dir: /home/athota/PARCO_2026_SRP/data/                             
│       log_dir: /home/athota/PARCO_2026_SRP/logs/                              
│       output_dir: /home/athota/PARCO_2026_SRP/logs/train/runs/cvrp_n100_m7/par
│       work_dir: /home/athota/PARCO_2026_SRP                                   
│                                                                               
├── extras
│   └── ignore_warnings: false                                                  
│       enforce_tags: true                                                      
│       print_config: true                                                      
│                                                                               
├── mode
│   └── train                                                                   
├── tags
│   └── ['dev']                                                                 
├── train
│   └── True                                                                    
├── test
│   └── True                                                                    
├── compile
│   └── False                                                                   
├── ckpt_path
│   └── None                                                                    
├── seed
│   └── 1234                                                                    
├── matmul_precision
│   └── medium                                                                  
├── metrics
│   └── train:                                                                  
│       - loss                                                                  
│       - reward                                                                
│       val:                                                                    
│       - reward                                                                
│       test:                                                                   
│       - reward                                                                
│       log_on_step: true                                                       
│                                                                               
├── env
│   └── _target_: parco.envs.cvrp.CVRPEnv                                       
│       name: cvrp                                                              
│       generator_params:                                                       
│         num_loc: 100                                                          
│         num_agents: 7                                                         
│       data_dir: /home/athota/PARCO_2026_SRP/data/cvrp                         
│       val_file:                                                               
│       - n60_m3_seed24610.npz                                                  
│       - n60_m5_seed24610.npz                                                  
│       - n60_m7_seed24610.npz                                                  
│       - n80_m3_seed24610.npz                                                  
│       - n80_m5_seed24610.npz                                                  
│       - n80_m7_seed24610.npz                                                  
│       - n100_m3_seed24610.npz                                                 
│       - n100_m5_seed24610.npz                                                 
│       - n100_m7_seed24610.npz                                                 
│       val_dataloader_names:                                                   
│       - n60_m3                                                                
│       - n60_m5                                                                
│       - n60_m7                                                                
│       - n80_m3                                                                
│       - n80_m5                                                                
│       - n80_m7                                                                
│       - n100_m3                                                               
│       - n100_m5                                                               
│       - n100_m7                                                               
│       test_file:                                                              
│       - n60_m3_seed24610.npz                                                  
│       - n60_m5_seed24610.npz                                                  
│       - n60_m7_seed24610.npz                                                  
│       - n80_m3_seed24610.npz                                                  
│       - n80_m5_seed24610.npz                                                  
│       - n80_m7_seed24610.npz                                                  
│       - n100_m3_seed24610.npz                                                 
│       - n100_m5_seed24610.npz                                                 
│       - n100_m7_seed24610.npz                                                 
│       test_dataloader_names:                                                  
│       - n60_m3                                                                
│       - n60_m5                                                                
│       - n60_m7                                                                
│       - n80_m3                                                                
│       - n80_m5                                                                
│       - n80_m7                                                                
│       - n100_m3                                                               
│       - n100_m5                                                               
│       - n100_m7                                                               
│                                                                               
└── generator_params
    └── num_loc: 100                                                            
        num_agents: 7                                                           
                                                                                
[[36m2026-08-25 09:36:29,936[0m][[34m__main__[0m][[32mINFO[0m] - Instantiating environment <parco.envs.cvrp.CVRPEnv>[0m
[[36m2026-08-25 09:36:32,027[0m][[34m__main__[0m][[32mINFO[0m] - Instantiating model <parco.models.rl.PARCORLModule>[0m
[[36m2026-08-25 09:36:32,585[0m][[34mparco.models.policy[0m][[32mINFO[0m] - Initializing default PARCOEncoder[0m
[[36m2026-08-25 09:36:32,784[0m][[34mparco.models.policy[0m][[32mINFO[0m] - Initializing default PARCODecoder[0m
[[36m2026-08-25 09:36:32,986[0m][[34mrl4co.data.transforms[0m][[32mINFO[0m] - Features not passed, defaulting to 'locs'[0m
[[36m2026-08-25 09:36:32,986[0m][[34mrl4co.data.transforms[0m][[32mINFO[0m] - Features not passed, defaulting to 'locs'[0m
[[36m2026-08-25 09:36:32,988[0m][[34m__main__[0m][[32mINFO[0m] - Instantiating callbacks...[0m
[[36m2026-08-25 09:36:32,989[0m][[34mrl4co.utils.instantiators[0m][[32mINFO[0m] - Instantiating callback <lightning.pytorch.callbacks.ModelCheckpoint>[0m
[[36m2026-08-25 09:36:33,000[0m][[34mrl4co.utils.instantiators[0m][[32mINFO[0m] - Instantiating callback <lightning.pytorch.callbacks.RichModelSummary>[0m
[[36m2026-08-25 09:36:33,001[0m][[34mrl4co.utils.instantiators[0m][[32mINFO[0m] - Instantiating callback <lightning.pytorch.callbacks.RichProgressBar>[0m
[[36m2026-08-25 09:36:33,001[0m][[34mrl4co.utils.instantiators[0m][[32mINFO[0m] - Instantiating callback <rl4co.utils.callbacks.speed_monitor.SpeedMonitor>[0m
[[36m2026-08-25 09:36:33,017[0m][[34mrl4co.utils.instantiators[0m][[32mINFO[0m] - Instantiating callback <lightning.pytorch.callbacks.LearningRateMonitor>[0m
[[36m2026-08-25 09:36:33,017[0m][[34m__main__[0m][[32mINFO[0m] - Instantiating loggers...[0m
[[36m2026-08-25 09:36:33,018[0m][[34mrl4co.utils.instantiators[0m][[32mINFO[0m] - Instantiating logger <lightning.pytorch.loggers.wandb.WandbLogger>[0m
[[36m2026-08-25 09:36:33,029[0m][[34m__main__[0m][[32mINFO[0m] - Instantiating trainer...[0m
[[36m2026-08-25 09:36:33,123[0m][[34m__main__[0m][[32mINFO[0m] - Logging hyperparameters![0m
[[36m2026-08-25 09:36:39,644[0m][[34m__main__[0m][[32mINFO[0m] - Starting training![0m
[[36m2026-08-25 09:36:42,061[0m][[34mrl4co.models.rl.common.base[0m][[32mINFO[0m] - Setting up batch sizes for train/val/test[0m
[[36m2026-08-25 09:36:42,062[0m][[34mrl4co.models.rl.common.base[0m][[32mINFO[0m] - Setting up datasets[0m
[[36m2026-08-25 09:36:44,211[0m][[34mrl4co.envs.common.base[0m][[32mINFO[0m] - Loading val dataset from ['/home/athota/PARCO_2026_SRP/data/cvrp/n60_m3_seed24610.npz', '/home/athota/PARCO_2026_SRP/data/cvrp/n60_m5_seed24610.npz', '/home/athota/PARCO_2026_SRP/data/cvrp/n60_m7_seed24610.npz', '/home/athota/PARCO_2026_SRP/data/cvrp/n80_m3_seed24610.npz', '/home/athota/PARCO_2026_SRP/data/cvrp/n80_m5_seed24610.npz', '/home/athota/PARCO_2026_SRP/data/cvrp/n80_m7_seed24610.npz', '/home/athota/PARCO_2026_SRP/data/cvrp/n100_m3_seed24610.npz', '/home/athota/PARCO_2026_SRP/data/cvrp/n100_m5_seed24610.npz', '/home/athota/PARCO_2026_SRP/data/cvrp/n100_m7_seed24610.npz'][0m
[[36m2026-08-25 09:36:44,212[0m][[34mrl4co.envs.common.base[0m][[31mERROR[0m] - Provided file name ['/home/athota/PARCO_2026_SRP/data/cvrp/n60_m3_seed24610.npz', '/home/athota/PARCO_2026_SRP/data/cvrp/n60_m5_seed24610.npz', '/home/athota/PARCO_2026_SRP/data/cvrp/n60_m7_seed24610.npz', '/home/athota/PARCO_2026_SRP/data/cvrp/n80_m3_seed24610.npz', '/home/athota/PARCO_2026_SRP/data/cvrp/n80_m5_seed24610.npz', '/home/athota/PARCO_2026_SRP/data/cvrp/n80_m7_seed24610.npz', '/home/athota/PARCO_2026_SRP/data/cvrp/n100_m3_seed24610.npz', '/home/athota/PARCO_2026_SRP/data/cvrp/n100_m5_seed24610.npz', '/home/athota/PARCO_2026_SRP/data/cvrp/n100_m7_seed24610.npz'] not found. Make sure to provide a file in the right path first or unset val_file to generate data automatically instead[0m
[[36m2026-08-25 09:36:44,668[0m][[34mrl4co.envs.common.base[0m][[32mINFO[0m] - Loading test dataset from ['/home/athota/PARCO_2026_SRP/data/cvrp/n60_m3_seed24610.npz', '/home/athota/PARCO_2026_SRP/data/cvrp/n60_m5_seed24610.npz', '/home/athota/PARCO_2026_SRP/data/cvrp/n60_m7_seed24610.npz', '/home/athota/PARCO_2026_SRP/data/cvrp/n80_m3_seed24610.npz', '/home/athota/PARCO_2026_SRP/data/cvrp/n80_m5_seed24610.npz', '/home/athota/PARCO_2026_SRP/data/cvrp/n80_m7_seed24610.npz', '/home/athota/PARCO_2026_SRP/data/cvrp/n100_m3_seed24610.npz', '/home/athota/PARCO_2026_SRP/data/cvrp/n100_m5_seed24610.npz', '/home/athota/PARCO_2026_SRP/data/cvrp/n100_m7_seed24610.npz'][0m
[[36m2026-08-25 09:36:44,669[0m][[34mrl4co.envs.common.base[0m][[31mERROR[0m] - Provided file name ['/home/athota/PARCO_2026_SRP/data/cvrp/n60_m3_seed24610.npz', '/home/athota/PARCO_2026_SRP/data/cvrp/n60_m5_seed24610.npz', '/home/athota/PARCO_2026_SRP/data/cvrp/n60_m7_seed24610.npz', '/home/athota/PARCO_2026_SRP/data/cvrp/n80_m3_seed24610.npz', '/home/athota/PARCO_2026_SRP/data/cvrp/n80_m5_seed24610.npz', '/home/athota/PARCO_2026_SRP/data/cvrp/n80_m7_seed24610.npz', '/home/athota/PARCO_2026_SRP/data/cvrp/n100_m3_seed24610.npz', '/home/athota/PARCO_2026_SRP/data/cvrp/n100_m5_seed24610.npz', '/home/athota/PARCO_2026_SRP/data/cvrp/n100_m7_seed24610.npz'] not found. Make sure to provide a file in the right path first or unset test_file to generate data automatically instead[0m
[[36m2026-08-25 09:36:44,998[0m][[34mrl4co.models.rl.common.base[0m][[32mINFO[0m] - Instantiating optimizer <Adam>[0m
[[36m2026-08-25 09:36:45,001[0m][[34mrl4co.models.rl.common.base[0m][[32mINFO[0m] - Instantiating LR scheduler <MultiStepLR>[0m
┏━━━━┳━━━━━━━━━━━━━━━━━━━━━━━━━━━━━━━━━━━━━━━━━━━━━━━━━━━━━━━━━┳━━━━┳━━━━━┳━━━━┓
┃    ┃ Name                                                    ┃ T… ┃ Pa… ┃ M… ┃
┡━━━━╇━━━━━━━━━━━━━━━━━━━━━━━━━━━━━━━━━━━━━━━━━━━━━━━━━━━━━━━━━╇━━━━╇━━━━━╇━━━━┩
│ 0  │ env                                                     │ C… │   0 │ t… │
│ 1  │ policy                                                  │ P… │ 1.3 │ t… │
│    │                                                         │    │   M │    │
│ 2  │ policy.encoder                                          │ P… │ 839 │ t… │
│    │                                                         │    │   K │    │
│ 3  │ policy.encoder.init_embedding                           │ H… │ 50… │ t… │
│    │                                                         │    │   K │    │
│ 4  │ policy.encoder.init_embedding.init_embed_depot          │ L… │ 256 │ t… │
│ 5  │ policy.encoder.init_embedding.pos_encoder               │ P… │   0 │ t… │
│ 6  │ policy.encoder.init_embedding.pos_embedding_proj        │ L… │ 16… │ t… │
│    │                                                         │    │   K │    │
│ 7  │ policy.encoder.init_embedding.init_embed_agents         │ L… │ 512 │ t… │
│ 8  │ policy.encoder.init_embedding.init_embed_depot_agents   │ L… │ 32… │ t… │
│    │                                                         │    │   K │    │
│ 9  │ policy.encoder.init_embedding.init_embed_clients        │ L… │ 640 │ t… │
│ 10 │ policy.encoder.layers                                   │ S… │ 788 │ t… │
│    │                                                         │    │   K │    │
│ 11 │ policy.encoder.layers.0                                 │ T… │ 262 │ t… │
│    │                                                         │    │   K │    │
│ 12 │ policy.encoder.layers.0.norm_attn                       │ N… │ 128 │ t… │
│ 13 │ policy.encoder.layers.0.attention                       │ M… │ 66… │ t… │
│    │                                                         │    │   K │    │
│ 14 │ policy.encoder.layers.0.norm_ffn                        │ N… │ 128 │ t… │
│ 15 │ policy.encoder.layers.0.ffn                             │ P… │ 196 │ t… │
│    │                                                         │    │   K │    │
│ 16 │ policy.encoder.layers.1                                 │ T… │ 262 │ t… │
│    │                                                         │    │   K │    │
│ 17 │ policy.encoder.layers.1.norm_attn                       │ N… │ 128 │ t… │
│ 18 │ policy.encoder.layers.1.attention                       │ M… │ 66… │ t… │
│    │                                                         │    │   K │    │
│ 19 │ policy.encoder.layers.1.norm_ffn                        │ N… │ 128 │ t… │
│ 20 │ policy.encoder.layers.1.ffn                             │ P… │ 196 │ t… │
│    │                                                         │    │   K │    │
│ 21 │ policy.encoder.layers.2                                 │ T… │ 262 │ t… │
│    │                                                         │    │   K │    │
│ 22 │ policy.encoder.layers.2.norm_attn                       │ N… │ 128 │ t… │
│ 23 │ policy.encoder.layers.2.attention                       │ M… │ 66… │ t… │
│    │                                                         │    │   K │    │
│ 24 │ policy.encoder.layers.2.norm_ffn                        │ N… │ 128 │ t… │
│ 25 │ policy.encoder.layers.2.ffn                             │ P… │ 196 │ t… │
│    │                                                         │    │   K │    │
│ 26 │ policy.encoder.norm                                     │ N… │ 128 │ t… │
│ 27 │ policy.encoder.norm.normalizer                          │ R… │ 128 │ t… │
│ 28 │ policy.decoder                                          │ P… │ 411 │ t… │
│    │                                                         │    │   K │    │
│ 29 │ policy.decoder.context_embedding                        │ H… │ 329 │ t… │
│    │                                                         │    │   K │    │
│ 30 │ policy.decoder.context_embedding.proj_agent_feats       │ L… │ 384 │ t… │
│ 31 │ policy.decoder.context_embedding.proj_global_feats      │ L… │ 128 │ t… │
│ 32 │ policy.decoder.context_embedding.project_context        │ L… │ 65… │ t… │
│    │                                                         │    │   K │    │
│ 33 │ policy.decoder.context_embedding.communication_layers   │ S… │ 262 │ t… │
│    │                                                         │    │   K │    │
│ 34 │ policy.decoder.context_embedding.communication_layers.0 │ T… │ 262 │ t… │
│    │                                                         │    │   K │    │
│ 35 │ policy.decoder.context_embedding.norm                   │ N… │ 128 │ t… │
│ 36 │ policy.decoder.context_embedding.norm.normalizer        │ R… │ 128 │ t… │
│ 37 │ policy.decoder.dynamic_embedding                        │ S… │   0 │ t… │
│ 38 │ policy.decoder.pointer                                  │ P… │ 16… │ t… │
│    │                                                         │    │   K │    │
│ 39 │ policy.decoder.pointer.project_out                      │ L… │ 16… │ t… │
│    │                                                         │    │   K │    │
│ 40 │ policy.decoder.project_node_embeddings                  │ L… │ 49… │ t… │
│    │                                                         │    │   K │    │
│ 41 │ policy.decoder.project_fixed_context                    │ L… │ 16… │ t… │
│    │                                                         │    │   K │    │
│ 42 │ baseline                                                │ N… │   0 │ t… │
│ 43 │ projection_head                                         │ M… │ 33… │ t… │
│    │                                                         │    │   K │    │
│ 44 │ projection_head.0                                       │ L… │ 16… │ t… │
│    │                                                         │    │   K │    │
│ 45 │ projection_head.1                                       │ R… │   0 │ t… │
│ 46 │ projection_head.2                                       │ L… │ 16… │ t… │
│    │                                                         │    │   K │    │
└────┴─────────────────────────────────────────────────────────┴────┴─────┴────┘
Trainable params: 1.3 M                                                         
Non-trainable params: 0                                                         
Total params: 1.3 M                                                             
Total estimated model params size (MB): 5                                       
Modules in train mode: 79                                                       
Modules in eval mode: 0                                                         
[[36m2026-08-25 09:43:40,389[0m][[34mrl4co.models.rl.common.base[0m][[32mINFO[0m] - Generating training dataset for next epoch...[0m
[[36m2026-08-25 09:52:03,271[0m][[34mrl4co.models.rl.common.base[0m][[32mINFO[0m] - Generating training dataset for next epoch...[0m
[[36m2026-08-25 10:00:41,292[0m][[34mrl4co.models.rl.common.base[0m][[32mINFO[0m] - Generating training dataset for next epoch...[0m
[[36m2026-08-25 10:09:20,947[0m][[34mrl4co.models.rl.common.base[0m][[32mINFO[0m] - Generating training dataset for next epoch...[0m
[[36m2026-08-25 10:19:04,646[0m][[34mrl4co.models.rl.common.base[0m][[32mINFO[0m] - Generating training dataset for next epoch...[0m
[[36m2026-08-25 10:29:39,204[0m][[34mrl4co.models.rl.common.base[0m][[32mINFO[0m] - Generating training dataset for next epoch...[0m
[[36m2026-08-25 10:40:16,103[0m][[34mrl4co.models.rl.common.base[0m][[32mINFO[0m] - Generating training dataset for next epoch...[0m
[[36m2026-08-25 10:50:52,647[0m][[34mrl4co.models.rl.common.base[0m][[32mINFO[0m] - Generating training dataset for next epoch...[0m
[[36m2026-08-25 11:01:52,411[0m][[34mrl4co.models.rl.common.base[0m][[32mINFO[0m] - Generating training dataset for next epoch...[0m
[[36m2026-08-25 11:13:01,007[0m][[34mrl4co.models.rl.common.base[0m][[32mINFO[0m] - Generating training dataset for next epoch...[0m
[[36m2026-08-25 11:23:50,138[0m][[34mrl4co.models.rl.common.base[0m][[32mINFO[0m] - Generating training dataset for next epoch...[0m
[[36m2026-08-25 11:35:10,084[0m][[34mrl4co.models.rl.common.base[0m][[32mINFO[0m] - Generating training dataset for next epoch...[0m
[[36m2026-08-25 11:46:52,644[0m][[34mrl4co.models.rl.common.base[0m][[32mINFO[0m] - Generating training dataset for next epoch...[0m
[[36m2026-08-25 11:58:37,960[0m][[34mrl4co.models.rl.common.base[0m][[32mINFO[0m] - Generating training dataset for next epoch...[0m
[[36m2026-08-25 12:10:55,428[0m][[34mrl4co.models.rl.common.base[0m][[32mINFO[0m] - Generating training dataset for next epoch...[0m
[[36m2026-08-25 12:22:30,352[0m][[34mrl4co.models.rl.common.base[0m][[32mINFO[0m] - Generating training dataset for next epoch...[0m
[[36m2026-08-25 12:33:50,570[0m][[34mrl4co.models.rl.common.base[0m][[32mINFO[0m] - Generating training dataset for next epoch...[0m
[[36m2026-08-25 12:45:31,302[0m][[34mrl4co.models.rl.common.base[0m][[32mINFO[0m] - Generating training dataset for next epoch...[0m
[[36m2026-08-25 12:57:30,096[0m][[34mrl4co.models.rl.common.base[0m][[32mINFO[0m] - Generating training dataset for next epoch...[0m
[[36m2026-08-25 13:09:13,986[0m][[34mrl4co.models.rl.common.base[0m][[32mINFO[0m] - Generating training dataset for next epoch...[0m
[[36m2026-08-25 13:20:32,010[0m][[34mrl4co.models.rl.common.base[0m][[32mINFO[0m] - Generating training dataset for next epoch...[0m
[[36m2026-08-25 13:31:59,424[0m][[34mrl4co.models.rl.common.base[0m][[32mINFO[0m] - Generating training dataset for next epoch...[0m
[[36m2026-08-25 13:43:11,723[0m][[34mrl4co.models.rl.common.base[0m][[32mINFO[0m] - Generating training dataset for next epoch...[0m
[[36m2026-08-25 13:54:08,520[0m][[34mrl4co.models.rl.common.base[0m][[32mINFO[0m] - Generating training dataset for next epoch...[0m
[[36m2026-08-25 14:05:25,919[0m][[34mrl4co.models.rl.common.base[0m][[32mINFO[0m] - Generating training dataset for next epoch...[0m
[[36m2026-08-25 14:16:45,484[0m][[34mrl4co.models.rl.common.base[0m][[32mINFO[0m] - Generating training dataset for next epoch...[0m
[[36m2026-08-25 14:27:59,791[0m][[34mrl4co.models.rl.common.base[0m][[32mINFO[0m] - Generating training dataset for next epoch...[0m
[[36m2026-08-25 14:39:14,518[0m][[34mrl4co.models.rl.common.base[0m][[32mINFO[0m] - Generating training dataset for next epoch...[0m
[[36m2026-08-25 14:51:48,983[0m][[34mrl4co.models.rl.common.base[0m][[32mINFO[0m] - Generating training dataset for next epoch...[0m
[[36m2026-08-25 15:02:37,779[0m][[34mrl4co.models.rl.common.base[0m][[32mINFO[0m] - Generating training dataset for next epoch...[0m
[[36m2026-08-25 15:14:21,540[0m][[34mrl4co.models.rl.common.base[0m][[32mINFO[0m] - Generating training dataset for next epoch...[0m
[[36m2026-08-25 15:25:22,981[0m][[34mrl4co.models.rl.common.base[0m][[32mINFO[0m] - Generating training dataset for next epoch...[0m
[[36m2026-08-25 15:37:16,406[0m][[34mrl4co.models.rl.common.base[0m][[32mINFO[0m] - Generating training dataset for next epoch...[0m
[[36m2026-08-25 15:48:46,388[0m][[34mrl4co.models.rl.common.base[0m][[32mINFO[0m] - Generating training dataset for next epoch...[0m
[[36m2026-08-25 16:00:54,151[0m][[34mrl4co.models.rl.common.base[0m][[32mINFO[0m] - Generating training dataset for next epoch...[0m
[[36m2026-08-25 16:12:43,474[0m][[34mrl4co.models.rl.common.base[0m][[32mINFO[0m] - Generating training dataset for next epoch...[0m
[[36m2026-08-25 16:24:31,376[0m][[34mrl4co.models.rl.common.base[0m][[32mINFO[0m] - Generating training dataset for next epoch...[0m
[[36m2026-08-25 16:36:03,431[0m][[34mrl4co.models.rl.common.base[0m][[32mINFO[0m] - Generating training dataset for next epoch...[0m
[[36m2026-08-25 16:48:20,601[0m][[34mrl4co.models.rl.common.base[0m][[32mINFO[0m] - Generating training dataset for next epoch...[0m
[[36m2026-08-25 17:00:04,606[0m][[34mrl4co.models.rl.common.base[0m][[32mINFO[0m] - Generating training dataset for next epoch...[0m
[[36m2026-08-25 17:11:13,027[0m][[34mrl4co.models.rl.common.base[0m][[32mINFO[0m] - Generating training dataset for next epoch...[0m
[[36m2026-08-25 17:22:46,035[0m][[34mrl4co.models.rl.common.base[0m][[32mINFO[0m] - Generating training dataset for next epoch...[0m
[[36m2026-08-25 17:34:22,070[0m][[34mrl4co.models.rl.common.base[0m][[32mINFO[0m] - Generating training dataset for next epoch...[0m
[[36m2026-08-25 17:46:53,824[0m][[34mrl4co.models.rl.common.base[0m][[32mINFO[0m] - Generating training dataset for next epoch...[0m
[[36m2026-08-25 17:58:05,686[0m][[34mrl4co.models.rl.common.base[0m][[32mINFO[0m] - Generating training dataset for next epoch...[0m
[[36m2026-08-25 18:10:12,803[0m][[34mrl4co.models.rl.common.base[0m][[32mINFO[0m] - Generating training dataset for next epoch...[0m
[[36m2026-08-25 18:22:30,588[0m][[34mrl4co.models.rl.common.base[0m][[32mINFO[0m] - Generating training dataset for next epoch...[0m
[[36m2026-08-25 18:34:50,123[0m][[34mrl4co.models.rl.common.base[0m][[32mINFO[0m] - Generating training dataset for next epoch...[0m
[[36m2026-08-25 18:47:25,916[0m][[34mrl4co.models.rl.common.base[0m][[32mINFO[0m] - Generating training dataset for next epoch...[0m
[[36m2026-08-25 18:59:35,089[0m][[34mrl4co.models.rl.common.base[0m][[32mINFO[0m] - Generating training dataset for next epoch...[0m
[[36m2026-08-25 19:11:57,552[0m][[34mrl4co.models.rl.common.base[0m][[32mINFO[0m] - Generating training dataset for next epoch...[0m
[[36m2026-08-25 19:24:31,891[0m][[34mrl4co.models.rl.common.base[0m][[32mINFO[0m] - Generating training dataset for next epoch...[0m
[[36m2026-08-25 19:36:19,861[0m][[34mrl4co.models.rl.common.base[0m][[32mINFO[0m] - Generating training dataset for next epoch...[0m
[[36m2026-08-25 19:48:38,743[0m][[34mrl4co.models.rl.common.base[0m][[32mINFO[0m] - Generating training dataset for next epoch...[0m
[[36m2026-08-25 20:00:43,035[0m][[34mrl4co.models.rl.common.base[0m][[32mINFO[0m] - Generating training dataset for next epoch...[0m
[[36m2026-08-25 20:12:10,140[0m][[34mrl4co.models.rl.common.base[0m][[32mINFO[0m] - Generating training dataset for next epoch...[0m
[[36m2026-08-25 20:23:46,356[0m][[34mrl4co.models.rl.common.base[0m][[32mINFO[0m] - Generating training dataset for next epoch...[0m
[[36m2026-08-25 20:35:20,577[0m][[34mrl4co.models.rl.common.base[0m][[32mINFO[0m] - Generating training dataset for next epoch...[0m
[[36m2026-08-25 20:47:46,568[0m][[34mrl4co.models.rl.common.base[0m][[32mINFO[0m] - Generating training dataset for next epoch...[0m
[[36m2026-08-25 20:59:08,612[0m][[34mrl4co.models.rl.common.base[0m][[32mINFO[0m] - Generating training dataset for next epoch...[0m
[[36m2026-08-25 21:10:38,539[0m][[34mrl4co.models.rl.common.base[0m][[32mINFO[0m] - Generating training dataset for next epoch...[0m
[[36m2026-08-25 21:22:06,850[0m][[34mrl4co.models.rl.common.base[0m][[32mINFO[0m] - Generating training dataset for next epoch...[0m
[[36m2026-08-25 21:34:49,690[0m][[34mrl4co.models.rl.common.base[0m][[32mINFO[0m] - Generating training dataset for next epoch...[0m
[[36m2026-08-25 21:47:14,419[0m][[34mrl4co.models.rl.common.base[0m][[32mINFO[0m] - Generating training dataset for next epoch...[0m
[[36m2026-08-25 22:01:45,047[0m][[34mrl4co.models.rl.common.base[0m][[32mINFO[0m] - Generating training dataset for next epoch...[0m
[[36m2026-08-25 22:13:54,477[0m][[34mrl4co.models.rl.common.base[0m][[32mINFO[0m] - Generating training dataset for next epoch...[0m
[[36m2026-08-25 22:26:37,114[0m][[34mrl4co.models.rl.common.base[0m][[32mINFO[0m] - Generating training dataset for next epoch...[0m
[[36m2026-08-25 22:38:24,028[0m][[34mrl4co.models.rl.common.base[0m][[32mINFO[0m] - Generating training dataset for next epoch...[0m
[[36m2026-08-25 22:49:56,903[0m][[34mrl4co.models.rl.common.base[0m][[32mINFO[0m] - Generating training dataset for next epoch...[0m
[[36m2026-08-25 23:01:10,158[0m][[34mrl4co.models.rl.common.base[0m][[32mINFO[0m] - Generating training dataset for next epoch...[0m
[[36m2026-08-25 23:13:02,107[0m][[34mrl4co.models.rl.common.base[0m][[32mINFO[0m] - Generating training dataset for next epoch...[0m
[[36m2026-08-25 23:24:28,414[0m][[34mrl4co.models.rl.common.base[0m][[32mINFO[0m] - Generating training dataset for next epoch...[0m
[[36m2026-08-25 23:36:06,835[0m][[34mrl4co.models.rl.common.base[0m][[32mINFO[0m] - Generating training dataset for next epoch...[0m
[[36m2026-08-25 23:47:37,055[0m][[34mrl4co.models.rl.common.base[0m][[32mINFO[0m] - Generating training dataset for next epoch...[0m
[[36m2026-08-25 23:59:16,936[0m][[34mrl4co.models.rl.common.base[0m][[32mINFO[0m] - Generating training dataset for next epoch...[0m
[[36m2026-08-26 00:11:09,440[0m][[34mrl4co.models.rl.common.base[0m][[32mINFO[0m] - Generating training dataset for next epoch...[0m
[[36m2026-08-26 00:22:56,435[0m][[34mrl4co.models.rl.common.base[0m][[32mINFO[0m] - Generating training dataset for next epoch...[0m
[[36m2026-08-26 00:34:30,741[0m][[34mrl4co.models.rl.common.base[0m][[32mINFO[0m] - Generating training dataset for next epoch...[0m
[[36m2026-08-26 00:46:13,527[0m][[34mrl4co.models.rl.common.base[0m][[32mINFO[0m] - Generating training dataset for next epoch...[0m
[[36m2026-08-26 01:00:54,220[0m][[34mrl4co.models.rl.common.base[0m][[32mINFO[0m] - Generating training dataset for next epoch...[0m
[[36m2026-08-26 01:12:46,105[0m][[34mrl4co.models.rl.common.base[0m][[32mINFO[0m] - Generating training dataset for next epoch...[0m
[[36m2026-08-26 01:25:48,770[0m][[34mrl4co.models.rl.common.base[0m][[32mINFO[0m] - Generating training dataset for next epoch...[0m
[[36m2026-08-26 01:37:35,935[0m][[34mrl4co.models.rl.common.base[0m][[32mINFO[0m] - Generating training dataset for next epoch...[0m
[[36m2026-08-26 01:49:10,098[0m][[34mrl4co.models.rl.common.base[0m][[32mINFO[0m] - Generating training dataset for next epoch...[0m
[[36m2026-08-26 02:01:49,120[0m][[34mrl4co.models.rl.common.base[0m][[32mINFO[0m] - Generating training dataset for next epoch...[0m
[[36m2026-08-26 02:14:47,585[0m][[34mrl4co.models.rl.common.base[0m][[32mINFO[0m] - Generating training dataset for next epoch...[0m
[[36m2026-08-26 02:26:21,230[0m][[34mrl4co.models.rl.common.base[0m][[32mINFO[0m] - Generating training dataset for next epoch...[0m
[[36m2026-08-26 02:37:32,832[0m][[34mrl4co.models.rl.common.base[0m][[32mINFO[0m] - Generating training dataset for next epoch...[0m
[[36m2026-08-26 02:49:01,243[0m][[34mrl4co.models.rl.common.base[0m][[32mINFO[0m] - Generating training dataset for next epoch...[0m
[[36m2026-08-26 03:00:19,988[0m][[34mrl4co.models.rl.common.base[0m][[32mINFO[0m] - Generating training dataset for next epoch...[0m
[[36m2026-08-26 03:11:57,846[0m][[34mrl4co.models.rl.common.base[0m][[32mINFO[0m] - Generating training dataset for next epoch...[0m
[[36m2026-08-26 03:23:22,199[0m][[34mrl4co.models.rl.common.base[0m][[32mINFO[0m] - Generating training dataset for next epoch...[0m
[[36m2026-08-26 03:34:59,125[0m][[34mrl4co.models.rl.common.base[0m][[32mINFO[0m] - Generating training dataset for next epoch...[0m
[[36m2026-08-26 03:46:31,573[0m][[34mrl4co.models.rl.common.base[0m][[32mINFO[0m] - Generating training dataset for next epoch...[0m
[[36m2026-08-26 03:58:05,772[0m][[34mrl4co.models.rl.common.base[0m][[32mINFO[0m] - Generating training dataset for next epoch...[0m
[[36m2026-08-26 04:09:36,010[0m][[34mrl4co.models.rl.common.base[0m][[32mINFO[0m] - Generating training dataset for next epoch...[0m
[[36m2026-08-26 04:21:31,064[0m][[34mrl4co.models.rl.common.base[0m][[32mINFO[0m] - Generating training dataset for next epoch...[0m
[[36m2026-08-26 04:32:59,468[0m][[34mrl4co.models.rl.common.base[0m][[32mINFO[0m] - Generating training dataset for next epoch...[0m
[[36m2026-08-26 04:44:33,751[0m][[34mrl4co.models.rl.common.base[0m][[32mINFO[0m] - Generating training dataset for next epoch...[0m
Epoch 99/99 ━━━━━━━━━━━━━━━━ 782/782 0:08:23 •        2.09it/s v_num: qxa2      
                                     0:00:00                   train/reward:    
                                                               -4.736           
                                                               train/halting_ra…
                                                               0.058 train/loss:
                                                               -0.142           
                                                               val/reward:      
                                                               -4.009           
                                                               val/halting_rati…
                                                               0.064            
[[36m2026-08-26 04:56:19,650[0m][[34m__main__[0m][[32mINFO[0m] - Starting testing![0m
[[36m2026-08-26 04:56:19,705[0m][[34mrl4co.models.rl.common.base[0m][[32mINFO[0m] - Setting up batch sizes for train/val/test[0m
[[36m2026-08-26 04:56:19,706[0m][[34mrl4co.models.rl.common.base[0m][[32mINFO[0m] - Setting up datasets[0m
[[36m2026-08-26 04:56:22,138[0m][[34mrl4co.envs.common.base[0m][[32mINFO[0m] - Loading val dataset from ['/home/athota/PARCO_2026_SRP/data/cvrp/n60_m3_seed24610.npz', '/home/athota/PARCO_2026_SRP/data/cvrp/n60_m5_seed24610.npz', '/home/athota/PARCO_2026_SRP/data/cvrp/n60_m7_seed24610.npz', '/home/athota/PARCO_2026_SRP/data/cvrp/n80_m3_seed24610.npz', '/home/athota/PARCO_2026_SRP/data/cvrp/n80_m5_seed24610.npz', '/home/athota/PARCO_2026_SRP/data/cvrp/n80_m7_seed24610.npz', '/home/athota/PARCO_2026_SRP/data/cvrp/n100_m3_seed24610.npz', '/home/athota/PARCO_2026_SRP/data/cvrp/n100_m5_seed24610.npz', '/home/athota/PARCO_2026_SRP/data/cvrp/n100_m7_seed24610.npz'][0m
[[36m2026-08-26 04:56:22,172[0m][[34mrl4co.envs.common.base[0m][[31mERROR[0m] - Provided file name ['/home/athota/PARCO_2026_SRP/data/cvrp/n60_m3_seed24610.npz', '/home/athota/PARCO_2026_SRP/data/cvrp/n60_m5_seed24610.npz', '/home/athota/PARCO_2026_SRP/data/cvrp/n60_m7_seed24610.npz', '/home/athota/PARCO_2026_SRP/data/cvrp/n80_m3_seed24610.npz', '/home/athota/PARCO_2026_SRP/data/cvrp/n80_m5_seed24610.npz', '/home/athota/PARCO_2026_SRP/data/cvrp/n80_m7_seed24610.npz', '/home/athota/PARCO_2026_SRP/data/cvrp/n100_m3_seed24610.npz', '/home/athota/PARCO_2026_SRP/data/cvrp/n100_m5_seed24610.npz', '/home/athota/PARCO_2026_SRP/data/cvrp/n100_m7_seed24610.npz'] not found. Make sure to provide a file in the right path first or unset val_file to generate data automatically instead[0m
[[36m2026-08-26 04:56:22,314[0m][[34mrl4co.envs.common.base[0m][[32mINFO[0m] - Loading test dataset from ['/home/athota/PARCO_2026_SRP/data/cvrp/n60_m3_seed24610.npz', '/home/athota/PARCO_2026_SRP/data/cvrp/n60_m5_seed24610.npz', '/home/athota/PARCO_2026_SRP/data/cvrp/n60_m7_seed24610.npz', '/home/athota/PARCO_2026_SRP/data/cvrp/n80_m3_seed24610.npz', '/home/athota/PARCO_2026_SRP/data/cvrp/n80_m5_seed24610.npz', '/home/athota/PARCO_2026_SRP/data/cvrp/n80_m7_seed24610.npz', '/home/athota/PARCO_2026_SRP/data/cvrp/n100_m3_seed24610.npz', '/home/athota/PARCO_2026_SRP/data/cvrp/n100_m5_seed24610.npz', '/home/athota/PARCO_2026_SRP/data/cvrp/n100_m7_seed24610.npz'][0m
[[36m2026-08-26 04:56:22,315[0m][[34mrl4co.envs.common.base[0m][[31mERROR[0m] - Provided file name ['/home/athota/PARCO_2026_SRP/data/cvrp/n60_m3_seed24610.npz', '/home/athota/PARCO_2026_SRP/data/cvrp/n60_m5_seed24610.npz', '/home/athota/PARCO_2026_SRP/data/cvrp/n60_m7_seed24610.npz', '/home/athota/PARCO_2026_SRP/data/cvrp/n80_m3_seed24610.npz', '/home/athota/PARCO_2026_SRP/data/cvrp/n80_m5_seed24610.npz', '/home/athota/PARCO_2026_SRP/data/cvrp/n80_m7_seed24610.npz', '/home/athota/PARCO_2026_SRP/data/cvrp/n100_m3_seed24610.npz', '/home/athota/PARCO_2026_SRP/data/cvrp/n100_m5_seed24610.npz', '/home/athota/PARCO_2026_SRP/data/cvrp/n100_m7_seed24610.npz'] not found. Make sure to provide a file in the right path first or unset test_file to generate data automatically instead[0m
┏━━━━━━━━━━━━━━━━━━━━━━━━━━━┳━━━━━━━━━━━━━━━━━━━━━━━━━━━┓
┃        Test metric        ┃       DataLoader 0        ┃
┡━━━━━━━━━━━━━━━━━━━━━━━━━━━╇━━━━━━━━━━━━━━━━━━━━━━━━━━━┩
│    test/halting_ratio     │    0.06433646380901337    │
│        test/reward        │    -3.9989612102508545    │
└───────────────────────────┴───────────────────────────┘
Testing ━━━━━━━━━━━━━━━━━━━━━━━━━━━━━━━━━━━━━ 79/79 0:00:20 • 0:00:00 3.95it/s 
[[36m2026-08-26 04:57:23,820[0m][[34m__main__[0m][[32mINFO[0m] - Best ckpt path: /home/athota/PARCO_2026_SRP/logs/train/runs/cvrp_n100_m7/parco/2026-08-25_09-36-29/checkpoints/epoch_099.ckpt[0m
[[36m2026-08-26 04:57:23,821[0m][[34mrl4co.utils.utils[0m][[32mINFO[0m] - Output dir: /home/athota/PARCO_2026_SRP/logs/train/runs/cvrp_n100_m7/parco/2026-08-25_09-36-29[0m
[[36m2026-08-26 04:57:23,822[0m][[34mrl4co.utils.utils[0m][[32mINFO[0m] - Closing loggers...[0m
[[36m2026-08-26 04:57:23,822[0m][[34mrl4co.utils.utils[0m][[32mINFO[0m] - Closing wandb![0m
[[36m2026-08-26 04:57:23,840[0m][[34mrl4co.utils.utils[0m][[32mINFO[0m] - Metric name is None! Skipping metric value retrieval...[0m
