[rank: 0] Seed set to 1234
/home/athota/PARCO_2026_SRP/.venv/lib/python3.13/site-packages/torchrl/data/replay_buffers/samplers.py:37: UserWarning: Failed to import torchrl C++ binaries. Some modules (eg, prioritized replay buffers) may not work with your installation. This is likely due to a discrepancy between your package version and the PyTorch version. Make sure both are compatible. Usually, torchrl majors follow the pytorch majors within a few days around the release. For instance, TorchRL 0.5 requires PyTorch 2.4.0, and TorchRL 0.6 requires PyTorch 2.5.0.
  warnings.warn(EXTENSION_WARNING)
/home/athota/PARCO_2026_SRP/.venv/lib/python3.13/site-packages/lightning/pytorch/utilities/parsing.py:209: Attribute 'env' is an instance of `nn.Module` and is already saved during checkpointing. It is recommended to ignore them using `self.save_hyperparameters(ignore=['env'])`.
/home/athota/PARCO_2026_SRP/.venv/lib/python3.13/site-packages/lightning/pytorch/utilities/parsing.py:209: Attribute 'policy' is an instance of `nn.Module` and is already saved during checkpointing. It is recommended to ignore them using `self.save_hyperparameters(ignore=['policy'])`.
Using 16bit Automatic Mixed Precision (AMP)
Trainer already configured with model summary callbacks: [<class 'lightning.pytorch.callbacks.rich_model_summary.RichModelSummary'>]. Skipping setting a default `ModelSummary` callback.
GPU available: True (cuda), used: True
TPU available: False, using: 0 TPU cores
HPU available: False, using: 0 HPUs
wandb: WARNING The anonymous setting has no effect and will be removed in a future version.
wandb: WARNING `resume` will be ignored since W&B syncing is set to `offline`. Starting a new run with run id r621yvjd.
wandb: Tracking run with wandb version 0.26.1
wandb: W&B syncing is set to `offline` in this directory. Run `wandb online` or set WANDB_MODE=online to enable cloud syncing.
wandb: Run data is saved locally in /home/athota/PARCO_2026_SRP/logs/train/runs/hcvrp_n100_m7/parco/2026-05-23_04-14-55/wandb/offline-run-20260523_041459-r621yvjd
Initializing distributed: GLOBAL_RANK: 0, MEMBER: 1/1
[W523 04:15:21.663093439 socket.cpp:200] [c10d] The hostname of the client socket cannot be retrieved. err=-3
[W523 04:15:41.684766998 socket.cpp:200] [c10d] The hostname of the client socket cannot be retrieved. err=-3
----------------------------------------------------------------------------------------------------
distributed_backend=nccl
All distributed processes registered. Starting with 1 processes
----------------------------------------------------------------------------------------------------

LOCAL_RANK: 0 - CUDA_VISIBLE_DEVICES: [0,1,2,3]
/home/athota/PARCO_2026_SRP/.venv/lib/python3.13/site-packages/torch/distributed/algorithms/ddp_comm_hooks/__init__.py:54: FutureWarning: functools.partial will be a method descriptor in future Python versions; wrap it in enum.member() if you want to preserve the old behavior
  ALLREDUCE = partial(_ddp_comm_hook_wrapper, comm_hook=default.allreduce_hook)
/home/athota/PARCO_2026_SRP/.venv/lib/python3.13/site-packages/torch/distributed/algorithms/ddp_comm_hooks/__init__.py:55: FutureWarning: functools.partial will be a method descriptor in future Python versions; wrap it in enum.member() if you want to preserve the old behavior
  FP16_COMPRESS = partial(
/home/athota/PARCO_2026_SRP/.venv/lib/python3.13/site-packages/torch/distributed/algorithms/ddp_comm_hooks/__init__.py:58: FutureWarning: functools.partial will be a method descriptor in future Python versions; wrap it in enum.member() if you want to preserve the old behavior
  BF16_COMPRESS = partial(
/home/athota/PARCO_2026_SRP/.venv/lib/python3.13/site-packages/torch/distributed/algorithms/ddp_comm_hooks/__init__.py:61: FutureWarning: functools.partial will be a method descriptor in future Python versions; wrap it in enum.member() if you want to preserve the old behavior
  QUANTIZE_PER_TENSOR = partial(
/home/athota/PARCO_2026_SRP/.venv/lib/python3.13/site-packages/torch/distributed/algorithms/ddp_comm_hooks/__init__.py:64: FutureWarning: functools.partial will be a method descriptor in future Python versions; wrap it in enum.member() if you want to preserve the old behavior
  QUANTIZE_PER_CHANNEL = partial(
/home/athota/PARCO_2026_SRP/.venv/lib/python3.13/site-packages/torch/distributed/algorithms/ddp_comm_hooks/__init__.py:67: FutureWarning: functools.partial will be a method descriptor in future Python versions; wrap it in enum.member() if you want to preserve the old behavior
  POWER_SGD = partial(
/home/athota/PARCO_2026_SRP/.venv/lib/python3.13/site-packages/torch/distributed/algorithms/ddp_comm_hooks/__init__.py:74: FutureWarning: functools.partial will be a method descriptor in future Python versions; wrap it in enum.member() if you want to preserve the old behavior
  POWER_SGD_RANK2 = partial(
/home/athota/PARCO_2026_SRP/.venv/lib/python3.13/site-packages/torch/distributed/algorithms/ddp_comm_hooks/__init__.py:80: FutureWarning: functools.partial will be a method descriptor in future Python versions; wrap it in enum.member() if you want to preserve the old behavior
  BATCHED_POWER_SGD = partial(
/home/athota/PARCO_2026_SRP/.venv/lib/python3.13/site-packages/torch/distributed/algorithms/ddp_comm_hooks/__init__.py:85: FutureWarning: functools.partial will be a method descriptor in future Python versions; wrap it in enum.member() if you want to preserve the old behavior
  BATCHED_POWER_SGD_RANK2 = partial(
/home/athota/PARCO_2026_SRP/.venv/lib/python3.13/site-packages/torch/distributed/algorithms/ddp_comm_hooks/__init__.py:90: FutureWarning: functools.partial will be a method descriptor in future Python versions; wrap it in enum.member() if you want to preserve the old behavior
  NOOP = partial(
SLURM auto-requeueing enabled. Setting signal handlers.
/home/athota/PARCO_2026_SRP/.venv/lib/python3.13/site-packages/lightning/pytorch/trainer/connectors/data_connector.py:425: The 'val_dataloader' does not have many workers which may be a bottleneck. Consider increasing the value of the `num_workers` argument` to `num_workers=7` in the `DataLoader` to improve performance.
/home/athota/PARCO_2026_SRP/.venv/lib/python3.13/site-packages/lightning/pytorch/trainer/connectors/data_connector.py:425: The 'train_dataloader' does not have many workers which may be a bottleneck. Consider increasing the value of the `num_workers` argument` to `num_workers=7` in the `DataLoader` to improve performance.
