[rank: 0] Seed set to 1234
/home/athota/PARCO_2026_SRP/.venv/lib/python3.13/site-packages/torchrl/data/replay_buffers/samplers.py:37: UserWarning: Failed to import torchrl C++ binaries. Some modules (eg, prioritized replay buffers) may not work with your installation. This is likely due to a discrepancy between your package version and the PyTorch version. Make sure both are compatible. Usually, torchrl majors follow the pytorch majors within a few days around the release. For instance, TorchRL 0.5 requires PyTorch 2.4.0, and TorchRL 0.6 requires PyTorch 2.5.0.
  warnings.warn(EXTENSION_WARNING)
/home/athota/PARCO_2026_SRP/.venv/lib/python3.13/site-packages/lightning/pytorch/utilities/parsing.py:209: Attribute 'env' is an instance of `nn.Module` and is already saved during checkpointing. It is recommended to ignore them using `self.save_hyperparameters(ignore=['env'])`.
/home/athota/PARCO_2026_SRP/.venv/lib/python3.13/site-packages/lightning/pytorch/utilities/parsing.py:209: Attribute 'policy' is an instance of `nn.Module` and is already saved during checkpointing. It is recommended to ignore them using `self.save_hyperparameters(ignore=['policy'])`.
Using 16bit Automatic Mixed Precision (AMP)
Trainer already configured with model summary callbacks: [<class 'lightning.pytorch.callbacks.rich_model_summary.RichModelSummary'>]. Skipping setting a default `ModelSummary` callback.
GPU available: True (cuda), used: True
TPU available: False, using: 0 TPU cores
HPU available: False, using: 0 HPUs
wandb: WARNING `resume` will be ignored since W&B syncing is set to `offline`. Starting a new run with run id w8mds6zk.
wandb: Tracking run with wandb version 0.19.10
wandb: W&B syncing is set to `offline` in this directory. Run `wandb online` or set WANDB_MODE=online to enable cloud syncing.
Initializing distributed: GLOBAL_RANK: 0, MEMBER: 1/1
----------------------------------------------------------------------------------------------------
distributed_backend=nccl
All distributed processes registered. Starting with 1 processes
----------------------------------------------------------------------------------------------------

LOCAL_RANK: 0 - CUDA_VISIBLE_DEVICES: [0,1,2,3,4,5,6,7]
/home/athota/PARCO_2026_SRP/.venv/lib/python3.13/site-packages/torch/distributed/algorithms/ddp_comm_hooks/__init__.py:54: FutureWarning: functools.partial will be a method descriptor in future Python versions; wrap it in enum.member() if you want to preserve the old behavior
  ALLREDUCE = partial(_ddp_comm_hook_wrapper, comm_hook=default.allreduce_hook)
/home/athota/PARCO_2026_SRP/.venv/lib/python3.13/site-packages/torch/distributed/algorithms/ddp_comm_hooks/__init__.py:55: FutureWarning: functools.partial will be a method descriptor in future Python versions; wrap it in enum.member() if you want to preserve the old behavior
  FP16_COMPRESS = partial(
/home/athota/PARCO_2026_SRP/.venv/lib/python3.13/site-packages/torch/distributed/algorithms/ddp_comm_hooks/__init__.py:58: FutureWarning: functools.partial will be a method descriptor in future Python versions; wrap it in enum.member() if you want to preserve the old behavior
  BF16_COMPRESS = partial(
/home/athota/PARCO_2026_SRP/.venv/lib/python3.13/site-packages/torch/distributed/algorithms/ddp_comm_hooks/__init__.py:61: FutureWarning: functools.partial will be a method descriptor in future Python versions; wrap it in enum.member() if you want to preserve the old behavior
  QUANTIZE_PER_TENSOR = partial(
/home/athota/PARCO_2026_SRP/.venv/lib/python3.13/site-packages/torch/distributed/algorithms/ddp_comm_hooks/__init__.py:64: FutureWarning: functools.partial will be a method descriptor in future Python versions; wrap it in enum.member() if you want to preserve the old behavior
  QUANTIZE_PER_CHANNEL = partial(
/home/athota/PARCO_2026_SRP/.venv/lib/python3.13/site-packages/torch/distributed/algorithms/ddp_comm_hooks/__init__.py:67: FutureWarning: functools.partial will be a method descriptor in future Python versions; wrap it in enum.member() if you want to preserve the old behavior
  POWER_SGD = partial(
/home/athota/PARCO_2026_SRP/.venv/lib/python3.13/site-packages/torch/distributed/algorithms/ddp_comm_hooks/__init__.py:74: FutureWarning: functools.partial will be a method descriptor in future Python versions; wrap it in enum.member() if you want to preserve the old behavior
  POWER_SGD_RANK2 = partial(
/home/athota/PARCO_2026_SRP/.venv/lib/python3.13/site-packages/torch/distributed/algorithms/ddp_comm_hooks/__init__.py:80: FutureWarning: functools.partial will be a method descriptor in future Python versions; wrap it in enum.member() if you want to preserve the old behavior
  BATCHED_POWER_SGD = partial(
/home/athota/PARCO_2026_SRP/.venv/lib/python3.13/site-packages/torch/distributed/algorithms/ddp_comm_hooks/__init__.py:85: FutureWarning: functools.partial will be a method descriptor in future Python versions; wrap it in enum.member() if you want to preserve the old behavior
  BATCHED_POWER_SGD_RANK2 = partial(
/home/athota/PARCO_2026_SRP/.venv/lib/python3.13/site-packages/torch/distributed/algorithms/ddp_comm_hooks/__init__.py:90: FutureWarning: functools.partial will be a method descriptor in future Python versions; wrap it in enum.member() if you want to preserve the old behavior
  NOOP = partial(
SLURM auto-requeueing enabled. Setting signal handlers.
/home/athota/PARCO_2026_SRP/.venv/lib/python3.13/site-packages/lightning/pytorch/trainer/connectors/data_connector.py:420: Consider setting `persistent_workers=True` in 'val_dataloader' to speed up the dataloader worker initialization.
/home/athota/PARCO_2026_SRP/.venv/lib/python3.13/site-packages/lightning/pytorch/trainer/connectors/data_connector.py:420: Consider setting `persistent_workers=True` in 'train_dataloader' to speed up the dataloader worker initialization.
wandb:                                                                                
wandb: 
wandb: Run history:
wandb:             lr-Adam ▁
wandb: trainer/global_step ▁
wandb: 
wandb: Run summary:
wandb:             lr-Adam 0.0001
wandb: trainer/global_step 0
wandb: 
wandb: You can sync this run to the cloud by running:
wandb: wandb sync /home/athota/PARCO_2026_SRP/logs/train/runs/hcvrp_n100_m7/parco_wait_action/2026-08-26_10-14-13/wandb/offline-run-20260826_101422-w8mds6zk
wandb: Find logs at: ./logs/train/runs/hcvrp_n100_m7/parco_wait_action/2026-08-26_10-14-13/wandb/offline-run-20260826_101422-w8mds6zk/logs
Error executing job with overrides: ['experiment=hcvrp_wait_action', 'model.batch_size=2', 'model.val_batch_size=2', 'model.test_batch_size=8', 'model.num_augment=1', '+model.dataloader_num_workers=7', '+trainer.accumulate_grad_batches=8']
Traceback (most recent call last):
  File "/home/athota/PARCO_2026_SRP/train.py", line 104, in train
    metric_dict, _ = run(cfg)
                     ~~~^^^^^
  File "/home/athota/PARCO_2026_SRP/.venv/lib/python3.13/site-packages/rl4co/utils/utils.py", line 51, in wrap
    raise ex
  File "/home/athota/PARCO_2026_SRP/.venv/lib/python3.13/site-packages/rl4co/utils/utils.py", line 41, in wrap
    metric_dict, object_dict = task_func(cfg=cfg)
                               ~~~~~~~~~^^^^^^^^^
  File "/home/athota/PARCO_2026_SRP/train.py", line 76, in run
    trainer.fit(model=model, ckpt_path=cfg.get("ckpt_path"))
    ~~~~~~~~~~~^^^^^^^^^^^^^^^^^^^^^^^^^^^^^^^^^^^^^^^^^^^^^
  File "/home/athota/PARCO_2026_SRP/.venv/lib/python3.13/site-packages/rl4co/utils/trainer.py", line 146, in fit
    super().fit(
    ~~~~~~~~~~~^
        model=model,
        ^^^^^^^^^^^^
    ...<3 lines>...
        ckpt_path=ckpt_path,
        ^^^^^^^^^^^^^^^^^^^^
    )
    ^
  File "/home/athota/PARCO_2026_SRP/.venv/lib/python3.13/site-packages/lightning/pytorch/trainer/trainer.py", line 561, in fit
    call._call_and_handle_interrupt(
    ~~~~~~~~~~~~~~~~~~~~~~~~~~~~~~~^
        self, self._fit_impl, model, train_dataloaders, val_dataloaders, datamodule, ckpt_path
        ^^^^^^^^^^^^^^^^^^^^^^^^^^^^^^^^^^^^^^^^^^^^^^^^^^^^^^^^^^^^^^^^^^^^^^^^^^^^^^^^^^^^^^
    )
    ^
  File "/home/athota/PARCO_2026_SRP/.venv/lib/python3.13/site-packages/lightning/pytorch/trainer/call.py", line 47, in _call_and_handle_interrupt
    return trainer.strategy.launcher.launch(trainer_fn, *args, trainer=trainer, **kwargs)
           ~~~~~~~~~~~~~~~~~~~~~~~~~~~~~~~~^^^^^^^^^^^^^^^^^^^^^^^^^^^^^^^^^^^^^^^^^^^^^^
  File "/home/athota/PARCO_2026_SRP/.venv/lib/python3.13/site-packages/lightning/pytorch/strategies/launchers/subprocess_script.py", line 105, in launch
    return function(*args, **kwargs)
  File "/home/athota/PARCO_2026_SRP/.venv/lib/python3.13/site-packages/lightning/pytorch/trainer/trainer.py", line 599, in _fit_impl
    self._run(model, ckpt_path=ckpt_path)
    ~~~~~~~~~^^^^^^^^^^^^^^^^^^^^^^^^^^^^
  File "/home/athota/PARCO_2026_SRP/.venv/lib/python3.13/site-packages/lightning/pytorch/trainer/trainer.py", line 1012, in _run
    results = self._run_stage()
  File "/home/athota/PARCO_2026_SRP/.venv/lib/python3.13/site-packages/lightning/pytorch/trainer/trainer.py", line 1056, in _run_stage
    self.fit_loop.run()
    ~~~~~~~~~~~~~~~~~^^
  File "/home/athota/PARCO_2026_SRP/.venv/lib/python3.13/site-packages/lightning/pytorch/loops/fit_loop.py", line 216, in run
    self.advance()
    ~~~~~~~~~~~~^^
  File "/home/athota/PARCO_2026_SRP/.venv/lib/python3.13/site-packages/lightning/pytorch/loops/fit_loop.py", line 455, in advance
    self.epoch_loop.run(self._data_fetcher)
    ~~~~~~~~~~~~~~~~~~~^^^^^^^^^^^^^^^^^^^^
  File "/home/athota/PARCO_2026_SRP/.venv/lib/python3.13/site-packages/lightning/pytorch/loops/training_epoch_loop.py", line 150, in run
    self.advance(data_fetcher)
    ~~~~~~~~~~~~^^^^^^^^^^^^^^
  File "/home/athota/PARCO_2026_SRP/.venv/lib/python3.13/site-packages/lightning/pytorch/loops/training_epoch_loop.py", line 320, in advance
    batch_output = self.automatic_optimization.run(trainer.optimizers[0], batch_idx, kwargs)
  File "/home/athota/PARCO_2026_SRP/.venv/lib/python3.13/site-packages/lightning/pytorch/loops/optimization/automatic.py", line 185, in run
    closure()
    ~~~~~~~^^
  File "/home/athota/PARCO_2026_SRP/.venv/lib/python3.13/site-packages/lightning/pytorch/loops/optimization/automatic.py", line 146, in __call__
    self._result = self.closure(*args, **kwargs)
                   ~~~~~~~~~~~~^^^^^^^^^^^^^^^^^
  File "/home/athota/PARCO_2026_SRP/.venv/lib/python3.13/site-packages/torch/utils/_contextlib.py", line 116, in decorate_context
    return func(*args, **kwargs)
  File "/home/athota/PARCO_2026_SRP/.venv/lib/python3.13/site-packages/lightning/pytorch/loops/optimization/automatic.py", line 131, in closure
    step_output = self._step_fn()
  File "/home/athota/PARCO_2026_SRP/.venv/lib/python3.13/site-packages/lightning/pytorch/loops/optimization/automatic.py", line 329, in _training_step
    return self.output_result_cls.from_training_step_output(training_step_output, trainer.accumulate_grad_batches)
           ~~~~~~~~~~~~~~~~~~~~~~~~~~~~~~~~~~~~~~~~~~~~~~~~^^^^^^^^^^^^^^^^^^^^^^^^^^^^^^^^^^^^^^^^^^^^^^^^^^^^^^^
  File "/home/athota/PARCO_2026_SRP/.venv/lib/python3.13/site-packages/lightning/pytorch/loops/optimization/automatic.py", line 85, in from_training_step_output
    return cls(closure_loss, extra=extra)
  File "<string>", line 5, in __init__
  File "/home/athota/PARCO_2026_SRP/.venv/lib/python3.13/site-packages/lightning/pytorch/loops/optimization/automatic.py", line 54, in __post_init__
    self._clone_loss()
    ~~~~~~~~~~~~~~~~^^
  File "/home/athota/PARCO_2026_SRP/.venv/lib/python3.13/site-packages/lightning/pytorch/loops/optimization/automatic.py", line 59, in _clone_loss
    self.loss = self.closure_loss.detach().clone()
                ^^^^^^^^^^^^^^^^^^^^^^^^
AttributeError: 'float' object has no attribute 'detach'

Set the environment variable HYDRA_FULL_ERROR=1 for a complete stack trace.
srun: error: stud-000: task 0: Exited with exit code 1
