[[36m2026-08-26 10:14:13,170[0m][[34mrl4co.utils.utils[0m][[32mINFO[0m] - Enforcing tags! <cfg.extras.enforce_tags=True>[0m
[[36m2026-08-26 10:14:13,177[0m][[34mrl4co.utils.utils[0m][[32mINFO[0m] - Printing config tree with Rich! <cfg.extras.print_config=True>[0m
CONFIG
├── model
│   └── _target_: parco.models.rl.PARCORLModule                                 
│       metrics:                                                                
│         train:                                                                
│         - loss                                                                
│         - reward                                                              
│         - halting_ratio                                                       
│         - pos_ratio                                                           
│         val:                                                                  
│         - reward                                                              
│         - halting_ratio                                                       
│         - pos_ratio                                                           
│         test:                                                                 
│         - reward                                                              
│         - halting_ratio                                                       
│         - pos_ratio                                                           
│         log_on_step: true                                                     
│       policy:                                                                 
│         _target_: parco.models.policy.PARCOPolicy                             
│         env_name: hcvrp                                                       
│         agent_handler: highprob                                               
│         embed_dim: 128                                                        
│         norm_after: false                                                     
│         normalization: rms                                                    
│         use_final_norm: true                                                  
│         parallel_gated_kwargs:                                                
│           mlp_activation: silu                                                
│         context_embedding_kwargs:                                             
│           normalization: rms                                                  
│           norm_after: false                                                   
│           use_final_norm: true                                                
│           parallel_gated_kwargs:                                              
│             mlp_activation: silu                                              
│         use_pos_token: true                                                   
│         trainable_pos_token: true                                             
│       batch_size: 2                                                           
│       val_batch_size: 2                                                       
│       test_batch_size: 8                                                      
│       train_data_size: 100000                                                 
│       val_data_size: 10000                                                    
│       test_data_size: 10000                                                   
│       optimizer_kwargs:                                                       
│         lr: 0.0001                                                            
│         weight_decay: 0.0                                                     
│       lr_scheduler: MultiStepLR                                               
│       lr_scheduler_kwargs:                                                    
│         milestones:                                                           
│         - 80                                                                  
│         - 95                                                                  
│         gamma: 0.1                                                            
│       num_augment: 1                                                          
│       train_min_agents: 3                                                     
│       train_max_agents: 7                                                     
│       train_min_size: 60                                                      
│       train_max_size: 100                                                     
│       dataloader_num_workers: 7                                               
│                                                                               
├── callbacks
│   └── model_checkpoint:                                                       
│         _target_: lightning.pytorch.callbacks.ModelCheckpoint                 
│         dirpath: /home/athota/PARCO_2026_SRP/logs/train/runs/hcvrp_n100_m7/par
│         filename: epoch_{epoch:03d}                                           
│         monitor: null                                                         
│         verbose: false                                                        
│         save_last: true                                                       
│         save_top_k: 1                                                         
│         mode: max                                                             
│         auto_insert_metric_name: false                                        
│         save_weights_only: false                                              
│         every_n_train_steps: null                                             
│         train_time_interval: null                                             
│         every_n_epochs: null                                                  
│         save_on_train_epoch_end: null                                         
│       model_summary:                                                          
│         _target_: lightning.pytorch.callbacks.RichModelSummary                
│         max_depth: 5                                                          
│       rich_progress_bar:                                                      
│         _target_: lightning.pytorch.callbacks.RichProgressBar                 
│       speed_monitor:                                                          
│         _target_: rl4co.utils.callbacks.speed_monitor.SpeedMonitor            
│         intra_step_time: true                                                 
│         inter_step_time: true                                                 
│         epoch_time: true                                                      
│       learning_rate_monitor:                                                  
│         _target_: lightning.pytorch.callbacks.LearningRateMonitor             
│         logging_interval: epoch                                               
│                                                                               
├── logger
│   └── wandb:                                                                  
│         _target_: lightning.pytorch.loggers.wandb.WandbLogger                 
│         save_dir: /home/athota/PARCO_2026_SRP/logs/train/runs/hcvrp_n100_m7/pa
│         offline: false                                                        
│         id: null                                                              
│         anonymous: null                                                       
│         project: parco-hcvrp                                                  
│         log_model: false                                                      
│         prefix: ''                                                            
│         group: hcvrp_n100_m7                                                  
│         tags:                                                                 
│         - parco                                                               
│         - hcvrp                                                               
│         - communication                                                       
│         job_type: ''                                                          
│         name: parco_wait_action                                               
│                                                                               
├── trainer
│   └── _target_: rl4co.utils.trainer.RL4COTrainer                              
│       default_root_dir: /home/athota/PARCO_2026_SRP/logs/train/runs/hcvrp_n100
│       gradient_clip_val: 1.0                                                  
│       accelerator: gpu                                                        
│       precision: 16-mixed                                                     
│       strategy:                                                               
│         _target_: lightning.pytorch.strategies.DDPStrategy                    
│         find_unused_parameters: true                                          
│         gradient_as_bucket_view: true                                         
│       check_val_every_n_epoch: 1                                              
│       deterministic: false                                                    
│       max_epochs: 100                                                         
│       accumulate_grad_batches: 8                                              
│                                                                               
├── paths
│   └── root_dir: /home/athota/PARCO_2026_SRP                                   
│       data_dir: /home/athota/PARCO_2026_SRP/data/                             
│       log_dir: /home/athota/PARCO_2026_SRP/logs/                              
│       output_dir: /home/athota/PARCO_2026_SRP/logs/train/runs/hcvrp_n100_m7/pa
│       work_dir: /home/athota/PARCO_2026_SRP                                   
│                                                                               
├── extras
│   └── ignore_warnings: false                                                  
│       enforce_tags: true                                                      
│       print_config: true                                                      
│                                                                               
├── mode
│   └── train                                                                   
├── tags
│   └── ['dev']                                                                 
├── train
│   └── True                                                                    
├── test
│   └── True                                                                    
├── compile
│   └── False                                                                   
├── ckpt_path
│   └── None                                                                    
├── seed
│   └── 1234                                                                    
├── matmul_precision
│   └── medium                                                                  
├── metrics
│   └── train:                                                                  
│       - loss                                                                  
│       - reward                                                                
│       val:                                                                    
│       - reward                                                                
│       test:                                                                   
│       - reward                                                                
│       log_on_step: true                                                       
│                                                                               
├── env
│   └── _target_: parco.envs.hcvrp.HCVRPEnv                                     
│       name: hcvrp                                                             
│       generator_params:                                                       
│         num_loc: 100                                                          
│         num_agents: 7                                                         
│       data_dir: /home/athota/PARCO_2026_SRP/data/hcvrp                        
│       val_file:                                                               
│       - n60_m3_seed24610.npz                                                  
│       - n60_m5_seed24610.npz                                                  
│       - n60_m7_seed24610.npz                                                  
│       - n80_m3_seed24610.npz                                                  
│       - n80_m5_seed24610.npz                                                  
│       - n80_m7_seed24610.npz                                                  
│       - n100_m3_seed24610.npz                                                 
│       - n100_m5_seed24610.npz                                                 
│       - n100_m7_seed24610.npz                                                 
│       val_dataloader_names:                                                   
│       - n60_m3                                                                
│       - n60_m5                                                                
│       - n60_m7                                                                
│       - n80_m3                                                                
│       - n80_m5                                                                
│       - n80_m7                                                                
│       - n100_m3                                                               
│       - n100_m5                                                               
│       - n100_m7                                                               
│       test_file:                                                              
│       - n60_m3_seed24610.npz                                                  
│       - n60_m5_seed24610.npz                                                  
│       - n60_m7_seed24610.npz                                                  
│       - n80_m3_seed24610.npz                                                  
│       - n80_m5_seed24610.npz                                                  
│       - n80_m7_seed24610.npz                                                  
│       - n100_m3_seed24610.npz                                                 
│       - n100_m5_seed24610.npz                                                 
│       - n100_m7_seed24610.npz                                                 
│       test_dataloader_names:                                                  
│       - n60_m3                                                                
│       - n60_m5                                                                
│       - n60_m7                                                                
│       - n80_m3                                                                
│       - n80_m5                                                                
│       - n80_m7                                                                
│       - n100_m3                                                               
│       - n100_m5                                                               
│       - n100_m7                                                               
│                                                                               
└── generator_params
    └── num_loc: 100                                                            
        num_agents: 7                                                           
                                                                                
[[36m2026-08-26 10:14:13,341[0m][[34m__main__[0m][[32mINFO[0m] - Instantiating environment <parco.envs.hcvrp.HCVRPEnv>[0m
[[36m2026-08-26 10:14:14,390[0m][[34m__main__[0m][[32mINFO[0m] - Instantiating model <parco.models.rl.PARCORLModule>[0m
[[36m2026-08-26 10:14:14,697[0m][[34mparco.models.policy[0m][[32mINFO[0m] - Initializing default PARCOEncoder[0m
[[36m2026-08-26 10:14:14,752[0m][[34mparco.models.policy[0m][[32mINFO[0m] - Initializing default PARCODecoder[0m
[[36m2026-08-26 10:14:14,829[0m][[34mrl4co.data.transforms[0m][[32mINFO[0m] - Features not passed, defaulting to 'locs'[0m
[[36m2026-08-26 10:14:14,829[0m][[34mrl4co.data.transforms[0m][[32mINFO[0m] - Features not passed, defaulting to 'locs'[0m
[[36m2026-08-26 10:14:14,830[0m][[34m__main__[0m][[32mINFO[0m] - Instantiating callbacks...[0m
[[36m2026-08-26 10:14:14,831[0m][[34mrl4co.utils.instantiators[0m][[32mINFO[0m] - Instantiating callback <lightning.pytorch.callbacks.ModelCheckpoint>[0m
[[36m2026-08-26 10:14:14,839[0m][[34mrl4co.utils.instantiators[0m][[32mINFO[0m] - Instantiating callback <lightning.pytorch.callbacks.RichModelSummary>[0m
[[36m2026-08-26 10:14:14,839[0m][[34mrl4co.utils.instantiators[0m][[32mINFO[0m] - Instantiating callback <lightning.pytorch.callbacks.RichProgressBar>[0m
[[36m2026-08-26 10:14:14,839[0m][[34mrl4co.utils.instantiators[0m][[32mINFO[0m] - Instantiating callback <rl4co.utils.callbacks.speed_monitor.SpeedMonitor>[0m
[[36m2026-08-26 10:14:14,859[0m][[34mrl4co.utils.instantiators[0m][[32mINFO[0m] - Instantiating callback <lightning.pytorch.callbacks.LearningRateMonitor>[0m
[[36m2026-08-26 10:14:14,860[0m][[34m__main__[0m][[32mINFO[0m] - Instantiating loggers...[0m
[[36m2026-08-26 10:14:14,860[0m][[34mrl4co.utils.instantiators[0m][[32mINFO[0m] - Instantiating logger <lightning.pytorch.loggers.wandb.WandbLogger>[0m
[[36m2026-08-26 10:14:14,866[0m][[34m__main__[0m][[32mINFO[0m] - Instantiating trainer...[0m
[[36m2026-08-26 10:14:14,896[0m][[34m__main__[0m][[32mINFO[0m] - Logging hyperparameters![0m
[[36m2026-08-26 10:14:25,096[0m][[34m__main__[0m][[32mINFO[0m] - Starting training![0m
[[36m2026-08-26 10:14:27,114[0m][[34mrl4co.models.rl.common.base[0m][[32mINFO[0m] - Setting up batch sizes for train/val/test[0m
[[36m2026-08-26 10:14:27,115[0m][[34mrl4co.models.rl.common.base[0m][[32mINFO[0m] - Setting up datasets[0m
[[36m2026-08-26 10:14:29,307[0m][[34mrl4co.envs.common.base[0m][[32mINFO[0m] - Loading val dataset from ['/home/athota/PARCO_2026_SRP/data/hcvrp/n60_m3_seed24610.npz', '/home/athota/PARCO_2026_SRP/data/hcvrp/n60_m5_seed24610.npz', '/home/athota/PARCO_2026_SRP/data/hcvrp/n60_m7_seed24610.npz', '/home/athota/PARCO_2026_SRP/data/hcvrp/n80_m3_seed24610.npz', '/home/athota/PARCO_2026_SRP/data/hcvrp/n80_m5_seed24610.npz', '/home/athota/PARCO_2026_SRP/data/hcvrp/n80_m7_seed24610.npz', '/home/athota/PARCO_2026_SRP/data/hcvrp/n100_m3_seed24610.npz', '/home/athota/PARCO_2026_SRP/data/hcvrp/n100_m5_seed24610.npz', '/home/athota/PARCO_2026_SRP/data/hcvrp/n100_m7_seed24610.npz'][0m
[[36m2026-08-26 10:14:30,053[0m][[34mrl4co.envs.common.base[0m][[32mINFO[0m] - Loading test dataset from ['/home/athota/PARCO_2026_SRP/data/hcvrp/n60_m3_seed24610.npz', '/home/athota/PARCO_2026_SRP/data/hcvrp/n60_m5_seed24610.npz', '/home/athota/PARCO_2026_SRP/data/hcvrp/n60_m7_seed24610.npz', '/home/athota/PARCO_2026_SRP/data/hcvrp/n80_m3_seed24610.npz', '/home/athota/PARCO_2026_SRP/data/hcvrp/n80_m5_seed24610.npz', '/home/athota/PARCO_2026_SRP/data/hcvrp/n80_m7_seed24610.npz', '/home/athota/PARCO_2026_SRP/data/hcvrp/n100_m3_seed24610.npz', '/home/athota/PARCO_2026_SRP/data/hcvrp/n100_m5_seed24610.npz', '/home/athota/PARCO_2026_SRP/data/hcvrp/n100_m7_seed24610.npz'][0m
[[36m2026-08-26 10:14:30,304[0m][[34mrl4co.models.rl.common.base[0m][[32mINFO[0m] - Instantiating optimizer <Adam>[0m
[[36m2026-08-26 10:14:30,305[0m][[34mrl4co.models.rl.common.base[0m][[32mINFO[0m] - Instantiating LR scheduler <MultiStepLR>[0m
┏━━━━┳━━━━━━━━━━━━━━━━━━━━━━━━━━━━━━━━━━━━━━━━━━━━━━━━━━━━━━━━━┳━━━━┳━━━━━┳━━━━┓
┃    ┃ Name                                                    ┃ T… ┃ Pa… ┃ M… ┃
┡━━━━╇━━━━━━━━━━━━━━━━━━━━━━━━━━━━━━━━━━━━━━━━━━━━━━━━━━━━━━━━━╇━━━━╇━━━━━╇━━━━┩
│ 0  │ env                                                     │ H… │   0 │ t… │
│ 1  │ policy                                                  │ P… │ 1.3 │ t… │
│    │                                                         │    │   M │    │
│ 2  │ policy.encoder                                          │ P… │ 839 │ t… │
│    │                                                         │    │   K │    │
│ 3  │ policy.encoder.init_embedding                           │ H… │ 50… │ t… │
│    │                                                         │    │   K │    │
│ 4  │ policy.encoder.init_embedding.init_embed_depot          │ L… │ 256 │ t… │
│ 5  │ policy.encoder.init_embedding.pos_encoder               │ P… │   0 │ t… │
│ 6  │ policy.encoder.init_embedding.pos_embedding_proj        │ L… │ 16… │ t… │
│    │                                                         │    │   K │    │
│ 7  │ policy.encoder.init_embedding.init_embed_agents         │ L… │ 512 │ t… │
│ 8  │ policy.encoder.init_embedding.init_embed_depot_agents   │ L… │ 32… │ t… │
│    │                                                         │    │   K │    │
│ 9  │ policy.encoder.init_embedding.init_embed_clients        │ L… │ 640 │ t… │
│ 10 │ policy.encoder.layers                                   │ S… │ 788 │ t… │
│    │                                                         │    │   K │    │
│ 11 │ policy.encoder.layers.0                                 │ T… │ 262 │ t… │
│    │                                                         │    │   K │    │
│ 12 │ policy.encoder.layers.0.norm_attn                       │ N… │ 128 │ t… │
│ 13 │ policy.encoder.layers.0.attention                       │ M… │ 66… │ t… │
│    │                                                         │    │   K │    │
│ 14 │ policy.encoder.layers.0.norm_ffn                        │ N… │ 128 │ t… │
│ 15 │ policy.encoder.layers.0.ffn                             │ P… │ 196 │ t… │
│    │                                                         │    │   K │    │
│ 16 │ policy.encoder.layers.1                                 │ T… │ 262 │ t… │
│    │                                                         │    │   K │    │
│ 17 │ policy.encoder.layers.1.norm_attn                       │ N… │ 128 │ t… │
│ 18 │ policy.encoder.layers.1.attention                       │ M… │ 66… │ t… │
│    │                                                         │    │   K │    │
│ 19 │ policy.encoder.layers.1.norm_ffn                        │ N… │ 128 │ t… │
│ 20 │ policy.encoder.layers.1.ffn                             │ P… │ 196 │ t… │
│    │                                                         │    │   K │    │
│ 21 │ policy.encoder.layers.2                                 │ T… │ 262 │ t… │
│    │                                                         │    │   K │    │
│ 22 │ policy.encoder.layers.2.norm_attn                       │ N… │ 128 │ t… │
│ 23 │ policy.encoder.layers.2.attention                       │ M… │ 66… │ t… │
│    │                                                         │    │   K │    │
│ 24 │ policy.encoder.layers.2.norm_ffn                        │ N… │ 128 │ t… │
│ 25 │ policy.encoder.layers.2.ffn                             │ P… │ 196 │ t… │
│    │                                                         │    │   K │    │
│ 26 │ policy.encoder.norm                                     │ N… │ 128 │ t… │
│ 27 │ policy.encoder.norm.normalizer                          │ R… │ 128 │ t… │
│ 28 │ policy.decoder                                          │ P… │ 411 │ t… │
│    │                                                         │    │   K │    │
│ 29 │ policy.decoder.context_embedding                        │ H… │ 329 │ t… │
│    │                                                         │    │   K │    │
│ 30 │ policy.decoder.context_embedding.proj_agent_feats       │ L… │ 384 │ t… │
│ 31 │ policy.decoder.context_embedding.proj_global_feats      │ L… │ 128 │ t… │
│ 32 │ policy.decoder.context_embedding.project_context        │ L… │ 65… │ t… │
│    │                                                         │    │   K │    │
│ 33 │ policy.decoder.context_embedding.communication_layers   │ S… │ 262 │ t… │
│    │                                                         │    │   K │    │
│ 34 │ policy.decoder.context_embedding.communication_layers.0 │ T… │ 262 │ t… │
│    │                                                         │    │   K │    │
│ 35 │ policy.decoder.context_embedding.norm                   │ N… │ 128 │ t… │
│ 36 │ policy.decoder.context_embedding.norm.normalizer        │ R… │ 128 │ t… │
│ 37 │ policy.decoder.dynamic_embedding                        │ S… │   0 │ t… │
│ 38 │ policy.decoder.pointer                                  │ P… │ 16… │ t… │
│    │                                                         │    │   K │    │
│ 39 │ policy.decoder.pointer.project_out                      │ L… │ 16… │ t… │
│    │                                                         │    │   K │    │
│ 40 │ policy.decoder.project_node_embeddings                  │ L… │ 49… │ t… │
│    │                                                         │    │   K │    │
│ 41 │ policy.decoder.project_fixed_context                    │ L… │ 16… │ t… │
│    │                                                         │    │   K │    │
│ 42 │ baseline                                                │ N… │   0 │ t… │
│ 43 │ projection_head                                         │ M… │ 33… │ t… │
│    │                                                         │    │   K │    │
│ 44 │ projection_head.0                                       │ L… │ 16… │ t… │
│    │                                                         │    │   K │    │
│ 45 │ projection_head.1                                       │ R… │   0 │ t… │
│ 46 │ projection_head.2                                       │ L… │ 16… │ t… │
│    │                                                         │    │   K │    │
└────┴─────────────────────────────────────────────────────────┴────┴─────┴────┘
Trainable params: 1.3 M                                                         
Non-trainable params: 0                                                         
Total params: 1.3 M                                                             
Total estimated model params size (MB): 5                                       
Modules in train mode: 79                                                       
Modules in eval mode: 0                                                         
[[36m2026-08-26 11:07:02,156[0m][[34mparco.models.policy[0m][[31mERROR[0m] - Exceeded maximum number of steps (1000000) during decoding[0m
[[36m2026-08-26 11:59:08,097[0m][[34mparco.models.policy[0m][[31mERROR[0m] - Exceeded maximum number of steps (1000000) during decoding[0m
[[36m2026-08-26 12:51:53,968[0m][[34mparco.models.policy[0m][[31mERROR[0m] - Exceeded maximum number of steps (1000000) during decoding[0m
[[36m2026-08-26 13:43:39,830[0m][[34mparco.models.policy[0m][[31mERROR[0m] - Exceeded maximum number of steps (1000000) during decoding[0m
[[36m2026-08-26 14:37:28,246[0m][[34mparco.models.policy[0m][[31mERROR[0m] - Exceeded maximum number of steps (1000000) during decoding[0m
[[36m2026-08-26 15:29:41,664[0m][[34mparco.models.policy[0m][[31mERROR[0m] - Exceeded maximum number of steps (1000000) during decoding[0m
[[36m2026-08-26 16:22:52,072[0m][[34mparco.models.policy[0m][[31mERROR[0m] - Exceeded maximum number of steps (1000000) during decoding[0m
[[36m2026-08-26 17:15:15,004[0m][[34mparco.models.policy[0m][[31mERROR[0m] - Exceeded maximum number of steps (1000000) during decoding[0m
[[36m2026-08-26 18:07:44,499[0m][[34mparco.models.policy[0m][[31mERROR[0m] - Exceeded maximum number of steps (1000000) during decoding[0m
[[36m2026-08-26 18:59:45,684[0m][[34mparco.models.policy[0m][[31mERROR[0m] - Exceeded maximum number of steps (1000000) during decoding[0m
[[36m2026-08-26 19:52:36,432[0m][[34mparco.models.policy[0m][[31mERROR[0m] - Exceeded maximum number of steps (1000000) during decoding[0m
[[36m2026-08-26 20:44:59,222[0m][[34mparco.models.policy[0m][[31mERROR[0m] - Exceeded maximum number of steps (1000000) during decoding[0m
[[36m2026-08-26 21:38:26,089[0m][[34mparco.models.policy[0m][[31mERROR[0m] - Exceeded maximum number of steps (1000000) during decoding[0m
[[36m2026-08-26 22:30:25,417[0m][[34mparco.models.policy[0m][[31mERROR[0m] - Exceeded maximum number of steps (1000000) during decoding[0m
[[36m2026-08-26 23:24:01,035[0m][[34mparco.models.policy[0m][[31mERROR[0m] - Exceeded maximum number of steps (1000000) during decoding[0m
[[36m2026-08-27 00:16:57,901[0m][[34mparco.models.policy[0m][[31mERROR[0m] - Exceeded maximum number of steps (1000000) during decoding[0m
[[36m2026-08-27 01:10:02,978[0m][[34mparco.models.policy[0m][[31mERROR[0m] - Exceeded maximum number of steps (1000000) during decoding[0m
[[36m2026-08-27 02:02:40,721[0m][[34mparco.models.policy[0m][[31mERROR[0m] - Exceeded maximum number of steps (1000000) during decoding[0m
Epoch 0/99                         0/6250 0:00:00 • -:--:-- 0.00it/s v_num: s6zk
[[36m2026-08-27 02:04:58,909[0m][[34mrl4co.utils.utils[0m][[31mERROR[0m] - [0m
Traceback (most recent call last):
  File "/home/athota/PARCO_2026_SRP/.venv/lib/python3.13/site-packages/rl4co/utils/utils.py", line 41, in wrap
    metric_dict, object_dict = task_func(cfg=cfg)
                               ~~~~~~~~~^^^^^^^^^
  File "/home/athota/PARCO_2026_SRP/train.py", line 76, in run
    trainer.fit(model=model, ckpt_path=cfg.get("ckpt_path"))
    ~~~~~~~~~~~^^^^^^^^^^^^^^^^^^^^^^^^^^^^^^^^^^^^^^^^^^^^^
  File "/home/athota/PARCO_2026_SRP/.venv/lib/python3.13/site-packages/rl4co/utils/trainer.py", line 146, in fit
    super().fit(
    ~~~~~~~~~~~^
        model=model,
        ^^^^^^^^^^^^
    ...<3 lines>...
        ckpt_path=ckpt_path,
        ^^^^^^^^^^^^^^^^^^^^
    )
    ^
  File "/home/athota/PARCO_2026_SRP/.venv/lib/python3.13/site-packages/lightning/pytorch/trainer/trainer.py", line 561, in fit
    call._call_and_handle_interrupt(
    ~~~~~~~~~~~~~~~~~~~~~~~~~~~~~~~^
        self, self._fit_impl, model, train_dataloaders, val_dataloaders, datamodule, ckpt_path
        ^^^^^^^^^^^^^^^^^^^^^^^^^^^^^^^^^^^^^^^^^^^^^^^^^^^^^^^^^^^^^^^^^^^^^^^^^^^^^^^^^^^^^^
    )
    ^
  File "/home/athota/PARCO_2026_SRP/.venv/lib/python3.13/site-packages/lightning/pytorch/trainer/call.py", line 47, in _call_and_handle_interrupt
    return trainer.strategy.launcher.launch(trainer_fn, *args, trainer=trainer, **kwargs)
           ~~~~~~~~~~~~~~~~~~~~~~~~~~~~~~~~^^^^^^^^^^^^^^^^^^^^^^^^^^^^^^^^^^^^^^^^^^^^^^
  File "/home/athota/PARCO_2026_SRP/.venv/lib/python3.13/site-packages/lightning/pytorch/strategies/launchers/subprocess_script.py", line 105, in launch
    return function(*args, **kwargs)
  File "/home/athota/PARCO_2026_SRP/.venv/lib/python3.13/site-packages/lightning/pytorch/trainer/trainer.py", line 599, in _fit_impl
    self._run(model, ckpt_path=ckpt_path)
    ~~~~~~~~~^^^^^^^^^^^^^^^^^^^^^^^^^^^^
  File "/home/athota/PARCO_2026_SRP/.venv/lib/python3.13/site-packages/lightning/pytorch/trainer/trainer.py", line 1012, in _run
    results = self._run_stage()
  File "/home/athota/PARCO_2026_SRP/.venv/lib/python3.13/site-packages/lightning/pytorch/trainer/trainer.py", line 1056, in _run_stage
    self.fit_loop.run()
    ~~~~~~~~~~~~~~~~~^^
  File "/home/athota/PARCO_2026_SRP/.venv/lib/python3.13/site-packages/lightning/pytorch/loops/fit_loop.py", line 216, in run
    self.advance()
    ~~~~~~~~~~~~^^
  File "/home/athota/PARCO_2026_SRP/.venv/lib/python3.13/site-packages/lightning/pytorch/loops/fit_loop.py", line 455, in advance
    self.epoch_loop.run(self._data_fetcher)
    ~~~~~~~~~~~~~~~~~~~^^^^^^^^^^^^^^^^^^^^
  File "/home/athota/PARCO_2026_SRP/.venv/lib/python3.13/site-packages/lightning/pytorch/loops/training_epoch_loop.py", line 150, in run
    self.advance(data_fetcher)
    ~~~~~~~~~~~~^^^^^^^^^^^^^^
  File "/home/athota/PARCO_2026_SRP/.venv/lib/python3.13/site-packages/lightning/pytorch/loops/training_epoch_loop.py", line 320, in advance
    batch_output = self.automatic_optimization.run(trainer.optimizers[0], batch_idx, kwargs)
  File "/home/athota/PARCO_2026_SRP/.venv/lib/python3.13/site-packages/lightning/pytorch/loops/optimization/automatic.py", line 185, in run
    closure()
    ~~~~~~~^^
  File "/home/athota/PARCO_2026_SRP/.venv/lib/python3.13/site-packages/lightning/pytorch/loops/optimization/automatic.py", line 146, in __call__
    self._result = self.closure(*args, **kwargs)
                   ~~~~~~~~~~~~^^^^^^^^^^^^^^^^^
  File "/home/athota/PARCO_2026_SRP/.venv/lib/python3.13/site-packages/torch/utils/_contextlib.py", line 116, in decorate_context
    return func(*args, **kwargs)
  File "/home/athota/PARCO_2026_SRP/.venv/lib/python3.13/site-packages/lightning/pytorch/loops/optimization/automatic.py", line 131, in closure
    step_output = self._step_fn()
  File "/home/athota/PARCO_2026_SRP/.venv/lib/python3.13/site-packages/lightning/pytorch/loops/optimization/automatic.py", line 329, in _training_step
    return self.output_result_cls.from_training_step_output(training_step_output, trainer.accumulate_grad_batches)
           ~~~~~~~~~~~~~~~~~~~~~~~~~~~~~~~~~~~~~~~~~~~~~~~~^^^^^^^^^^^^^^^^^^^^^^^^^^^^^^^^^^^^^^^^^^^^^^^^^^^^^^^
  File "/home/athota/PARCO_2026_SRP/.venv/lib/python3.13/site-packages/lightning/pytorch/loops/optimization/automatic.py", line 85, in from_training_step_output
    return cls(closure_loss, extra=extra)
  File "<string>", line 5, in __init__
  File "/home/athota/PARCO_2026_SRP/.venv/lib/python3.13/site-packages/lightning/pytorch/loops/optimization/automatic.py", line 54, in __post_init__
    self._clone_loss()
    ~~~~~~~~~~~~~~~~^^
  File "/home/athota/PARCO_2026_SRP/.venv/lib/python3.13/site-packages/lightning/pytorch/loops/optimization/automatic.py", line 59, in _clone_loss
    self.loss = self.closure_loss.detach().clone()
                ^^^^^^^^^^^^^^^^^^^^^^^^
AttributeError: 'float' object has no attribute 'detach'
[[36m2026-08-27 02:04:58,992[0m][[34mrl4co.utils.utils[0m][[32mINFO[0m] - Output dir: /home/athota/PARCO_2026_SRP/logs/train/runs/hcvrp_n100_m7/parco_wait_action/2026-08-26_10-14-13[0m
[[36m2026-08-27 02:04:58,992[0m][[34mrl4co.utils.utils[0m][[32mINFO[0m] - Closing loggers...[0m
[[36m2026-08-27 02:04:58,993[0m][[34mrl4co.utils.utils[0m][[32mINFO[0m] - Closing wandb![0m
