[[36m2026-08-13 20:14:23,652[0m][[34mrl4co.utils.utils[0m][[32mINFO[0m] - Enforcing tags! <cfg.extras.enforce_tags=True>[0m
[[36m2026-08-13 20:14:23,657[0m][[34mrl4co.utils.utils[0m][[32mINFO[0m] - Printing config tree with Rich! <cfg.extras.print_config=True>[0m
CONFIG
├── model
│   └── _target_: parco.models.rl.PARCORLModule                                 
│       metrics:                                                                
│         train:                                                                
│         - loss                                                                
│         - reward                                                              
│         - halting_ratio                                                       
│         - pos_ratio                                                           
│         val:                                                                  
│         - reward                                                              
│         - halting_ratio                                                       
│         - pos_ratio                                                           
│         test:                                                                 
│         - reward                                                              
│         - halting_ratio                                                       
│         - pos_ratio                                                           
│         log_on_step: true                                                     
│       policy:                                                                 
│         _target_: parco.models.policy.PARCOPolicy                             
│         env_name: hcvrp                                                       
│         agent_handler: highprob                                               
│         embed_dim: 128                                                        
│         norm_after: false                                                     
│         normalization: rms                                                    
│         use_final_norm: true                                                  
│         parallel_gated_kwargs:                                                
│           mlp_activation: silu                                                
│         context_embedding_kwargs:                                             
│           normalization: rms                                                  
│           norm_after: false                                                   
│           use_final_norm: true                                                
│           parallel_gated_kwargs:                                              
│             mlp_activation: silu                                              
│         tanh_clip_mode: scaled                                                
│         tanh_clipping: 10                                                     
│       batch_size: 16                                                          
│       val_batch_size: 16                                                      
│       test_batch_size: 16                                                     
│       train_data_size: 100000                                                 
│       val_data_size: 10000                                                    
│       test_data_size: 10000                                                   
│       optimizer_kwargs:                                                       
│         lr: 0.0001                                                            
│         weight_decay: 0.0                                                     
│       lr_scheduler: MultiStepLR                                               
│       lr_scheduler_kwargs:                                                    
│         milestones:                                                           
│         - 80                                                                  
│         - 95                                                                  
│         gamma: 0.1                                                            
│       num_augment: 4                                                          
│       train_min_agents: 3                                                     
│       train_max_agents: 7                                                     
│       train_min_size: 60                                                      
│       train_max_size: 100                                                     
│       dataloader_num_workers: 7                                               
│                                                                               
├── callbacks
│   └── model_checkpoint:                                                       
│         _target_: lightning.pytorch.callbacks.ModelCheckpoint                 
│         dirpath: /home/athota/PARCO_2026_SRP/logs/train/runs/hcvrp_n100_m7/par
│         filename: epoch_{epoch:03d}                                           
│         monitor: null                                                         
│         verbose: false                                                        
│         save_last: true                                                       
│         save_top_k: 1                                                         
│         mode: max                                                             
│         auto_insert_metric_name: false                                        
│         save_weights_only: false                                              
│         every_n_train_steps: null                                             
│         train_time_interval: null                                             
│         every_n_epochs: null                                                  
│         save_on_train_epoch_end: null                                         
│       model_summary:                                                          
│         _target_: lightning.pytorch.callbacks.RichModelSummary                
│         max_depth: 5                                                          
│       rich_progress_bar:                                                      
│         _target_: lightning.pytorch.callbacks.RichProgressBar                 
│       speed_monitor:                                                          
│         _target_: rl4co.utils.callbacks.speed_monitor.SpeedMonitor            
│         intra_step_time: true                                                 
│         inter_step_time: true                                                 
│         epoch_time: true                                                      
│       learning_rate_monitor:                                                  
│         _target_: lightning.pytorch.callbacks.LearningRateMonitor             
│         logging_interval: epoch                                               
│                                                                               
├── logger
│   └── wandb:                                                                  
│         _target_: lightning.pytorch.loggers.wandb.WandbLogger                 
│         save_dir: /home/athota/PARCO_2026_SRP/logs/train/runs/hcvrp_n100_m7/pa
│         offline: false                                                        
│         id: null                                                              
│         anonymous: null                                                       
│         project: parco-hcvrp                                                  
│         log_model: false                                                      
│         prefix: ''                                                            
│         group: hcvrp_n100_m7                                                  
│         tags:                                                                 
│         - parco                                                               
│         - hcvrp                                                               
│         - communication                                                       
│         job_type: ''                                                          
│         name: parco_tanh_scaled_c10                                           
│                                                                               
├── trainer
│   └── _target_: rl4co.utils.trainer.RL4COTrainer                              
│       default_root_dir: /home/athota/PARCO_2026_SRP/logs/train/runs/hcvrp_n100
│       gradient_clip_val: 1.0                                                  
│       accelerator: gpu                                                        
│       precision: 16-mixed                                                     
│       strategy:                                                               
│         _target_: lightning.pytorch.strategies.DDPStrategy                    
│         find_unused_parameters: true                                          
│         gradient_as_bucket_view: true                                         
│       check_val_every_n_epoch: 1                                              
│       deterministic: false                                                    
│       max_epochs: 100                                                         
│       accumulate_grad_batches: 8                                              
│                                                                               
├── paths
│   └── root_dir: /home/athota/PARCO_2026_SRP                                   
│       data_dir: /home/athota/PARCO_2026_SRP/data/                             
│       log_dir: /home/athota/PARCO_2026_SRP/logs/                              
│       output_dir: /home/athota/PARCO_2026_SRP/logs/train/runs/hcvrp_n100_m7/pa
│       work_dir: /home/athota/PARCO_2026_SRP                                   
│                                                                               
├── extras
│   └── ignore_warnings: false                                                  
│       enforce_tags: true                                                      
│       print_config: true                                                      
│                                                                               
├── mode
│   └── train                                                                   
├── tags
│   └── ['dev']                                                                 
├── train
│   └── True                                                                    
├── test
│   └── True                                                                    
├── compile
│   └── False                                                                   
├── ckpt_path
│   └── None                                                                    
├── seed
│   └── 1234                                                                    
├── matmul_precision
│   └── medium                                                                  
├── metrics
│   └── train:                                                                  
│       - loss                                                                  
│       - reward                                                                
│       val:                                                                    
│       - reward                                                                
│       test:                                                                   
│       - reward                                                                
│       log_on_step: true                                                       
│                                                                               
├── env
│   └── _target_: parco.envs.hcvrp.HCVRPEnv                                     
│       name: hcvrp                                                             
│       generator_params:                                                       
│         num_loc: 100                                                          
│         num_agents: 7                                                         
│       data_dir: /home/athota/PARCO_2026_SRP/data/hcvrp                        
│       val_file:                                                               
│       - n60_m3_seed24610.npz                                                  
│       - n60_m5_seed24610.npz                                                  
│       - n60_m7_seed24610.npz                                                  
│       - n80_m3_seed24610.npz                                                  
│       - n80_m5_seed24610.npz                                                  
│       - n80_m7_seed24610.npz                                                  
│       - n100_m3_seed24610.npz                                                 
│       - n100_m5_seed24610.npz                                                 
│       - n100_m7_seed24610.npz                                                 
│       val_dataloader_names:                                                   
│       - n60_m3                                                                
│       - n60_m5                                                                
│       - n60_m7                                                                
│       - n80_m3                                                                
│       - n80_m5                                                                
│       - n80_m7                                                                
│       - n100_m3                                                               
│       - n100_m5                                                               
│       - n100_m7                                                               
│       test_file:                                                              
│       - n60_m3_seed24610.npz                                                  
│       - n60_m5_seed24610.npz                                                  
│       - n60_m7_seed24610.npz                                                  
│       - n80_m3_seed24610.npz                                                  
│       - n80_m5_seed24610.npz                                                  
│       - n80_m7_seed24610.npz                                                  
│       - n100_m3_seed24610.npz                                                 
│       - n100_m5_seed24610.npz                                                 
│       - n100_m7_seed24610.npz                                                 
│       test_dataloader_names:                                                  
│       - n60_m3                                                                
│       - n60_m5                                                                
│       - n60_m7                                                                
│       - n80_m3                                                                
│       - n80_m5                                                                
│       - n80_m7                                                                
│       - n100_m3                                                               
│       - n100_m5                                                               
│       - n100_m7                                                               
│                                                                               
└── generator_params
    └── num_loc: 100                                                            
        num_agents: 7                                                           
                                                                                
[[36m2026-08-13 20:14:23,714[0m][[34m__main__[0m][[32mINFO[0m] - Instantiating environment <parco.envs.hcvrp.HCVRPEnv>[0m
[[36m2026-08-13 20:14:24,315[0m][[34m__main__[0m][[32mINFO[0m] - Instantiating model <parco.models.rl.PARCORLModule>[0m
[[36m2026-08-13 20:14:24,422[0m][[34mparco.models.policy[0m][[32mINFO[0m] - Initializing default PARCOEncoder[0m
[[36m2026-08-13 20:14:24,515[0m][[34mparco.models.policy[0m][[32mINFO[0m] - Initializing default PARCODecoder[0m
[[36m2026-08-13 20:14:24,579[0m][[34mrl4co.data.transforms[0m][[32mINFO[0m] - Features not passed, defaulting to 'locs'[0m
[[36m2026-08-13 20:14:24,579[0m][[34mrl4co.data.transforms[0m][[32mINFO[0m] - Features not passed, defaulting to 'locs'[0m
[[36m2026-08-13 20:14:24,580[0m][[34m__main__[0m][[32mINFO[0m] - Instantiating callbacks...[0m
[[36m2026-08-13 20:14:24,581[0m][[34mrl4co.utils.instantiators[0m][[32mINFO[0m] - Instantiating callback <lightning.pytorch.callbacks.ModelCheckpoint>[0m
[[36m2026-08-13 20:14:24,586[0m][[34mrl4co.utils.instantiators[0m][[32mINFO[0m] - Instantiating callback <lightning.pytorch.callbacks.RichModelSummary>[0m
[[36m2026-08-13 20:14:24,586[0m][[34mrl4co.utils.instantiators[0m][[32mINFO[0m] - Instantiating callback <lightning.pytorch.callbacks.RichProgressBar>[0m
[[36m2026-08-13 20:14:24,587[0m][[34mrl4co.utils.instantiators[0m][[32mINFO[0m] - Instantiating callback <rl4co.utils.callbacks.speed_monitor.SpeedMonitor>[0m
[[36m2026-08-13 20:14:24,588[0m][[34mrl4co.utils.instantiators[0m][[32mINFO[0m] - Instantiating callback <lightning.pytorch.callbacks.LearningRateMonitor>[0m
[[36m2026-08-13 20:14:24,589[0m][[34m__main__[0m][[32mINFO[0m] - Instantiating loggers...[0m
[[36m2026-08-13 20:14:24,589[0m][[34mrl4co.utils.instantiators[0m][[32mINFO[0m] - Instantiating logger <lightning.pytorch.loggers.wandb.WandbLogger>[0m
[[36m2026-08-13 20:14:24,593[0m][[34m__main__[0m][[32mINFO[0m] - Instantiating trainer...[0m
[[36m2026-08-13 20:14:24,620[0m][[34m__main__[0m][[32mINFO[0m] - Logging hyperparameters![0m
[[36m2026-08-13 20:14:26,327[0m][[34m__main__[0m][[32mINFO[0m] - Starting training![0m
[[36m2026-08-13 20:15:07,098[0m][[34mrl4co.models.rl.common.base[0m][[32mINFO[0m] - Setting up batch sizes for train/val/test[0m
[[36m2026-08-13 20:15:07,098[0m][[34mrl4co.models.rl.common.base[0m][[32mINFO[0m] - Setting up datasets[0m
[[36m2026-08-13 20:15:09,103[0m][[34mrl4co.envs.common.base[0m][[32mINFO[0m] - Loading val dataset from ['/home/athota/PARCO_2026_SRP/data/hcvrp/n60_m3_seed24610.npz', '/home/athota/PARCO_2026_SRP/data/hcvrp/n60_m5_seed24610.npz', '/home/athota/PARCO_2026_SRP/data/hcvrp/n60_m7_seed24610.npz', '/home/athota/PARCO_2026_SRP/data/hcvrp/n80_m3_seed24610.npz', '/home/athota/PARCO_2026_SRP/data/hcvrp/n80_m5_seed24610.npz', '/home/athota/PARCO_2026_SRP/data/hcvrp/n80_m7_seed24610.npz', '/home/athota/PARCO_2026_SRP/data/hcvrp/n100_m3_seed24610.npz', '/home/athota/PARCO_2026_SRP/data/hcvrp/n100_m5_seed24610.npz', '/home/athota/PARCO_2026_SRP/data/hcvrp/n100_m7_seed24610.npz'][0m
[[36m2026-08-13 20:15:09,556[0m][[34mrl4co.envs.common.base[0m][[32mINFO[0m] - Loading test dataset from ['/home/athota/PARCO_2026_SRP/data/hcvrp/n60_m3_seed24610.npz', '/home/athota/PARCO_2026_SRP/data/hcvrp/n60_m5_seed24610.npz', '/home/athota/PARCO_2026_SRP/data/hcvrp/n60_m7_seed24610.npz', '/home/athota/PARCO_2026_SRP/data/hcvrp/n80_m3_seed24610.npz', '/home/athota/PARCO_2026_SRP/data/hcvrp/n80_m5_seed24610.npz', '/home/athota/PARCO_2026_SRP/data/hcvrp/n80_m7_seed24610.npz', '/home/athota/PARCO_2026_SRP/data/hcvrp/n100_m3_seed24610.npz', '/home/athota/PARCO_2026_SRP/data/hcvrp/n100_m5_seed24610.npz', '/home/athota/PARCO_2026_SRP/data/hcvrp/n100_m7_seed24610.npz'][0m
[[36m2026-08-13 20:15:09,719[0m][[34mrl4co.models.rl.common.base[0m][[32mINFO[0m] - Instantiating optimizer <Adam>[0m
[[36m2026-08-13 20:15:09,720[0m][[34mrl4co.models.rl.common.base[0m][[32mINFO[0m] - Instantiating LR scheduler <MultiStepLR>[0m
┏━━━━┳━━━━━━━━━━━━━━━━━━━━━━━━━━━━━━━━━━━━━━━━━━━━━━━━━━━━━━━━━┳━━━━┳━━━━━┳━━━━┓
┃    ┃ Name                                                    ┃ T… ┃ Pa… ┃ M… ┃
┡━━━━╇━━━━━━━━━━━━━━━━━━━━━━━━━━━━━━━━━━━━━━━━━━━━━━━━━━━━━━━━━╇━━━━╇━━━━━╇━━━━┩
│ 0  │ env                                                     │ H… │   0 │ t… │
│ 1  │ policy                                                  │ P… │ 1.3 │ t… │
│    │                                                         │    │   M │    │
│ 2  │ policy.encoder                                          │ P… │ 839 │ t… │
│    │                                                         │    │   K │    │
│ 3  │ policy.encoder.init_embedding                           │ H… │ 50… │ t… │
│    │                                                         │    │   K │    │
│ 4  │ policy.encoder.init_embedding.init_embed_depot          │ L… │ 256 │ t… │
│ 5  │ policy.encoder.init_embedding.pos_encoder               │ P… │   0 │ t… │
│ 6  │ policy.encoder.init_embedding.pos_embedding_proj        │ L… │ 16… │ t… │
│    │                                                         │    │   K │    │
│ 7  │ policy.encoder.init_embedding.init_embed_agents         │ L… │ 512 │ t… │
│ 8  │ policy.encoder.init_embedding.init_embed_depot_agents   │ L… │ 32… │ t… │
│    │                                                         │    │   K │    │
│ 9  │ policy.encoder.init_embedding.init_embed_clients        │ L… │ 640 │ t… │
│ 10 │ policy.encoder.layers                                   │ S… │ 788 │ t… │
│    │                                                         │    │   K │    │
│ 11 │ policy.encoder.layers.0                                 │ T… │ 262 │ t… │
│    │                                                         │    │   K │    │
│ 12 │ policy.encoder.layers.0.norm_attn                       │ N… │ 128 │ t… │
│ 13 │ policy.encoder.layers.0.attention                       │ M… │ 66… │ t… │
│    │                                                         │    │   K │    │
│ 14 │ policy.encoder.layers.0.norm_ffn                        │ N… │ 128 │ t… │
│ 15 │ policy.encoder.layers.0.ffn                             │ P… │ 196 │ t… │
│    │                                                         │    │   K │    │
│ 16 │ policy.encoder.layers.1                                 │ T… │ 262 │ t… │
│    │                                                         │    │   K │    │
│ 17 │ policy.encoder.layers.1.norm_attn                       │ N… │ 128 │ t… │
│ 18 │ policy.encoder.layers.1.attention                       │ M… │ 66… │ t… │
│    │                                                         │    │   K │    │
│ 19 │ policy.encoder.layers.1.norm_ffn                        │ N… │ 128 │ t… │
│ 20 │ policy.encoder.layers.1.ffn                             │ P… │ 196 │ t… │
│    │                                                         │    │   K │    │
│ 21 │ policy.encoder.layers.2                                 │ T… │ 262 │ t… │
│    │                                                         │    │   K │    │
│ 22 │ policy.encoder.layers.2.norm_attn                       │ N… │ 128 │ t… │
│ 23 │ policy.encoder.layers.2.attention                       │ M… │ 66… │ t… │
│    │                                                         │    │   K │    │
│ 24 │ policy.encoder.layers.2.norm_ffn                        │ N… │ 128 │ t… │
│ 25 │ policy.encoder.layers.2.ffn                             │ P… │ 196 │ t… │
│    │                                                         │    │   K │    │
│ 26 │ policy.encoder.norm                                     │ N… │ 128 │ t… │
│ 27 │ policy.encoder.norm.normalizer                          │ R… │ 128 │ t… │
│ 28 │ policy.decoder                                          │ P… │ 411 │ t… │
│    │                                                         │    │   K │    │
│ 29 │ policy.decoder.context_embedding                        │ H… │ 329 │ t… │
│    │                                                         │    │   K │    │
│ 30 │ policy.decoder.context_embedding.proj_agent_feats       │ L… │ 384 │ t… │
│ 31 │ policy.decoder.context_embedding.proj_global_feats      │ L… │ 128 │ t… │
│ 32 │ policy.decoder.context_embedding.project_context        │ L… │ 65… │ t… │
│    │                                                         │    │   K │    │
│ 33 │ policy.decoder.context_embedding.communication_layers   │ S… │ 262 │ t… │
│    │                                                         │    │   K │    │
│ 34 │ policy.decoder.context_embedding.communication_layers.0 │ T… │ 262 │ t… │
│    │                                                         │    │   K │    │
│ 35 │ policy.decoder.context_embedding.norm                   │ N… │ 128 │ t… │
│ 36 │ policy.decoder.context_embedding.norm.normalizer        │ R… │ 128 │ t… │
│ 37 │ policy.decoder.dynamic_embedding                        │ S… │   0 │ t… │
│ 38 │ policy.decoder.pointer                                  │ P… │ 16… │ t… │
│    │                                                         │    │   K │    │
│ 39 │ policy.decoder.pointer.project_out                      │ L… │ 16… │ t… │
│    │                                                         │    │   K │    │
│ 40 │ policy.decoder.project_node_embeddings                  │ L… │ 49… │ t… │
│    │                                                         │    │   K │    │
│ 41 │ policy.decoder.project_fixed_context                    │ L… │ 16… │ t… │
│    │                                                         │    │   K │    │
│ 42 │ baseline                                                │ N… │   0 │ t… │
│ 43 │ projection_head                                         │ M… │ 33… │ t… │
│    │                                                         │    │   K │    │
│ 44 │ projection_head.0                                       │ L… │ 16… │ t… │
│    │                                                         │    │   K │    │
│ 45 │ projection_head.1                                       │ R… │   0 │ t… │
│ 46 │ projection_head.2                                       │ L… │ 16… │ t… │
│    │                                                         │    │   K │    │
└────┴─────────────────────────────────────────────────────────┴────┴─────┴────┘
Trainable params: 1.3 M                                                         
Non-trainable params: 0                                                         
Total params: 1.3 M                                                             
Total estimated model params size (MB): 5                                       
Modules in train mode: 79                                                       
Modules in eval mode: 0                                                         
[[36m2026-08-13 20:31:56,826[0m][[34mrl4co.models.rl.common.base[0m][[32mINFO[0m] - Generating training dataset for next epoch...[0m
[[36m2026-08-13 20:46:12,067[0m][[34mrl4co.models.rl.common.base[0m][[32mINFO[0m] - Generating training dataset for next epoch...[0m
[[36m2026-08-13 21:01:07,601[0m][[34mrl4co.models.rl.common.base[0m][[32mINFO[0m] - Generating training dataset for next epoch...[0m
[[36m2026-08-13 21:17:08,577[0m][[34mrl4co.models.rl.common.base[0m][[32mINFO[0m] - Generating training dataset for next epoch...[0m
[[36m2026-08-13 21:33:14,327[0m][[34mrl4co.models.rl.common.base[0m][[32mINFO[0m] - Generating training dataset for next epoch...[0m
[[36m2026-08-13 21:50:11,412[0m][[34mrl4co.models.rl.common.base[0m][[32mINFO[0m] - Generating training dataset for next epoch...[0m
[[36m2026-08-13 22:06:52,959[0m][[34mrl4co.models.rl.common.base[0m][[32mINFO[0m] - Generating training dataset for next epoch...[0m
[[36m2026-08-13 22:23:24,661[0m][[34mrl4co.models.rl.common.base[0m][[32mINFO[0m] - Generating training dataset for next epoch...[0m
[[36m2026-08-13 22:39:58,883[0m][[34mrl4co.models.rl.common.base[0m][[32mINFO[0m] - Generating training dataset for next epoch...[0m
[[36m2026-08-13 22:56:47,006[0m][[34mrl4co.models.rl.common.base[0m][[32mINFO[0m] - Generating training dataset for next epoch...[0m
[[36m2026-08-13 23:13:27,368[0m][[34mrl4co.models.rl.common.base[0m][[32mINFO[0m] - Generating training dataset for next epoch...[0m
[[36m2026-08-13 23:30:24,724[0m][[34mrl4co.models.rl.common.base[0m][[32mINFO[0m] - Generating training dataset for next epoch...[0m
[[36m2026-08-13 23:47:08,051[0m][[34mrl4co.models.rl.common.base[0m][[32mINFO[0m] - Generating training dataset for next epoch...[0m
[[36m2026-08-14 00:03:23,652[0m][[34mrl4co.models.rl.common.base[0m][[32mINFO[0m] - Generating training dataset for next epoch...[0m
[[36m2026-08-14 00:20:22,858[0m][[34mrl4co.models.rl.common.base[0m][[32mINFO[0m] - Generating training dataset for next epoch...[0m
[[36m2026-08-14 00:37:30,099[0m][[34mrl4co.models.rl.common.base[0m][[32mINFO[0m] - Generating training dataset for next epoch...[0m
[[36m2026-08-14 00:54:41,661[0m][[34mrl4co.models.rl.common.base[0m][[32mINFO[0m] - Generating training dataset for next epoch...[0m
[[36m2026-08-14 01:12:00,278[0m][[34mrl4co.models.rl.common.base[0m][[32mINFO[0m] - Generating training dataset for next epoch...[0m
[[36m2026-08-14 01:28:51,604[0m][[34mrl4co.models.rl.common.base[0m][[32mINFO[0m] - Generating training dataset for next epoch...[0m
[[36m2026-08-14 01:46:28,482[0m][[34mrl4co.models.rl.common.base[0m][[32mINFO[0m] - Generating training dataset for next epoch...[0m
[[36m2026-08-14 02:04:08,756[0m][[34mrl4co.models.rl.common.base[0m][[32mINFO[0m] - Generating training dataset for next epoch...[0m
[[36m2026-08-14 02:21:28,694[0m][[34mrl4co.models.rl.common.base[0m][[32mINFO[0m] - Generating training dataset for next epoch...[0m
[[36m2026-08-14 02:39:48,645[0m][[34mrl4co.models.rl.common.base[0m][[32mINFO[0m] - Generating training dataset for next epoch...[0m
[[36m2026-08-14 02:58:22,353[0m][[34mrl4co.models.rl.common.base[0m][[32mINFO[0m] - Generating training dataset for next epoch...[0m
[[36m2026-08-14 03:17:05,828[0m][[34mrl4co.models.rl.common.base[0m][[32mINFO[0m] - Generating training dataset for next epoch...[0m
[[36m2026-08-14 03:35:16,242[0m][[34mrl4co.models.rl.common.base[0m][[32mINFO[0m] - Generating training dataset for next epoch...[0m
[[36m2026-08-14 03:53:51,879[0m][[34mrl4co.models.rl.common.base[0m][[32mINFO[0m] - Generating training dataset for next epoch...[0m
[[36m2026-08-14 04:12:21,800[0m][[34mrl4co.models.rl.common.base[0m][[32mINFO[0m] - Generating training dataset for next epoch...[0m
[[36m2026-08-14 04:30:21,663[0m][[34mrl4co.models.rl.common.base[0m][[32mINFO[0m] - Generating training dataset for next epoch...[0m
[[36m2026-08-14 04:48:14,267[0m][[34mrl4co.models.rl.common.base[0m][[32mINFO[0m] - Generating training dataset for next epoch...[0m
[[36m2026-08-14 05:06:16,617[0m][[34mrl4co.models.rl.common.base[0m][[32mINFO[0m] - Generating training dataset for next epoch...[0m
[[36m2026-08-14 05:24:01,465[0m][[34mrl4co.models.rl.common.base[0m][[32mINFO[0m] - Generating training dataset for next epoch...[0m
[[36m2026-08-14 05:42:03,965[0m][[34mrl4co.models.rl.common.base[0m][[32mINFO[0m] - Generating training dataset for next epoch...[0m
[[36m2026-08-14 05:59:57,918[0m][[34mrl4co.models.rl.common.base[0m][[32mINFO[0m] - Generating training dataset for next epoch...[0m
[[36m2026-08-14 06:17:24,896[0m][[34mrl4co.models.rl.common.base[0m][[32mINFO[0m] - Generating training dataset for next epoch...[0m
[[36m2026-08-14 06:34:57,830[0m][[34mrl4co.models.rl.common.base[0m][[32mINFO[0m] - Generating training dataset for next epoch...[0m
[[36m2026-08-14 06:52:31,626[0m][[34mrl4co.models.rl.common.base[0m][[32mINFO[0m] - Generating training dataset for next epoch...[0m
[[36m2026-08-14 07:10:32,951[0m][[34mrl4co.models.rl.common.base[0m][[32mINFO[0m] - Generating training dataset for next epoch...[0m
[[36m2026-08-14 07:28:37,077[0m][[34mrl4co.models.rl.common.base[0m][[32mINFO[0m] - Generating training dataset for next epoch...[0m
[[36m2026-08-14 07:46:55,424[0m][[34mrl4co.models.rl.common.base[0m][[32mINFO[0m] - Generating training dataset for next epoch...[0m
[[36m2026-08-14 08:05:31,302[0m][[34mrl4co.models.rl.common.base[0m][[32mINFO[0m] - Generating training dataset for next epoch...[0m
[[36m2026-08-14 08:23:00,620[0m][[34mrl4co.models.rl.common.base[0m][[32mINFO[0m] - Generating training dataset for next epoch...[0m
[[36m2026-08-14 08:41:03,194[0m][[34mrl4co.models.rl.common.base[0m][[32mINFO[0m] - Generating training dataset for next epoch...[0m
[[36m2026-08-14 08:59:07,398[0m][[34mrl4co.models.rl.common.base[0m][[32mINFO[0m] - Generating training dataset for next epoch...[0m
[[36m2026-08-14 09:16:56,081[0m][[34mrl4co.models.rl.common.base[0m][[32mINFO[0m] - Generating training dataset for next epoch...[0m
[[36m2026-08-14 09:34:44,309[0m][[34mrl4co.models.rl.common.base[0m][[32mINFO[0m] - Generating training dataset for next epoch...[0m
[[36m2026-08-14 09:53:04,364[0m][[34mrl4co.models.rl.common.base[0m][[32mINFO[0m] - Generating training dataset for next epoch...[0m
[[36m2026-08-14 10:11:26,061[0m][[34mrl4co.models.rl.common.base[0m][[32mINFO[0m] - Generating training dataset for next epoch...[0m
[[36m2026-08-14 10:30:08,600[0m][[34mrl4co.models.rl.common.base[0m][[32mINFO[0m] - Generating training dataset for next epoch...[0m
[[36m2026-08-14 10:48:10,658[0m][[34mrl4co.models.rl.common.base[0m][[32mINFO[0m] - Generating training dataset for next epoch...[0m
[[36m2026-08-14 11:05:56,976[0m][[34mrl4co.models.rl.common.base[0m][[32mINFO[0m] - Generating training dataset for next epoch...[0m
[[36m2026-08-14 11:23:57,277[0m][[34mrl4co.models.rl.common.base[0m][[32mINFO[0m] - Generating training dataset for next epoch...[0m
[[36m2026-08-14 11:42:28,934[0m][[34mrl4co.models.rl.common.base[0m][[32mINFO[0m] - Generating training dataset for next epoch...[0m
[[36m2026-08-14 12:00:20,839[0m][[34mrl4co.models.rl.common.base[0m][[32mINFO[0m] - Generating training dataset for next epoch...[0m
[[36m2026-08-14 12:20:22,862[0m][[34mrl4co.models.rl.common.base[0m][[32mINFO[0m] - Generating training dataset for next epoch...[0m
[[36m2026-08-14 12:40:53,495[0m][[34mrl4co.models.rl.common.base[0m][[32mINFO[0m] - Generating training dataset for next epoch...[0m
[[36m2026-08-14 13:01:07,806[0m][[34mrl4co.models.rl.common.base[0m][[32mINFO[0m] - Generating training dataset for next epoch...[0m
[[36m2026-08-14 13:19:36,769[0m][[34mrl4co.models.rl.common.base[0m][[32mINFO[0m] - Generating training dataset for next epoch...[0m
[[36m2026-08-14 13:37:18,451[0m][[34mrl4co.models.rl.common.base[0m][[32mINFO[0m] - Generating training dataset for next epoch...[0m
[[36m2026-08-14 13:54:51,390[0m][[34mrl4co.models.rl.common.base[0m][[32mINFO[0m] - Generating training dataset for next epoch...[0m
[[36m2026-08-14 14:12:49,080[0m][[34mrl4co.models.rl.common.base[0m][[32mINFO[0m] - Generating training dataset for next epoch...[0m
[[36m2026-08-14 14:30:59,690[0m][[34mrl4co.models.rl.common.base[0m][[32mINFO[0m] - Generating training dataset for next epoch...[0m
[[36m2026-08-14 14:49:10,839[0m][[34mrl4co.models.rl.common.base[0m][[32mINFO[0m] - Generating training dataset for next epoch...[0m
[[36m2026-08-14 15:07:04,824[0m][[34mrl4co.models.rl.common.base[0m][[32mINFO[0m] - Generating training dataset for next epoch...[0m
[[36m2026-08-14 15:29:00,190[0m][[34mrl4co.models.rl.common.base[0m][[32mINFO[0m] - Generating training dataset for next epoch...[0m
[[36m2026-08-14 15:49:24,527[0m][[34mrl4co.models.rl.common.base[0m][[32mINFO[0m] - Generating training dataset for next epoch...[0m
[[36m2026-08-14 16:07:14,338[0m][[34mrl4co.models.rl.common.base[0m][[32mINFO[0m] - Generating training dataset for next epoch...[0m
[[36m2026-08-14 16:25:35,172[0m][[34mrl4co.models.rl.common.base[0m][[32mINFO[0m] - Generating training dataset for next epoch...[0m
[[36m2026-08-14 16:43:42,757[0m][[34mrl4co.models.rl.common.base[0m][[32mINFO[0m] - Generating training dataset for next epoch...[0m
[[36m2026-08-14 17:01:02,173[0m][[34mrl4co.models.rl.common.base[0m][[32mINFO[0m] - Generating training dataset for next epoch...[0m
[[36m2026-08-14 17:18:32,593[0m][[34mrl4co.models.rl.common.base[0m][[32mINFO[0m] - Generating training dataset for next epoch...[0m
[[36m2026-08-14 17:36:17,796[0m][[34mrl4co.models.rl.common.base[0m][[32mINFO[0m] - Generating training dataset for next epoch...[0m
[[36m2026-08-14 17:55:44,006[0m][[34mrl4co.models.rl.common.base[0m][[32mINFO[0m] - Generating training dataset for next epoch...[0m
[[36m2026-08-14 18:13:50,248[0m][[34mrl4co.models.rl.common.base[0m][[32mINFO[0m] - Generating training dataset for next epoch...[0m
[[36m2026-08-14 18:34:03,644[0m][[34mrl4co.models.rl.common.base[0m][[32mINFO[0m] - Generating training dataset for next epoch...[0m
[[36m2026-08-14 18:53:33,990[0m][[34mrl4co.models.rl.common.base[0m][[32mINFO[0m] - Generating training dataset for next epoch...[0m
[[36m2026-08-14 19:10:55,931[0m][[34mrl4co.models.rl.common.base[0m][[32mINFO[0m] - Generating training dataset for next epoch...[0m
[[36m2026-08-14 19:29:06,543[0m][[34mrl4co.models.rl.common.base[0m][[32mINFO[0m] - Generating training dataset for next epoch...[0m
[[36m2026-08-14 19:46:51,010[0m][[34mrl4co.models.rl.common.base[0m][[32mINFO[0m] - Generating training dataset for next epoch...[0m
[[36m2026-08-14 20:05:31,435[0m][[34mrl4co.models.rl.common.base[0m][[32mINFO[0m] - Generating training dataset for next epoch...[0m
[[36m2026-08-14 20:23:57,956[0m][[34mrl4co.models.rl.common.base[0m][[32mINFO[0m] - Generating training dataset for next epoch...[0m
[[36m2026-08-14 20:42:11,885[0m][[34mrl4co.models.rl.common.base[0m][[32mINFO[0m] - Generating training dataset for next epoch...[0m
[[36m2026-08-14 21:00:15,448[0m][[34mrl4co.models.rl.common.base[0m][[32mINFO[0m] - Generating training dataset for next epoch...[0m
[[36m2026-08-14 21:18:20,148[0m][[34mrl4co.models.rl.common.base[0m][[32mINFO[0m] - Generating training dataset for next epoch...[0m
[[36m2026-08-14 21:36:42,704[0m][[34mrl4co.models.rl.common.base[0m][[32mINFO[0m] - Generating training dataset for next epoch...[0m
[[36m2026-08-14 22:00:50,030[0m][[34mrl4co.models.rl.common.base[0m][[32mINFO[0m] - Generating training dataset for next epoch...[0m
[[36m2026-08-14 22:19:19,085[0m][[34mrl4co.models.rl.common.base[0m][[32mINFO[0m] - Generating training dataset for next epoch...[0m
[[36m2026-08-14 22:37:13,116[0m][[34mrl4co.models.rl.common.base[0m][[32mINFO[0m] - Generating training dataset for next epoch...[0m
[[36m2026-08-14 22:55:30,650[0m][[34mrl4co.models.rl.common.base[0m][[32mINFO[0m] - Generating training dataset for next epoch...[0m
[[36m2026-08-14 23:14:03,307[0m][[34mrl4co.models.rl.common.base[0m][[32mINFO[0m] - Generating training dataset for next epoch...[0m
[[36m2026-08-14 23:35:10,527[0m][[34mrl4co.models.rl.common.base[0m][[32mINFO[0m] - Generating training dataset for next epoch...[0m
[[36m2026-08-14 23:52:57,135[0m][[34mrl4co.models.rl.common.base[0m][[32mINFO[0m] - Generating training dataset for next epoch...[0m
[[36m2026-08-15 00:10:53,192[0m][[34mrl4co.models.rl.common.base[0m][[32mINFO[0m] - Generating training dataset for next epoch...[0m
[[36m2026-08-15 00:31:15,704[0m][[34mrl4co.models.rl.common.base[0m][[32mINFO[0m] - Generating training dataset for next epoch...[0m
[[36m2026-08-15 00:50:04,425[0m][[34mrl4co.models.rl.common.base[0m][[32mINFO[0m] - Generating training dataset for next epoch...[0m
[[36m2026-08-15 01:09:05,904[0m][[34mrl4co.models.rl.common.base[0m][[32mINFO[0m] - Generating training dataset for next epoch...[0m
[[36m2026-08-15 01:27:06,448[0m][[34mrl4co.models.rl.common.base[0m][[32mINFO[0m] - Generating training dataset for next epoch...[0m
[[36m2026-08-15 01:44:52,151[0m][[34mrl4co.models.rl.common.base[0m][[32mINFO[0m] - Generating training dataset for next epoch...[0m
[[36m2026-08-15 02:03:16,750[0m][[34mrl4co.models.rl.common.base[0m][[32mINFO[0m] - Generating training dataset for next epoch...[0m
Epoch 99/99 ━━━━━━━━━━━━━━━ 1042/1042 0:09:56 •       2.27it/s v_num: rl1p      
                                      0:00:00                  train/reward:    
                                                               -6.134           
                                                               train/halting_ra…
                                                               0.037 train/loss:
                                                               0.032            
                                                               val/reward/n60_m…
                                                               -7.721           
                                                               val/halting_rati…
                                                               0.037            
                                                               val/reward/n60_m…
                                                               -4.824           
                                                               val/halting_rati…
                                                               0.045            
                                                               val/reward/n60_m…
                                                               -3.687           
                                                               val/halting_rati…
                                                               0.058            
                                                               val/reward/n80_m…
                                                               -9.836           
                                                               val/halting_rati…
                                                               0.034            
                                                               val/reward/n80_m…
                                                               -6.071           
                                                               val/halting_rati…
                                                               0.040            
                                                               val/reward/n80_m…
                                                               -4.527           
                                                               val/halting_rati…
                                                               0.047            
                                                               val/reward/n100_…
                                                               -11.698          
                                                               val/halting_rati…
                                                               0.034            
                                                               val/reward/n100_…
                                                               -7.099           
                                                               val/halting_rati…
                                                               0.038            
                                                               val/reward/n100_…
                                                               -5.252           
                                                               val/halting_rati…
                                                               0.042            
[[36m2026-08-15 02:22:38,095[0m][[34m__main__[0m][[32mINFO[0m] - Starting testing![0m
[[36m2026-08-15 02:22:38,115[0m][[34mrl4co.models.rl.common.base[0m][[32mINFO[0m] - Setting up batch sizes for train/val/test[0m
[[36m2026-08-15 02:22:38,115[0m][[34mrl4co.models.rl.common.base[0m][[32mINFO[0m] - Setting up datasets[0m
[[36m2026-08-15 02:22:40,089[0m][[34mrl4co.envs.common.base[0m][[32mINFO[0m] - Loading val dataset from ['/home/athota/PARCO_2026_SRP/data/hcvrp/n60_m3_seed24610.npz', '/home/athota/PARCO_2026_SRP/data/hcvrp/n60_m5_seed24610.npz', '/home/athota/PARCO_2026_SRP/data/hcvrp/n60_m7_seed24610.npz', '/home/athota/PARCO_2026_SRP/data/hcvrp/n80_m3_seed24610.npz', '/home/athota/PARCO_2026_SRP/data/hcvrp/n80_m5_seed24610.npz', '/home/athota/PARCO_2026_SRP/data/hcvrp/n80_m7_seed24610.npz', '/home/athota/PARCO_2026_SRP/data/hcvrp/n100_m3_seed24610.npz', '/home/athota/PARCO_2026_SRP/data/hcvrp/n100_m5_seed24610.npz', '/home/athota/PARCO_2026_SRP/data/hcvrp/n100_m7_seed24610.npz'][0m
[[36m2026-08-15 02:22:40,235[0m][[34mrl4co.envs.common.base[0m][[32mINFO[0m] - Loading test dataset from ['/home/athota/PARCO_2026_SRP/data/hcvrp/n60_m3_seed24610.npz', '/home/athota/PARCO_2026_SRP/data/hcvrp/n60_m5_seed24610.npz', '/home/athota/PARCO_2026_SRP/data/hcvrp/n60_m7_seed24610.npz', '/home/athota/PARCO_2026_SRP/data/hcvrp/n80_m3_seed24610.npz', '/home/athota/PARCO_2026_SRP/data/hcvrp/n80_m5_seed24610.npz', '/home/athota/PARCO_2026_SRP/data/hcvrp/n80_m7_seed24610.npz', '/home/athota/PARCO_2026_SRP/data/hcvrp/n100_m3_seed24610.npz', '/home/athota/PARCO_2026_SRP/data/hcvrp/n100_m5_seed24610.npz', '/home/athota/PARCO_2026_SRP/data/hcvrp/n100_m7_seed24610.npz'][0m
┏━━━━━━━━━━━━━━━━━━━┳━━━━━━━━━━━━━━━━━━━┳━━━━━━━━━━━━━━━━━━┳━━━━━━━━━━━━━━━━━━━┓
┃    Test metric    ┃   DataLoader 0    ┃   DataLoader 1   ┃   DataLoader 2    ┃
┡━━━━━━━━━━━━━━━━━━━╇━━━━━━━━━━━━━━━━━━━╇━━━━━━━━━━━━━━━━━━╇━━━━━━━━━━━━━━━━━━━┩
│ test/halting_rat… │                   │                  │                   │
│ test/halting_rat… │                   │                  │                   │
│ test/halting_rat… │                   │                  │                   │
│ test/halting_rat… │ 0.03643114492297… │                  │                   │
│ test/halting_rat… │                   │ 0.0456232354044… │                   │
│ test/halting_rat… │                   │                  │ 0.05879628658294… │
│ test/halting_rat… │                   │                  │                   │
│ test/halting_rat… │                   │                  │                   │
│ test/halting_rat… │                   │                  │                   │
│ test/reward/n100… │                   │                  │                   │
│ test/reward/n100… │                   │                  │                   │
│ test/reward/n100… │                   │                  │                   │
│ test/reward/n60_… │ -7.6900362968444… │                  │                   │
│ test/reward/n60_… │                   │ -4.823739528656… │                   │
│ test/reward/n60_… │                   │                  │ -3.7051105499267… │
│ test/reward/n80_… │                   │                  │                   │
│ test/reward/n80_… │                   │                  │                   │
│ test/reward/n80_… │                   │                  │                   │
└───────────────────┴───────────────────┴──────────────────┴───────────────────┘
┏━━━━━━━━━━━━━━━━━━━┳━━━━━━━━━━━━━━━━━━━┳━━━━━━━━━━━━━━━━━━┳━━━━━━━━━━━━━━━━━━━┓
┃    Test metric    ┃   DataLoader 3    ┃   DataLoader 4   ┃   DataLoader 5    ┃
┡━━━━━━━━━━━━━━━━━━━╇━━━━━━━━━━━━━━━━━━━╇━━━━━━━━━━━━━━━━━━╇━━━━━━━━━━━━━━━━━━━┩
│ test/halting_rat… │                   │                  │                   │
│ test/halting_rat… │                   │                  │                   │
│ test/halting_rat… │                   │                  │                   │
│ test/halting_rat… │                   │                  │                   │
│ test/halting_rat… │                   │                  │                   │
│ test/halting_rat… │                   │                  │                   │
│ test/halting_rat… │ 0.03392095118761… │                  │                   │
│ test/halting_rat… │                   │ 0.0388675369322… │                   │
│ test/halting_rat… │                   │                  │ 0.04772921279072… │
│ test/reward/n100… │                   │                  │                   │
│ test/reward/n100… │                   │                  │                   │
│ test/reward/n100… │                   │                  │                   │
│ test/reward/n60_… │                   │                  │                   │
│ test/reward/n60_… │                   │                  │                   │
│ test/reward/n60_… │                   │                  │                   │
│ test/reward/n80_… │ -9.8451986312866… │                  │                   │
│ test/reward/n80_… │                   │ -6.063919544219… │                   │
│ test/reward/n80_… │                   │                  │ -4.53698205947876 │
└───────────────────┴───────────────────┴──────────────────┴───────────────────┘
┏━━━━━━━━━━━━━━━━━━━┳━━━━━━━━━━━━━━━━━━━┳━━━━━━━━━━━━━━━━━━┳━━━━━━━━━━━━━━━━━━━┓
┃    Test metric    ┃   DataLoader 6    ┃   DataLoader 7   ┃   DataLoader 8    ┃
┡━━━━━━━━━━━━━━━━━━━╇━━━━━━━━━━━━━━━━━━━╇━━━━━━━━━━━━━━━━━━╇━━━━━━━━━━━━━━━━━━━┩
│ test/halting_rat… │ 0.03306103497743… │                  │                   │
│ test/halting_rat… │                   │ 0.0371304750442… │                   │
│ test/halting_rat… │                   │                  │ 0.04142211005091… │
│ test/halting_rat… │                   │                  │                   │
│ test/halting_rat… │                   │                  │                   │
│ test/halting_rat… │                   │                  │                   │
│ test/halting_rat… │                   │                  │                   │
│ test/halting_rat… │                   │                  │                   │
│ test/halting_rat… │                   │                  │                   │
│ test/reward/n100… │ -11.713228225708… │                  │                   │
│ test/reward/n100… │                   │ -7.097412109375  │                   │
│ test/reward/n100… │                   │                  │ -5.2601060867309… │
│ test/reward/n60_… │                   │                  │                   │
│ test/reward/n60_… │                   │                  │                   │
│ test/reward/n60_… │                   │                  │                   │
│ test/reward/n80_… │                   │                  │                   │
│ test/reward/n80_… │                   │                  │                   │
│ test/reward/n80_… │                   │                  │                   │
└───────────────────┴───────────────────┴──────────────────┴───────────────────┘
Testing ━━━━━━━━━━━━━━━━━━━━━━━━━━━━━━━━━━━━━ 14/14 0:00:02 • 0:00:00 4.69it/s 
[[36m2026-08-15 02:29:32,168[0m][[34m__main__[0m][[32mINFO[0m] - Best ckpt path: /home/athota/PARCO_2026_SRP/logs/train/runs/hcvrp_n100_m7/parco_tanh_scaled_c10/2026-08-13_20-14-23/checkpoints/epoch_099.ckpt[0m
[[36m2026-08-15 02:29:32,170[0m][[34mrl4co.utils.utils[0m][[32mINFO[0m] - Output dir: /home/athota/PARCO_2026_SRP/logs/train/runs/hcvrp_n100_m7/parco_tanh_scaled_c10/2026-08-13_20-14-23[0m
[[36m2026-08-15 02:29:32,170[0m][[34mrl4co.utils.utils[0m][[32mINFO[0m] - Closing loggers...[0m
[[36m2026-08-15 02:29:32,171[0m][[34mrl4co.utils.utils[0m][[32mINFO[0m] - Closing wandb![0m
[[36m2026-08-15 02:29:32,184[0m][[34mrl4co.utils.utils[0m][[32mINFO[0m] - Metric name is None! Skipping metric value retrieval...[0m
