[[36m2026-05-18 14:40:06,406[0m][[34mrl4co.utils.utils[0m][[32mINFO[0m] - Enforcing tags! <cfg.extras.enforce_tags=True>[0m
[[36m2026-05-18 14:40:06,412[0m][[34mrl4co.utils.utils[0m][[32mINFO[0m] - Printing config tree with Rich! <cfg.extras.print_config=True>[0m
CONFIG
├── model
│   └── _target_: parco.models.rl.PARCORLModule                                 
│       metrics:                                                                
│         train:                                                                
│         - loss                                                                
│         - reward                                                              
│         - halting_ratio                                                       
│         - pos_ratio                                                           
│         val:                                                                  
│         - reward                                                              
│         - halting_ratio                                                       
│         - pos_ratio                                                           
│         test:                                                                 
│         - reward                                                              
│         - halting_ratio                                                       
│         - pos_ratio                                                           
│         log_on_step: true                                                     
│       policy:                                                                 
│         _target_: parco.models.policy.PARCOPolicy                             
│         env_name: omdcpdp                                                     
│         agent_handler: highprob                                               
│         embed_dim: 128                                                        
│         norm_after: false                                                     
│         normalization: rms                                                    
│         use_final_norm: false                                                 
│         parallel_gated_kwargs:                                                
│           mlp_activation: silu                                                
│         context_embedding_kwargs:                                             
│           normalization: rms                                                  
│           norm_after: false                                                   
│           use_final_norm: false                                               
│           parallel_gated_kwargs:                                              
│             mlp_activation: silu                                              
│       batch_size: 8                                                           
│       val_batch_size: 8                                                       
│       test_batch_size: 8                                                      
│       train_data_size: 100000                                                 
│       val_data_size: 10000                                                    
│       test_data_size: 10000                                                   
│       optimizer_kwargs:                                                       
│         lr: 0.0001                                                            
│         weight_decay: 0.0                                                     
│       lr_scheduler: MultiStepLR                                               
│       lr_scheduler_kwargs:                                                    
│         milestones:                                                           
│         - 80                                                                  
│         - 95                                                                  
│         gamma: 0.1                                                            
│       num_augment: 4                                                          
│       train_min_agents: 10                                                    
│       train_max_agents: 50                                                    
│       train_min_size: 50                                                      
│       train_max_size: 100                                                     
│                                                                               
├── callbacks
│   └── model_checkpoint:                                                       
│         _target_: lightning.pytorch.callbacks.ModelCheckpoint                 
│         dirpath: /home/athota/PARCO_2026_SRP/logs/train/runs/omdcpdp_n100_m50/
│         filename: epoch_{epoch:03d}                                           
│         monitor: val/reward                                                   
│         verbose: false                                                        
│         save_last: true                                                       
│         save_top_k: 1                                                         
│         mode: max                                                             
│         auto_insert_metric_name: false                                        
│         save_weights_only: false                                              
│         every_n_train_steps: null                                             
│         train_time_interval: null                                             
│         every_n_epochs: null                                                  
│         save_on_train_epoch_end: null                                         
│       model_summary:                                                          
│         _target_: lightning.pytorch.callbacks.RichModelSummary                
│         max_depth: 5                                                          
│       rich_progress_bar:                                                      
│         _target_: lightning.pytorch.callbacks.RichProgressBar                 
│       speed_monitor:                                                          
│         _target_: rl4co.utils.callbacks.speed_monitor.SpeedMonitor            
│         intra_step_time: true                                                 
│         inter_step_time: true                                                 
│         epoch_time: true                                                      
│       learning_rate_monitor:                                                  
│         _target_: lightning.pytorch.callbacks.LearningRateMonitor             
│         logging_interval: epoch                                               
│                                                                               
├── logger
│   └── wandb:                                                                  
│         _target_: lightning.pytorch.loggers.wandb.WandbLogger                 
│         save_dir: /home/athota/PARCO_2026_SRP/logs/train/runs/omdcpdp_n100_m50
│         offline: false                                                        
│         id: null                                                              
│         anonymous: null                                                       
│         project: parco-omdcpdp                                                
│         log_model: false                                                      
│         prefix: ''                                                            
│         group: omdcpdp_n100_m50                                               
│         tags:                                                                 
│         - parco                                                               
│         - omdcpdp                                                             
│         - communication                                                       
│         job_type: ''                                                          
│         name: parco                                                           
│                                                                               
├── trainer
│   └── _target_: rl4co.utils.trainer.RL4COTrainer                              
│       default_root_dir: /home/athota/PARCO_2026_SRP/logs/train/runs/omdcpdp_n1
│       gradient_clip_val: 1.0                                                  
│       accelerator: gpu                                                        
│       precision: 16-mixed                                                     
│       check_val_every_n_epoch: 1                                              
│       deterministic: false                                                    
│       max_epochs: 100                                                         
│       accumulate_grad_batches: 16                                             
│       devices: 1                                                              
│                                                                               
├── paths
│   └── root_dir: /home/athota/PARCO_2026_SRP                                   
│       data_dir: /home/athota/PARCO_2026_SRP/data/                             
│       log_dir: /home/athota/PARCO_2026_SRP/logs/                              
│       output_dir: /home/athota/PARCO_2026_SRP/logs/train/runs/omdcpdp_n100_m50
│       work_dir: /home/athota/PARCO_2026_SRP                                   
│                                                                               
├── extras
│   └── ignore_warnings: false                                                  
│       enforce_tags: true                                                      
│       print_config: true                                                      
│                                                                               
├── mode
│   └── train                                                                   
├── tags
│   └── ['dev']                                                                 
├── train
│   └── True                                                                    
├── test
│   └── True                                                                    
├── compile
│   └── False                                                                   
├── ckpt_path
│   └── None                                                                    
├── seed
│   └── 1234                                                                    
├── matmul_precision
│   └── medium                                                                  
├── metrics
│   └── train:                                                                  
│       - loss                                                                  
│       - reward                                                                
│       val:                                                                    
│       - reward                                                                
│       test:                                                                   
│       - reward                                                                
│       log_on_step: true                                                       
│                                                                               
└── env
    └── _target_: parco.envs.omdcpdp.env.OMDCPDPEnv                             
        name: omdcpdp                                                           
        reward_mode: lateness                                                   
        generator_params:                                                       
          num_loc: 100                                                          
          num_agents: 50                                                        
        data_dir: /home/athota/PARCO_2026_SRP/data/omdcpdp                      
        val_file:                                                               
        - n50_m5_seed3333.npz                                                   
        - n50_m10_seed3333.npz                                                  
        - n50_m15_seed3333.npz                                                  
        - n100_m10_seed3333.npz                                                 
        - n100_m20_seed3333.npz                                                 
        - n100_m30_seed3333.npz                                                 
        - n200_m20_seed3333.npz                                                 
        - n200_m40_seed3333.npz                                                 
        - n200_m60_seed3333.npz                                                 
        val_dataloader_names:                                                   
        - n50_m5                                                                
        - n50_m10                                                               
        - n50_m20                                                               
        - n100_m10                                                              
        - n100_m20                                                              
        - n100_m30                                                              
        - n200_m20                                                              
        - n200_m40                                                              
        - n200_m60                                                              
        test_file:                                                              
        - n50_m5_seed3333.npz                                                   
        - n50_m10_seed3333.npz                                                  
        - n50_m15_seed3333.npz                                                  
        - n100_m10_seed3333.npz                                                 
        - n100_m20_seed3333.npz                                                 
        - n100_m30_seed3333.npz                                                 
        - n200_m20_seed3333.npz                                                 
        - n200_m40_seed3333.npz                                                 
        - n200_m60_seed3333.npz                                                 
        test_dataloader_names:                                                  
        - n50_m5                                                                
        - n50_m10                                                               
        - n50_m20                                                               
        - n100_m10                                                              
        - n100_m20                                                              
        - n100_m30                                                              
        - n200_m20                                                              
        - n200_m40                                                              
        - n200_m60                                                              
                                                                                
[[36m2026-05-18 14:40:06,470[0m][[34m__main__[0m][[32mINFO[0m] - Instantiating environment <parco.envs.omdcpdp.env.OMDCPDPEnv>[0m
[[36m2026-05-18 14:40:06,994[0m][[34m__main__[0m][[32mINFO[0m] - Instantiating model <parco.models.rl.PARCORLModule>[0m
[[36m2026-05-18 14:40:07,104[0m][[34mparco.models.policy[0m][[32mINFO[0m] - Initializing default PARCOEncoder[0m
[[36m2026-05-18 14:40:07,112[0m][[34mparco.models.policy[0m][[32mINFO[0m] - Initializing default PARCODecoder[0m
[[36m2026-05-18 14:40:07,154[0m][[34mrl4co.data.transforms[0m][[32mINFO[0m] - Features not passed, defaulting to 'locs'[0m
[[36m2026-05-18 14:40:07,155[0m][[34mrl4co.data.transforms[0m][[32mINFO[0m] - Features not passed, defaulting to 'locs'[0m
[[36m2026-05-18 14:40:07,156[0m][[34m__main__[0m][[32mINFO[0m] - Instantiating callbacks...[0m
[[36m2026-05-18 14:40:07,156[0m][[34mrl4co.utils.instantiators[0m][[32mINFO[0m] - Instantiating callback <lightning.pytorch.callbacks.ModelCheckpoint>[0m
[[36m2026-05-18 14:40:07,161[0m][[34mrl4co.utils.instantiators[0m][[32mINFO[0m] - Instantiating callback <lightning.pytorch.callbacks.RichModelSummary>[0m
[[36m2026-05-18 14:40:07,162[0m][[34mrl4co.utils.instantiators[0m][[32mINFO[0m] - Instantiating callback <lightning.pytorch.callbacks.RichProgressBar>[0m
[[36m2026-05-18 14:40:07,162[0m][[34mrl4co.utils.instantiators[0m][[32mINFO[0m] - Instantiating callback <rl4co.utils.callbacks.speed_monitor.SpeedMonitor>[0m
[[36m2026-05-18 14:40:07,164[0m][[34mrl4co.utils.instantiators[0m][[32mINFO[0m] - Instantiating callback <lightning.pytorch.callbacks.LearningRateMonitor>[0m
[[36m2026-05-18 14:40:07,164[0m][[34m__main__[0m][[32mINFO[0m] - Instantiating loggers...[0m
[[36m2026-05-18 14:40:07,164[0m][[34mrl4co.utils.instantiators[0m][[32mINFO[0m] - Instantiating logger <lightning.pytorch.loggers.wandb.WandbLogger>[0m
[[36m2026-05-18 14:40:07,169[0m][[34m__main__[0m][[32mINFO[0m] - Instantiating trainer...[0m
[[36m2026-05-18 14:40:07,201[0m][[34m__main__[0m][[32mINFO[0m] - Logging hyperparameters![0m
[[36m2026-05-18 14:40:08,929[0m][[34m__main__[0m][[32mINFO[0m] - Starting training![0m
[[36m2026-05-18 14:40:09,010[0m][[34mrl4co.models.rl.common.base[0m][[32mINFO[0m] - Setting up batch sizes for train/val/test[0m
[[36m2026-05-18 14:40:09,010[0m][[34mrl4co.models.rl.common.base[0m][[32mINFO[0m] - Setting up datasets[0m
[[36m2026-05-18 14:40:10,937[0m][[34mrl4co.envs.common.base[0m][[32mINFO[0m] - Loading val dataset from ['/home/athota/PARCO_2026_SRP/data/omdcpdp/n50_m5_seed3333.npz', '/home/athota/PARCO_2026_SRP/data/omdcpdp/n50_m10_seed3333.npz', '/home/athota/PARCO_2026_SRP/data/omdcpdp/n50_m15_seed3333.npz', '/home/athota/PARCO_2026_SRP/data/omdcpdp/n100_m10_seed3333.npz', '/home/athota/PARCO_2026_SRP/data/omdcpdp/n100_m20_seed3333.npz', '/home/athota/PARCO_2026_SRP/data/omdcpdp/n100_m30_seed3333.npz', '/home/athota/PARCO_2026_SRP/data/omdcpdp/n200_m20_seed3333.npz', '/home/athota/PARCO_2026_SRP/data/omdcpdp/n200_m40_seed3333.npz', '/home/athota/PARCO_2026_SRP/data/omdcpdp/n200_m60_seed3333.npz'][0m
[[36m2026-05-18 14:40:10,966[0m][[34mrl4co.envs.common.base[0m][[31mERROR[0m] - Provided file name ['/home/athota/PARCO_2026_SRP/data/omdcpdp/n50_m5_seed3333.npz', '/home/athota/PARCO_2026_SRP/data/omdcpdp/n50_m10_seed3333.npz', '/home/athota/PARCO_2026_SRP/data/omdcpdp/n50_m15_seed3333.npz', '/home/athota/PARCO_2026_SRP/data/omdcpdp/n100_m10_seed3333.npz', '/home/athota/PARCO_2026_SRP/data/omdcpdp/n100_m20_seed3333.npz', '/home/athota/PARCO_2026_SRP/data/omdcpdp/n100_m30_seed3333.npz', '/home/athota/PARCO_2026_SRP/data/omdcpdp/n200_m20_seed3333.npz', '/home/athota/PARCO_2026_SRP/data/omdcpdp/n200_m40_seed3333.npz', '/home/athota/PARCO_2026_SRP/data/omdcpdp/n200_m60_seed3333.npz'] not found. Make sure to provide a file in the right path first or unset val_file to generate data automatically instead[0m
[[36m2026-05-18 14:40:11,086[0m][[34mrl4co.envs.common.base[0m][[32mINFO[0m] - Loading test dataset from ['/home/athota/PARCO_2026_SRP/data/omdcpdp/n50_m5_seed3333.npz', '/home/athota/PARCO_2026_SRP/data/omdcpdp/n50_m10_seed3333.npz', '/home/athota/PARCO_2026_SRP/data/omdcpdp/n50_m15_seed3333.npz', '/home/athota/PARCO_2026_SRP/data/omdcpdp/n100_m10_seed3333.npz', '/home/athota/PARCO_2026_SRP/data/omdcpdp/n100_m20_seed3333.npz', '/home/athota/PARCO_2026_SRP/data/omdcpdp/n100_m30_seed3333.npz', '/home/athota/PARCO_2026_SRP/data/omdcpdp/n200_m20_seed3333.npz', '/home/athota/PARCO_2026_SRP/data/omdcpdp/n200_m40_seed3333.npz', '/home/athota/PARCO_2026_SRP/data/omdcpdp/n200_m60_seed3333.npz'][0m
[[36m2026-05-18 14:40:11,114[0m][[34mrl4co.envs.common.base[0m][[31mERROR[0m] - Provided file name ['/home/athota/PARCO_2026_SRP/data/omdcpdp/n50_m5_seed3333.npz', '/home/athota/PARCO_2026_SRP/data/omdcpdp/n50_m10_seed3333.npz', '/home/athota/PARCO_2026_SRP/data/omdcpdp/n50_m15_seed3333.npz', '/home/athota/PARCO_2026_SRP/data/omdcpdp/n100_m10_seed3333.npz', '/home/athota/PARCO_2026_SRP/data/omdcpdp/n100_m20_seed3333.npz', '/home/athota/PARCO_2026_SRP/data/omdcpdp/n100_m30_seed3333.npz', '/home/athota/PARCO_2026_SRP/data/omdcpdp/n200_m20_seed3333.npz', '/home/athota/PARCO_2026_SRP/data/omdcpdp/n200_m40_seed3333.npz', '/home/athota/PARCO_2026_SRP/data/omdcpdp/n200_m60_seed3333.npz'] not found. Make sure to provide a file in the right path first or unset test_file to generate data automatically instead[0m
[[36m2026-05-18 14:40:11,741[0m][[34mrl4co.models.rl.common.base[0m][[32mINFO[0m] - Instantiating optimizer <Adam>[0m
[[36m2026-05-18 14:40:11,743[0m][[34mrl4co.models.rl.common.base[0m][[32mINFO[0m] - Instantiating LR scheduler <MultiStepLR>[0m
┏━━━━┳━━━━━━━━━━━━━━━━━━━━━━━━━━━━━━━━━━━━━━━━━━━━━━━━━━━━━━━━━┳━━━━┳━━━━━┳━━━━┓
┃    ┃ Name                                                    ┃ T… ┃ Pa… ┃ M… ┃
┡━━━━╇━━━━━━━━━━━━━━━━━━━━━━━━━━━━━━━━━━━━━━━━━━━━━━━━━━━━━━━━━╇━━━━╇━━━━━╇━━━━┩
│ 0  │ env                                                     │ O… │   0 │ t… │
│ 1  │ policy                                                  │ P… │ 1.2 │ t… │
│    │                                                         │    │   M │    │
│ 2  │ policy.encoder                                          │ P… │ 790 │ t… │
│    │                                                         │    │   K │    │
│ 3  │ policy.encoder.init_embedding                           │ O… │ 1.8 │ t… │
│    │                                                         │    │   K │    │
│ 4  │ policy.encoder.init_embedding.init_embed_vehicle        │ L… │ 512 │ t… │
│ 5  │ policy.encoder.init_embedding.init_embed_pick           │ L… │ 640 │ t… │
│ 6  │ policy.encoder.init_embedding.init_embed_delivery       │ L… │ 640 │ t… │
│ 7  │ policy.encoder.layers                                   │ S… │ 788 │ t… │
│    │                                                         │    │   K │    │
│ 8  │ policy.encoder.layers.0                                 │ T… │ 262 │ t… │
│    │                                                         │    │   K │    │
│ 9  │ policy.encoder.layers.0.norm_attn                       │ N… │ 128 │ t… │
│ 10 │ policy.encoder.layers.0.attention                       │ M… │ 66… │ t… │
│    │                                                         │    │   K │    │
│ 11 │ policy.encoder.layers.0.norm_ffn                        │ N… │ 128 │ t… │
│ 12 │ policy.encoder.layers.0.ffn                             │ P… │ 196 │ t… │
│    │                                                         │    │   K │    │
│ 13 │ policy.encoder.layers.1                                 │ T… │ 262 │ t… │
│    │                                                         │    │   K │    │
│ 14 │ policy.encoder.layers.1.norm_attn                       │ N… │ 128 │ t… │
│ 15 │ policy.encoder.layers.1.attention                       │ M… │ 66… │ t… │
│    │                                                         │    │   K │    │
│ 16 │ policy.encoder.layers.1.norm_ffn                        │ N… │ 128 │ t… │
│ 17 │ policy.encoder.layers.1.ffn                             │ P… │ 196 │ t… │
│    │                                                         │    │   K │    │
│ 18 │ policy.encoder.layers.2                                 │ T… │ 262 │ t… │
│    │                                                         │    │   K │    │
│ 19 │ policy.encoder.layers.2.norm_attn                       │ N… │ 128 │ t… │
│ 20 │ policy.encoder.layers.2.attention                       │ M… │ 66… │ t… │
│    │                                                         │    │   K │    │
│ 21 │ policy.encoder.layers.2.norm_ffn                        │ N… │ 128 │ t… │
│ 22 │ policy.encoder.layers.2.ffn                             │ P… │ 196 │ t… │
│    │                                                         │    │   K │    │
│ 23 │ policy.decoder                                          │ P… │ 410 │ t… │
│    │                                                         │    │   K │    │
│ 24 │ policy.decoder.context_embedding                        │ O… │ 328 │ t… │
│    │                                                         │    │   K │    │
│ 25 │ policy.decoder.context_embedding.proj_agent_feats       │ L… │ 256 │ t… │
│ 26 │ policy.decoder.context_embedding.proj_global_feats      │ L… │ 128 │ t… │
│ 27 │ policy.decoder.context_embedding.project_context        │ L… │ 65… │ t… │
│    │                                                         │    │   K │    │
│ 28 │ policy.decoder.context_embedding.communication_layers   │ S… │ 262 │ t… │
│    │                                                         │    │   K │    │
│ 29 │ policy.decoder.context_embedding.communication_layers.0 │ T… │ 262 │ t… │
│    │                                                         │    │   K │    │
│ 30 │ policy.decoder.dynamic_embedding                        │ S… │   0 │ t… │
│ 31 │ policy.decoder.pointer                                  │ P… │ 16… │ t… │
│    │                                                         │    │   K │    │
│ 32 │ policy.decoder.pointer.project_out                      │ L… │ 16… │ t… │
│    │                                                         │    │   K │    │
│ 33 │ policy.decoder.project_node_embeddings                  │ L… │ 49… │ t… │
│    │                                                         │    │   K │    │
│ 34 │ policy.decoder.project_fixed_context                    │ L… │ 16… │ t… │
│    │                                                         │    │   K │    │
│ 35 │ baseline                                                │ N… │   0 │ t… │
│ 36 │ projection_head                                         │ M… │ 33… │ t… │
│    │                                                         │    │   K │    │
│ 37 │ projection_head.0                                       │ L… │ 16… │ t… │
│    │                                                         │    │   K │    │
│ 38 │ projection_head.1                                       │ R… │   0 │ t… │
│ 39 │ projection_head.2                                       │ L… │ 16… │ t… │
│    │                                                         │    │   K │    │
└────┴─────────────────────────────────────────────────────────┴────┴─────┴────┘
Trainable params: 1.2 M                                                         
Non-trainable params: 0                                                         
Total params: 1.2 M                                                             
Total estimated model params size (MB): 4                                       
Modules in train mode: 72                                                       
Modules in eval mode: 0                                                         
[[36m2026-05-18 14:54:47,308[0m][[34mrl4co.models.rl.common.base[0m][[32mINFO[0m] - Generating training dataset for next epoch...[0m
[[36m2026-05-18 15:09:10,228[0m][[34mrl4co.models.rl.common.base[0m][[32mINFO[0m] - Generating training dataset for next epoch...[0m
[[36m2026-05-18 15:23:22,705[0m][[34mrl4co.models.rl.common.base[0m][[32mINFO[0m] - Generating training dataset for next epoch...[0m
[[36m2026-05-18 15:37:12,814[0m][[34mrl4co.models.rl.common.base[0m][[32mINFO[0m] - Generating training dataset for next epoch...[0m
[[36m2026-05-18 15:51:09,290[0m][[34mrl4co.models.rl.common.base[0m][[32mINFO[0m] - Generating training dataset for next epoch...[0m
[[36m2026-05-18 16:05:07,707[0m][[34mrl4co.models.rl.common.base[0m][[32mINFO[0m] - Generating training dataset for next epoch...[0m
[[36m2026-05-18 16:18:54,167[0m][[34mrl4co.models.rl.common.base[0m][[32mINFO[0m] - Generating training dataset for next epoch...[0m
[[36m2026-05-18 16:34:40,158[0m][[34mrl4co.models.rl.common.base[0m][[32mINFO[0m] - Generating training dataset for next epoch...[0m
[[36m2026-05-18 16:51:36,313[0m][[34mrl4co.models.rl.common.base[0m][[32mINFO[0m] - Generating training dataset for next epoch...[0m
[[36m2026-05-18 17:08:17,540[0m][[34mrl4co.models.rl.common.base[0m][[32mINFO[0m] - Generating training dataset for next epoch...[0m
[[36m2026-05-18 17:25:12,161[0m][[34mrl4co.models.rl.common.base[0m][[32mINFO[0m] - Generating training dataset for next epoch...[0m
[[36m2026-05-18 17:42:05,130[0m][[34mrl4co.models.rl.common.base[0m][[32mINFO[0m] - Generating training dataset for next epoch...[0m
[[36m2026-05-18 17:58:52,389[0m][[34mrl4co.models.rl.common.base[0m][[32mINFO[0m] - Generating training dataset for next epoch...[0m
[[36m2026-05-18 18:15:34,205[0m][[34mrl4co.models.rl.common.base[0m][[32mINFO[0m] - Generating training dataset for next epoch...[0m
[[36m2026-05-18 18:32:15,175[0m][[34mrl4co.models.rl.common.base[0m][[32mINFO[0m] - Generating training dataset for next epoch...[0m
[[36m2026-05-18 18:49:05,124[0m][[34mrl4co.models.rl.common.base[0m][[32mINFO[0m] - Generating training dataset for next epoch...[0m
[[36m2026-05-18 19:06:14,711[0m][[34mrl4co.models.rl.common.base[0m][[32mINFO[0m] - Generating training dataset for next epoch...[0m
[[36m2026-05-18 19:23:10,920[0m][[34mrl4co.models.rl.common.base[0m][[32mINFO[0m] - Generating training dataset for next epoch...[0m
[[36m2026-05-18 19:39:49,829[0m][[34mrl4co.models.rl.common.base[0m][[32mINFO[0m] - Generating training dataset for next epoch...[0m
[[36m2026-05-18 19:56:37,413[0m][[34mrl4co.models.rl.common.base[0m][[32mINFO[0m] - Generating training dataset for next epoch...[0m
[[36m2026-05-18 20:13:12,184[0m][[34mrl4co.models.rl.common.base[0m][[32mINFO[0m] - Generating training dataset for next epoch...[0m
[[36m2026-05-18 20:29:39,930[0m][[34mrl4co.models.rl.common.base[0m][[32mINFO[0m] - Generating training dataset for next epoch...[0m
[[36m2026-05-18 20:47:15,154[0m][[34mrl4co.models.rl.common.base[0m][[32mINFO[0m] - Generating training dataset for next epoch...[0m
[[36m2026-05-18 21:05:04,212[0m][[34mrl4co.models.rl.common.base[0m][[32mINFO[0m] - Generating training dataset for next epoch...[0m
[[36m2026-05-18 21:22:15,232[0m][[34mrl4co.models.rl.common.base[0m][[32mINFO[0m] - Generating training dataset for next epoch...[0m
[[36m2026-05-18 21:39:35,301[0m][[34mrl4co.models.rl.common.base[0m][[32mINFO[0m] - Generating training dataset for next epoch...[0m
[[36m2026-05-18 21:57:09,960[0m][[34mrl4co.models.rl.common.base[0m][[32mINFO[0m] - Generating training dataset for next epoch...[0m
[[36m2026-05-18 22:14:34,436[0m][[34mrl4co.models.rl.common.base[0m][[32mINFO[0m] - Generating training dataset for next epoch...[0m
[[36m2026-05-18 22:31:53,616[0m][[34mrl4co.models.rl.common.base[0m][[32mINFO[0m] - Generating training dataset for next epoch...[0m
[[36m2026-05-18 22:49:27,847[0m][[34mrl4co.models.rl.common.base[0m][[32mINFO[0m] - Generating training dataset for next epoch...[0m
[[36m2026-05-18 23:07:07,153[0m][[34mrl4co.models.rl.common.base[0m][[32mINFO[0m] - Generating training dataset for next epoch...[0m
[[36m2026-05-18 23:24:22,687[0m][[34mrl4co.models.rl.common.base[0m][[32mINFO[0m] - Generating training dataset for next epoch...[0m
[[36m2026-05-18 23:41:57,983[0m][[34mrl4co.models.rl.common.base[0m][[32mINFO[0m] - Generating training dataset for next epoch...[0m
[[36m2026-05-18 23:59:54,852[0m][[34mrl4co.models.rl.common.base[0m][[32mINFO[0m] - Generating training dataset for next epoch...[0m
[[36m2026-05-19 00:19:04,552[0m][[34mrl4co.models.rl.common.base[0m][[32mINFO[0m] - Generating training dataset for next epoch...[0m
[[36m2026-05-19 00:38:43,996[0m][[34mrl4co.models.rl.common.base[0m][[32mINFO[0m] - Generating training dataset for next epoch...[0m
[[36m2026-05-19 00:58:54,626[0m][[34mrl4co.models.rl.common.base[0m][[32mINFO[0m] - Generating training dataset for next epoch...[0m
[[36m2026-05-19 01:18:05,069[0m][[34mrl4co.models.rl.common.base[0m][[32mINFO[0m] - Generating training dataset for next epoch...[0m
[[36m2026-05-19 01:37:21,116[0m][[34mrl4co.models.rl.common.base[0m][[32mINFO[0m] - Generating training dataset for next epoch...[0m
[[36m2026-05-19 01:56:28,273[0m][[34mrl4co.models.rl.common.base[0m][[32mINFO[0m] - Generating training dataset for next epoch...[0m
[[36m2026-05-19 02:16:22,190[0m][[34mrl4co.models.rl.common.base[0m][[32mINFO[0m] - Generating training dataset for next epoch...[0m
[[36m2026-05-19 02:35:55,863[0m][[34mrl4co.models.rl.common.base[0m][[32mINFO[0m] - Generating training dataset for next epoch...[0m
[[36m2026-05-19 02:55:15,408[0m][[34mrl4co.models.rl.common.base[0m][[32mINFO[0m] - Generating training dataset for next epoch...[0m
[[36m2026-05-19 03:14:21,148[0m][[34mrl4co.models.rl.common.base[0m][[32mINFO[0m] - Generating training dataset for next epoch...[0m
[[36m2026-05-19 03:33:08,160[0m][[34mrl4co.models.rl.common.base[0m][[32mINFO[0m] - Generating training dataset for next epoch...[0m
[[36m2026-05-19 03:51:38,468[0m][[34mrl4co.models.rl.common.base[0m][[32mINFO[0m] - Generating training dataset for next epoch...[0m
[[36m2026-05-19 04:10:14,467[0m][[34mrl4co.models.rl.common.base[0m][[32mINFO[0m] - Generating training dataset for next epoch...[0m
[[36m2026-05-19 04:29:00,594[0m][[34mrl4co.models.rl.common.base[0m][[32mINFO[0m] - Generating training dataset for next epoch...[0m
[[36m2026-05-19 04:48:17,524[0m][[34mrl4co.models.rl.common.base[0m][[32mINFO[0m] - Generating training dataset for next epoch...[0m
[[36m2026-05-19 05:07:02,520[0m][[34mrl4co.models.rl.common.base[0m][[32mINFO[0m] - Generating training dataset for next epoch...[0m
[[36m2026-05-19 05:25:57,778[0m][[34mrl4co.models.rl.common.base[0m][[32mINFO[0m] - Generating training dataset for next epoch...[0m
[[36m2026-05-19 05:44:48,130[0m][[34mrl4co.models.rl.common.base[0m][[32mINFO[0m] - Generating training dataset for next epoch...[0m
[[36m2026-05-19 06:03:31,147[0m][[34mrl4co.models.rl.common.base[0m][[32mINFO[0m] - Generating training dataset for next epoch...[0m
[[36m2026-05-19 06:22:28,562[0m][[34mrl4co.models.rl.common.base[0m][[32mINFO[0m] - Generating training dataset for next epoch...[0m
[[36m2026-05-19 06:41:21,265[0m][[34mrl4co.models.rl.common.base[0m][[32mINFO[0m] - Generating training dataset for next epoch...[0m
[[36m2026-05-19 07:00:15,430[0m][[34mrl4co.models.rl.common.base[0m][[32mINFO[0m] - Generating training dataset for next epoch...[0m
[[36m2026-05-19 07:19:02,087[0m][[34mrl4co.models.rl.common.base[0m][[32mINFO[0m] - Generating training dataset for next epoch...[0m
[[36m2026-05-19 07:38:06,520[0m][[34mrl4co.models.rl.common.base[0m][[32mINFO[0m] - Generating training dataset for next epoch...[0m
[[36m2026-05-19 07:56:43,141[0m][[34mrl4co.models.rl.common.base[0m][[32mINFO[0m] - Generating training dataset for next epoch...[0m
[[36m2026-05-19 08:15:21,714[0m][[34mrl4co.models.rl.common.base[0m][[32mINFO[0m] - Generating training dataset for next epoch...[0m
[[36m2026-05-19 08:34:26,751[0m][[34mrl4co.models.rl.common.base[0m][[32mINFO[0m] - Generating training dataset for next epoch...[0m
[[36m2026-05-19 08:53:32,974[0m][[34mrl4co.models.rl.common.base[0m][[32mINFO[0m] - Generating training dataset for next epoch...[0m
[[36m2026-05-19 09:11:54,909[0m][[34mrl4co.models.rl.common.base[0m][[32mINFO[0m] - Generating training dataset for next epoch...[0m
[[36m2026-05-19 09:30:25,824[0m][[34mrl4co.models.rl.common.base[0m][[32mINFO[0m] - Generating training dataset for next epoch...[0m
[[36m2026-05-19 09:49:03,848[0m][[34mrl4co.models.rl.common.base[0m][[32mINFO[0m] - Generating training dataset for next epoch...[0m
[[36m2026-05-19 10:07:47,629[0m][[34mrl4co.models.rl.common.base[0m][[32mINFO[0m] - Generating training dataset for next epoch...[0m
[[36m2026-05-19 10:26:11,746[0m][[34mrl4co.models.rl.common.base[0m][[32mINFO[0m] - Generating training dataset for next epoch...[0m
[[36m2026-05-19 10:44:56,811[0m][[34mrl4co.models.rl.common.base[0m][[32mINFO[0m] - Generating training dataset for next epoch...[0m
[[36m2026-05-19 11:02:52,592[0m][[34mrl4co.models.rl.common.base[0m][[32mINFO[0m] - Generating training dataset for next epoch...[0m
[[36m2026-05-19 11:21:09,238[0m][[34mrl4co.models.rl.common.base[0m][[32mINFO[0m] - Generating training dataset for next epoch...[0m
[[36m2026-05-19 11:39:24,769[0m][[34mrl4co.models.rl.common.base[0m][[32mINFO[0m] - Generating training dataset for next epoch...[0m
[[36m2026-05-19 11:57:49,942[0m][[34mrl4co.models.rl.common.base[0m][[32mINFO[0m] - Generating training dataset for next epoch...[0m
[[36m2026-05-19 12:16:03,962[0m][[34mrl4co.models.rl.common.base[0m][[32mINFO[0m] - Generating training dataset for next epoch...[0m
[[36m2026-05-19 12:34:24,798[0m][[34mrl4co.models.rl.common.base[0m][[32mINFO[0m] - Generating training dataset for next epoch...[0m
[[36m2026-05-19 12:52:56,711[0m][[34mrl4co.models.rl.common.base[0m][[32mINFO[0m] - Generating training dataset for next epoch...[0m
[[36m2026-05-19 13:11:30,619[0m][[34mrl4co.models.rl.common.base[0m][[32mINFO[0m] - Generating training dataset for next epoch...[0m
[[36m2026-05-19 13:30:21,774[0m][[34mrl4co.models.rl.common.base[0m][[32mINFO[0m] - Generating training dataset for next epoch...[0m
[[36m2026-05-19 13:49:16,006[0m][[34mrl4co.models.rl.common.base[0m][[32mINFO[0m] - Generating training dataset for next epoch...[0m
[[36m2026-05-19 14:08:05,402[0m][[34mrl4co.models.rl.common.base[0m][[32mINFO[0m] - Generating training dataset for next epoch...[0m
[[36m2026-05-19 14:26:39,968[0m][[34mrl4co.models.rl.common.base[0m][[32mINFO[0m] - Generating training dataset for next epoch...[0m
[[36m2026-05-19 14:45:13,993[0m][[34mrl4co.models.rl.common.base[0m][[32mINFO[0m] - Generating training dataset for next epoch...[0m
[[36m2026-05-19 15:03:56,467[0m][[34mrl4co.models.rl.common.base[0m][[32mINFO[0m] - Generating training dataset for next epoch...[0m
[[36m2026-05-19 15:21:51,335[0m][[34mrl4co.models.rl.common.base[0m][[32mINFO[0m] - Generating training dataset for next epoch...[0m
[[36m2026-05-19 15:39:18,547[0m][[34mrl4co.models.rl.common.base[0m][[32mINFO[0m] - Generating training dataset for next epoch...[0m
[[36m2026-05-19 15:57:54,409[0m][[34mrl4co.models.rl.common.base[0m][[32mINFO[0m] - Generating training dataset for next epoch...[0m
[[36m2026-05-19 16:14:45,988[0m][[34mrl4co.models.rl.common.base[0m][[32mINFO[0m] - Generating training dataset for next epoch...[0m
[[36m2026-05-19 16:32:11,696[0m][[34mrl4co.models.rl.common.base[0m][[32mINFO[0m] - Generating training dataset for next epoch...[0m
[[36m2026-05-19 16:50:03,380[0m][[34mrl4co.models.rl.common.base[0m][[32mINFO[0m] - Generating training dataset for next epoch...[0m
[[36m2026-05-19 17:07:12,344[0m][[34mrl4co.models.rl.common.base[0m][[32mINFO[0m] - Generating training dataset for next epoch...[0m
[[36m2026-05-19 17:24:16,228[0m][[34mrl4co.models.rl.common.base[0m][[32mINFO[0m] - Generating training dataset for next epoch...[0m
[[36m2026-05-19 17:41:24,972[0m][[34mrl4co.models.rl.common.base[0m][[32mINFO[0m] - Generating training dataset for next epoch...[0m
[[36m2026-05-19 17:57:04,614[0m][[34mrl4co.models.rl.common.base[0m][[32mINFO[0m] - Generating training dataset for next epoch...[0m
[[36m2026-05-19 18:12:51,156[0m][[34mrl4co.models.rl.common.base[0m][[32mINFO[0m] - Generating training dataset for next epoch...[0m
[[36m2026-05-19 18:28:47,515[0m][[34mrl4co.models.rl.common.base[0m][[32mINFO[0m] - Generating training dataset for next epoch...[0m
[[36m2026-05-19 18:44:42,295[0m][[34mrl4co.models.rl.common.base[0m][[32mINFO[0m] - Generating training dataset for next epoch...[0m
[[36m2026-05-19 19:00:25,652[0m][[34mrl4co.models.rl.common.base[0m][[32mINFO[0m] - Generating training dataset for next epoch...[0m
[[36m2026-05-19 19:15:59,623[0m][[34mrl4co.models.rl.common.base[0m][[32mINFO[0m] - Generating training dataset for next epoch...[0m
[[36m2026-05-19 19:30:36,390[0m][[34mrl4co.models.rl.common.base[0m][[32mINFO[0m] - Generating training dataset for next epoch...[0m
[[36m2026-05-19 19:44:53,341[0m][[34mrl4co.models.rl.common.base[0m][[32mINFO[0m] - Generating training dataset for next epoch...[0m
Epoch 99/99 ━━━━━━━━━━━━━━ 12500/12500 0:14:56 •       14.31it/s v_num: s2vd    
                                       0:00:00                   train/reward:  
                                                                 -44.338        
                                                                 train/halting_…
                                                                 0.063          
                                                                 train/loss:    
                                                                 0.003          
                                                                 val/reward:    
                                                                 -33.042        
                                                                 val/halting_ra…
                                                                 0.098          
[[36m2026-05-19 20:00:36,302[0m][[34m__main__[0m][[32mINFO[0m] - Starting testing![0m
[[36m2026-05-19 20:00:36,472[0m][[34mrl4co.models.rl.common.base[0m][[32mINFO[0m] - Setting up batch sizes for train/val/test[0m
[[36m2026-05-19 20:00:36,473[0m][[34mrl4co.models.rl.common.base[0m][[32mINFO[0m] - Setting up datasets[0m
[[36m2026-05-19 20:00:38,716[0m][[34mrl4co.envs.common.base[0m][[32mINFO[0m] - Loading val dataset from ['/home/athota/PARCO_2026_SRP/data/omdcpdp/n50_m5_seed3333.npz', '/home/athota/PARCO_2026_SRP/data/omdcpdp/n50_m10_seed3333.npz', '/home/athota/PARCO_2026_SRP/data/omdcpdp/n50_m15_seed3333.npz', '/home/athota/PARCO_2026_SRP/data/omdcpdp/n100_m10_seed3333.npz', '/home/athota/PARCO_2026_SRP/data/omdcpdp/n100_m20_seed3333.npz', '/home/athota/PARCO_2026_SRP/data/omdcpdp/n100_m30_seed3333.npz', '/home/athota/PARCO_2026_SRP/data/omdcpdp/n200_m20_seed3333.npz', '/home/athota/PARCO_2026_SRP/data/omdcpdp/n200_m40_seed3333.npz', '/home/athota/PARCO_2026_SRP/data/omdcpdp/n200_m60_seed3333.npz'][0m
[[36m2026-05-19 20:00:40,709[0m][[34mrl4co.envs.common.base[0m][[31mERROR[0m] - Provided file name ['/home/athota/PARCO_2026_SRP/data/omdcpdp/n50_m5_seed3333.npz', '/home/athota/PARCO_2026_SRP/data/omdcpdp/n50_m10_seed3333.npz', '/home/athota/PARCO_2026_SRP/data/omdcpdp/n50_m15_seed3333.npz', '/home/athota/PARCO_2026_SRP/data/omdcpdp/n100_m10_seed3333.npz', '/home/athota/PARCO_2026_SRP/data/omdcpdp/n100_m20_seed3333.npz', '/home/athota/PARCO_2026_SRP/data/omdcpdp/n100_m30_seed3333.npz', '/home/athota/PARCO_2026_SRP/data/omdcpdp/n200_m20_seed3333.npz', '/home/athota/PARCO_2026_SRP/data/omdcpdp/n200_m40_seed3333.npz', '/home/athota/PARCO_2026_SRP/data/omdcpdp/n200_m60_seed3333.npz'] not found. Make sure to provide a file in the right path first or unset val_file to generate data automatically instead[0m
[[36m2026-05-19 20:00:40,891[0m][[34mrl4co.envs.common.base[0m][[32mINFO[0m] - Loading test dataset from ['/home/athota/PARCO_2026_SRP/data/omdcpdp/n50_m5_seed3333.npz', '/home/athota/PARCO_2026_SRP/data/omdcpdp/n50_m10_seed3333.npz', '/home/athota/PARCO_2026_SRP/data/omdcpdp/n50_m15_seed3333.npz', '/home/athota/PARCO_2026_SRP/data/omdcpdp/n100_m10_seed3333.npz', '/home/athota/PARCO_2026_SRP/data/omdcpdp/n100_m20_seed3333.npz', '/home/athota/PARCO_2026_SRP/data/omdcpdp/n100_m30_seed3333.npz', '/home/athota/PARCO_2026_SRP/data/omdcpdp/n200_m20_seed3333.npz', '/home/athota/PARCO_2026_SRP/data/omdcpdp/n200_m40_seed3333.npz', '/home/athota/PARCO_2026_SRP/data/omdcpdp/n200_m60_seed3333.npz'][0m
[[36m2026-05-19 20:00:41,170[0m][[34mrl4co.envs.common.base[0m][[31mERROR[0m] - Provided file name ['/home/athota/PARCO_2026_SRP/data/omdcpdp/n50_m5_seed3333.npz', '/home/athota/PARCO_2026_SRP/data/omdcpdp/n50_m10_seed3333.npz', '/home/athota/PARCO_2026_SRP/data/omdcpdp/n50_m15_seed3333.npz', '/home/athota/PARCO_2026_SRP/data/omdcpdp/n100_m10_seed3333.npz', '/home/athota/PARCO_2026_SRP/data/omdcpdp/n100_m20_seed3333.npz', '/home/athota/PARCO_2026_SRP/data/omdcpdp/n100_m30_seed3333.npz', '/home/athota/PARCO_2026_SRP/data/omdcpdp/n200_m20_seed3333.npz', '/home/athota/PARCO_2026_SRP/data/omdcpdp/n200_m40_seed3333.npz', '/home/athota/PARCO_2026_SRP/data/omdcpdp/n200_m60_seed3333.npz'] not found. Make sure to provide a file in the right path first or unset test_file to generate data automatically instead[0m
┏━━━━━━━━━━━━━━━━━━━━━━━━━━━┳━━━━━━━━━━━━━━━━━━━━━━━━━━━┓
┃        Test metric        ┃       DataLoader 0        ┃
┡━━━━━━━━━━━━━━━━━━━━━━━━━━━╇━━━━━━━━━━━━━━━━━━━━━━━━━━━┩
│    test/halting_ratio     │    0.09777996689081192    │
│        test/reward        │    -33.05601119995117     │
└───────────────────────────┴───────────────────────────┘
Testing ━━━━━━━━━━━━━━━━━━━━━━━━━━━━━━━━ 1250/1250 0:00:32 • 0:00:00 39.06it/s 
[[36m2026-05-19 20:01:19,992[0m][[34m__main__[0m][[32mINFO[0m] - Best ckpt path: /home/athota/PARCO_2026_SRP/logs/train/runs/omdcpdp_n100_m50/parco/2026-05-18_14-40-06/checkpoints/epoch_095.ckpt[0m
[[36m2026-05-19 20:01:19,993[0m][[34mrl4co.utils.utils[0m][[32mINFO[0m] - Output dir: /home/athota/PARCO_2026_SRP/logs/train/runs/omdcpdp_n100_m50/parco/2026-05-18_14-40-06[0m
[[36m2026-05-19 20:01:19,993[0m][[34mrl4co.utils.utils[0m][[32mINFO[0m] - Closing loggers...[0m
[[36m2026-05-19 20:01:19,994[0m][[34mrl4co.utils.utils[0m][[32mINFO[0m] - Closing wandb![0m
[[36m2026-05-19 20:01:20,004[0m][[34mrl4co.utils.utils[0m][[32mINFO[0m] - Metric name is None! Skipping metric value retrieval...[0m
