[rank: 0] Seed set to 1234
/home/athota/PARCO_2026_SRP/.venv/lib/python3.13/site-packages/torchrl/data/replay_buffers/samplers.py:37: UserWarning: Failed to import torchrl C++ binaries. Some modules (eg, prioritized replay buffers) may not work with your installation. This is likely due to a discrepancy between your package version and the PyTorch version. Make sure both are compatible. Usually, torchrl majors follow the pytorch majors within a few days around the release. For instance, TorchRL 0.5 requires PyTorch 2.4.0, and TorchRL 0.6 requires PyTorch 2.5.0.
  warnings.warn(EXTENSION_WARNING)
/home/athota/PARCO_2026_SRP/.venv/lib/python3.13/site-packages/lightning/pytorch/utilities/parsing.py:209: Attribute 'env' is an instance of `nn.Module` and is already saved during checkpointing. It is recommended to ignore them using `self.save_hyperparameters(ignore=['env'])`.
/home/athota/PARCO_2026_SRP/.venv/lib/python3.13/site-packages/lightning/pytorch/utilities/parsing.py:209: Attribute 'policy' is an instance of `nn.Module` and is already saved during checkpointing. It is recommended to ignore them using `self.save_hyperparameters(ignore=['policy'])`.
Using 16bit Automatic Mixed Precision (AMP)
Trainer already configured with model summary callbacks: [<class 'lightning.pytorch.callbacks.rich_model_summary.RichModelSummary'>]. Skipping setting a default `ModelSummary` callback.
GPU available: True (cuda), used: True
TPU available: False, using: 0 TPU cores
HPU available: False, using: 0 HPUs
wandb: WARNING The anonymous setting has no effect and will be removed in a future version.
wandb: WARNING `resume` will be ignored since W&B syncing is set to `offline`. Starting a new run with run id 6jn7xwj0.
wandb: Tracking run with wandb version 0.26.1
wandb: W&B syncing is set to `offline` in this directory. Run `wandb online` or set WANDB_MODE=online to enable cloud syncing.
wandb: Run data is saved locally in /home/athota/PARCO_2026_SRP/logs/train/runs/omdcpdp_n100_m50/parco_sequential/2026-08-06_17-00-55/wandb/offline-run-20260806_170057-6jn7xwj0
LOCAL_RANK: 0 - CUDA_VISIBLE_DEVICES: [0,1,2,3,4,5]
SLURM auto-requeueing enabled. Setting signal handlers.
/home/athota/PARCO_2026_SRP/.venv/lib/python3.13/site-packages/lightning/pytorch/trainer/connectors/data_connector.py:425: The 'val_dataloader' does not have many workers which may be a bottleneck. Consider increasing the value of the `num_workers` argument` to `num_workers=3` in the `DataLoader` to improve performance.
/home/athota/PARCO_2026_SRP/.venv/lib/python3.13/site-packages/lightning/pytorch/trainer/connectors/data_connector.py:425: The 'train_dataloader' does not have many workers which may be a bottleneck. Consider increasing the value of the `num_workers` argument` to `num_workers=3` in the `DataLoader` to improve performance.
srun: Job step aborted: Waiting up to 32 seconds for job step to finish.
slurmstepd: error: *** STEP 705657.0 ON stud-000 CANCELLED AT 2026-08-09T17:00:53 DUE TO TIME LIMIT ***
slurmstepd: error: *** JOB 705657 ON stud-000 CANCELLED AT 2026-08-09T17:00:53 DUE TO TIME LIMIT ***
[rank: 0] Received SIGTERM: 15
Bypassing SIGTERM: 15
[rank: 0] Received SIGTERM: 15
Bypassing SIGTERM: 15
