[2026-08-13 04:25:53,702][rl4co.utils.utils][INFO] - Enforcing tags! <cfg.extras.enforce_tags=True>
[2026-08-13 04:25:53,706][rl4co.utils.utils][INFO] - Printing config tree with Rich! <cfg.extras.print_config=True>
[2026-08-13 04:25:53,763][__main__][INFO] - Instantiating environment <parco.envs.hcvrp.HCVRPEnv>
[2026-08-13 04:25:54,476][__main__][INFO] - Instantiating model <parco.models.rl.PARCORLModule>
[2026-08-13 04:25:54,721][parco.models.policy][INFO] - Initializing default PARCOEncoder
[2026-08-13 04:25:54,755][parco.models.policy][INFO] - Initializing default PARCODecoder
[2026-08-13 04:25:54,829][rl4co.data.transforms][INFO] - Features not passed, defaulting to 'locs'
[2026-08-13 04:25:54,829][rl4co.data.transforms][INFO] - Features not passed, defaulting to 'locs'
[2026-08-13 04:25:54,831][__main__][INFO] - Instantiating callbacks...
[2026-08-13 04:25:54,831][rl4co.utils.instantiators][INFO] - Instantiating callback <lightning.pytorch.callbacks.ModelCheckpoint>
[2026-08-13 04:25:54,838][rl4co.utils.instantiators][INFO] - Instantiating callback <lightning.pytorch.callbacks.RichModelSummary>
[2026-08-13 04:25:54,839][rl4co.utils.instantiators][INFO] - Instantiating callback <lightning.pytorch.callbacks.RichProgressBar>
[2026-08-13 04:25:54,839][rl4co.utils.instantiators][INFO] - Instantiating callback <rl4co.utils.callbacks.speed_monitor.SpeedMonitor>
[2026-08-13 04:25:54,842][rl4co.utils.instantiators][INFO] - Instantiating callback <lightning.pytorch.callbacks.LearningRateMonitor>
[2026-08-13 04:25:54,843][__main__][INFO] - Instantiating loggers...
[2026-08-13 04:25:54,843][rl4co.utils.instantiators][INFO] - Instantiating logger <lightning.pytorch.loggers.wandb.WandbLogger>
[2026-08-13 04:25:54,849][__main__][INFO] - Instantiating trainer...
[2026-08-13 04:25:54,888][__main__][INFO] - Logging hyperparameters!
[2026-08-13 04:25:56,848][__main__][INFO] - Starting training!
[2026-08-13 04:26:37,593][rl4co.models.rl.common.base][INFO] - Setting up batch sizes for train/val/test
[2026-08-13 04:26:37,594][rl4co.models.rl.common.base][INFO] - Setting up datasets
[2026-08-13 04:26:39,613][rl4co.envs.common.base][INFO] - Loading val dataset from ['/home/athota/PARCO_2026_SRP/data/hcvrp/n60_m3_seed24610.npz', '/home/athota/PARCO_2026_SRP/data/hcvrp/n60_m5_seed24610.npz', '/home/athota/PARCO_2026_SRP/data/hcvrp/n60_m7_seed24610.npz', '/home/athota/PARCO_2026_SRP/data/hcvrp/n80_m3_seed24610.npz', '/home/athota/PARCO_2026_SRP/data/hcvrp/n80_m5_seed24610.npz', '/home/athota/PARCO_2026_SRP/data/hcvrp/n80_m7_seed24610.npz', '/home/athota/PARCO_2026_SRP/data/hcvrp/n100_m3_seed24610.npz', '/home/athota/PARCO_2026_SRP/data/hcvrp/n100_m5_seed24610.npz', '/home/athota/PARCO_2026_SRP/data/hcvrp/n100_m7_seed24610.npz']
[2026-08-13 04:26:39,614][rl4co.envs.common.base][ERROR] - Provided file name ['/home/athota/PARCO_2026_SRP/data/hcvrp/n60_m3_seed24610.npz', '/home/athota/PARCO_2026_SRP/data/hcvrp/n60_m5_seed24610.npz', '/home/athota/PARCO_2026_SRP/data/hcvrp/n60_m7_seed24610.npz', '/home/athota/PARCO_2026_SRP/data/hcvrp/n80_m3_seed24610.npz', '/home/athota/PARCO_2026_SRP/data/hcvrp/n80_m5_seed24610.npz', '/home/athota/PARCO_2026_SRP/data/hcvrp/n80_m7_seed24610.npz', '/home/athota/PARCO_2026_SRP/data/hcvrp/n100_m3_seed24610.npz', '/home/athota/PARCO_2026_SRP/data/hcvrp/n100_m5_seed24610.npz', '/home/athota/PARCO_2026_SRP/data/hcvrp/n100_m7_seed24610.npz'] not found. Make sure to provide a file in the right path first or unset val_file to generate data automatically instead
[2026-08-13 04:26:40,075][rl4co.envs.common.base][INFO] - Loading test dataset from ['/home/athota/PARCO_2026_SRP/data/hcvrp/n60_m3_seed24610.npz', '/home/athota/PARCO_2026_SRP/data/hcvrp/n60_m5_seed24610.npz', '/home/athota/PARCO_2026_SRP/data/hcvrp/n60_m7_seed24610.npz', '/home/athota/PARCO_2026_SRP/data/hcvrp/n80_m3_seed24610.npz', '/home/athota/PARCO_2026_SRP/data/hcvrp/n80_m5_seed24610.npz', '/home/athota/PARCO_2026_SRP/data/hcvrp/n80_m7_seed24610.npz', '/home/athota/PARCO_2026_SRP/data/hcvrp/n100_m3_seed24610.npz', '/home/athota/PARCO_2026_SRP/data/hcvrp/n100_m5_seed24610.npz', '/home/athota/PARCO_2026_SRP/data/hcvrp/n100_m7_seed24610.npz']
[2026-08-13 04:26:40,076][rl4co.envs.common.base][ERROR] - Provided file name ['/home/athota/PARCO_2026_SRP/data/hcvrp/n60_m3_seed24610.npz', '/home/athota/PARCO_2026_SRP/data/hcvrp/n60_m5_seed24610.npz', '/home/athota/PARCO_2026_SRP/data/hcvrp/n60_m7_seed24610.npz', '/home/athota/PARCO_2026_SRP/data/hcvrp/n80_m3_seed24610.npz', '/home/athota/PARCO_2026_SRP/data/hcvrp/n80_m5_seed24610.npz', '/home/athota/PARCO_2026_SRP/data/hcvrp/n80_m7_seed24610.npz', '/home/athota/PARCO_2026_SRP/data/hcvrp/n100_m3_seed24610.npz', '/home/athota/PARCO_2026_SRP/data/hcvrp/n100_m5_seed24610.npz', '/home/athota/PARCO_2026_SRP/data/hcvrp/n100_m7_seed24610.npz'] not found. Make sure to provide a file in the right path first or unset test_file to generate data automatically instead
[2026-08-13 04:26:40,236][rl4co.models.rl.common.base][INFO] - Instantiating optimizer <Adam>
[2026-08-13 04:26:40,237][rl4co.models.rl.common.base][INFO] - Instantiating LR scheduler <MultiStepLR>
[2026-08-13 04:32:32,837][rl4co.models.rl.common.base][INFO] - Generating training dataset for next epoch...
[2026-08-13 04:32:35,332][rl4co.utils.utils][ERROR] - 
Traceback (most recent call last):
  File "/home/athota/PARCO_2026_SRP/.venv/lib/python3.13/site-packages/rl4co/utils/utils.py", line 41, in wrap
    metric_dict, object_dict = task_func(cfg=cfg)
                               ~~~~~~~~~^^^^^^^^^
  File "/home/athota/PARCO_2026_SRP/train.py", line 76, in run
    trainer.fit(model=model, ckpt_path=cfg.get("ckpt_path"))
    ~~~~~~~~~~~^^^^^^^^^^^^^^^^^^^^^^^^^^^^^^^^^^^^^^^^^^^^^
  File "/home/athota/PARCO_2026_SRP/.venv/lib/python3.13/site-packages/rl4co/utils/trainer.py", line 146, in fit
    super().fit(
    ~~~~~~~~~~~^
        model=model,
        ^^^^^^^^^^^^
    ...<3 lines>...
        ckpt_path=ckpt_path,
        ^^^^^^^^^^^^^^^^^^^^
    )
    ^
  File "/home/athota/PARCO_2026_SRP/.venv/lib/python3.13/site-packages/lightning/pytorch/trainer/trainer.py", line 561, in fit
    call._call_and_handle_interrupt(
    ~~~~~~~~~~~~~~~~~~~~~~~~~~~~~~~^
        self, self._fit_impl, model, train_dataloaders, val_dataloaders, datamodule, ckpt_path
        ^^^^^^^^^^^^^^^^^^^^^^^^^^^^^^^^^^^^^^^^^^^^^^^^^^^^^^^^^^^^^^^^^^^^^^^^^^^^^^^^^^^^^^
    )
    ^
  File "/home/athota/PARCO_2026_SRP/.venv/lib/python3.13/site-packages/lightning/pytorch/trainer/call.py", line 47, in _call_and_handle_interrupt
    return trainer.strategy.launcher.launch(trainer_fn, *args, trainer=trainer, **kwargs)
           ~~~~~~~~~~~~~~~~~~~~~~~~~~~~~~~~^^^^^^^^^^^^^^^^^^^^^^^^^^^^^^^^^^^^^^^^^^^^^^
  File "/home/athota/PARCO_2026_SRP/.venv/lib/python3.13/site-packages/lightning/pytorch/strategies/launchers/subprocess_script.py", line 105, in launch
    return function(*args, **kwargs)
  File "/home/athota/PARCO_2026_SRP/.venv/lib/python3.13/site-packages/lightning/pytorch/trainer/trainer.py", line 599, in _fit_impl
    self._run(model, ckpt_path=ckpt_path)
    ~~~~~~~~~^^^^^^^^^^^^^^^^^^^^^^^^^^^^
  File "/home/athota/PARCO_2026_SRP/.venv/lib/python3.13/site-packages/lightning/pytorch/trainer/trainer.py", line 1012, in _run
    results = self._run_stage()
  File "/home/athota/PARCO_2026_SRP/.venv/lib/python3.13/site-packages/lightning/pytorch/trainer/trainer.py", line 1056, in _run_stage
    self.fit_loop.run()
    ~~~~~~~~~~~~~~~~~^^
  File "/home/athota/PARCO_2026_SRP/.venv/lib/python3.13/site-packages/lightning/pytorch/loops/fit_loop.py", line 217, in run
    self.on_advance_end()
    ~~~~~~~~~~~~~~~~~~~^^
  File "/home/athota/PARCO_2026_SRP/.venv/lib/python3.13/site-packages/lightning/pytorch/loops/fit_loop.py", line 470, in on_advance_end
    call._call_callback_hooks(trainer, "on_train_epoch_end", monitoring_callbacks=True)
    ~~~~~~~~~~~~~~~~~~~~~~~~~^^^^^^^^^^^^^^^^^^^^^^^^^^^^^^^^^^^^^^^^^^^^^^^^^^^^^^^^^^
  File "/home/athota/PARCO_2026_SRP/.venv/lib/python3.13/site-packages/lightning/pytorch/trainer/call.py", line 227, in _call_callback_hooks
    fn(trainer, trainer.lightning_module, *args, **kwargs)
    ~~^^^^^^^^^^^^^^^^^^^^^^^^^^^^^^^^^^^^^^^^^^^^^^^^^^^^
  File "/home/athota/PARCO_2026_SRP/.venv/lib/python3.13/site-packages/lightning/pytorch/callbacks/model_checkpoint.py", line 325, in on_train_epoch_end
    self._save_topk_checkpoint(trainer, monitor_candidates)
    ~~~~~~~~~~~~~~~~~~~~~~~~~~^^^^^^^^^^^^^^^^^^^^^^^^^^^^^
  File "/home/athota/PARCO_2026_SRP/.venv/lib/python3.13/site-packages/lightning/pytorch/callbacks/model_checkpoint.py", line 383, in _save_topk_checkpoint
    raise MisconfigurationException(m)
lightning.fabric.utilities.exceptions.MisconfigurationException: `ModelCheckpoint(monitor='val/reward/n60_m5')` could not find the monitored key in the returned metrics: ['lr-Adam', 'train/reward', 'train/halting_ratio', 'train/loss', 'val/reward', 'val/halting_ratio', 'epoch', 'step']. HINT: Did you call `log('val/reward/n60_m5', value)` in the `LightningModule`?
[2026-08-13 04:32:35,361][rl4co.utils.utils][INFO] - Output dir: /home/athota/PARCO_2026_SRP/logs/train/runs/hcvrp_n100_m7/parco_sequential/2026-08-13_04-25-53
[2026-08-13 04:32:35,361][rl4co.utils.utils][INFO] - Closing loggers...
[2026-08-13 04:32:35,361][rl4co.utils.utils][INFO] - Closing wandb!
[2026-08-13 09:11:30,617][rl4co.utils.utils][INFO] - Enforcing tags! <cfg.extras.enforce_tags=True>
[2026-08-13 09:11:30,622][rl4co.utils.utils][INFO] - Printing config tree with Rich! <cfg.extras.print_config=True>
[2026-08-13 09:11:30,678][__main__][INFO] - Instantiating environment <parco.envs.hcvrp.HCVRPEnv>
[2026-08-13 09:11:31,297][__main__][INFO] - Instantiating model <parco.models.rl.PARCORLModule>
[2026-08-13 09:11:31,429][parco.models.policy][INFO] - Initializing default PARCOEncoder
[2026-08-13 09:11:31,485][parco.models.policy][INFO] - Initializing default PARCODecoder
[2026-08-13 09:11:31,555][rl4co.data.transforms][INFO] - Features not passed, defaulting to 'locs'
[2026-08-13 09:11:31,555][rl4co.data.transforms][INFO] - Features not passed, defaulting to 'locs'
[2026-08-13 09:11:31,557][__main__][INFO] - Instantiating callbacks...
[2026-08-13 09:11:31,557][rl4co.utils.instantiators][INFO] - Instantiating callback <lightning.pytorch.callbacks.ModelCheckpoint>
[2026-08-13 09:11:31,564][rl4co.utils.instantiators][INFO] - Instantiating callback <lightning.pytorch.callbacks.RichModelSummary>
[2026-08-13 09:11:31,565][rl4co.utils.instantiators][INFO] - Instantiating callback <lightning.pytorch.callbacks.RichProgressBar>
[2026-08-13 09:11:31,565][rl4co.utils.instantiators][INFO] - Instantiating callback <rl4co.utils.callbacks.speed_monitor.SpeedMonitor>
[2026-08-13 09:11:31,567][rl4co.utils.instantiators][INFO] - Instantiating callback <lightning.pytorch.callbacks.LearningRateMonitor>
[2026-08-13 09:11:31,568][__main__][INFO] - Instantiating loggers...
[2026-08-13 09:11:31,568][rl4co.utils.instantiators][INFO] - Instantiating logger <lightning.pytorch.loggers.wandb.WandbLogger>
[2026-08-13 09:11:31,574][__main__][INFO] - Instantiating trainer...
[2026-08-13 09:11:31,613][__main__][INFO] - Logging hyperparameters!
[2026-08-13 09:11:33,483][__main__][INFO] - Starting training!
[2026-08-13 09:12:14,214][rl4co.models.rl.common.base][INFO] - Setting up batch sizes for train/val/test
[2026-08-13 09:12:14,215][rl4co.models.rl.common.base][INFO] - Setting up datasets
[2026-08-13 09:12:16,264][rl4co.envs.common.base][INFO] - Loading val dataset from ['/home/athota/PARCO_2026_SRP/data/hcvrp/n60_m3_seed24610.npz', '/home/athota/PARCO_2026_SRP/data/hcvrp/n60_m5_seed24610.npz', '/home/athota/PARCO_2026_SRP/data/hcvrp/n60_m7_seed24610.npz', '/home/athota/PARCO_2026_SRP/data/hcvrp/n80_m3_seed24610.npz', '/home/athota/PARCO_2026_SRP/data/hcvrp/n80_m5_seed24610.npz', '/home/athota/PARCO_2026_SRP/data/hcvrp/n80_m7_seed24610.npz', '/home/athota/PARCO_2026_SRP/data/hcvrp/n100_m3_seed24610.npz', '/home/athota/PARCO_2026_SRP/data/hcvrp/n100_m5_seed24610.npz', '/home/athota/PARCO_2026_SRP/data/hcvrp/n100_m7_seed24610.npz']
[2026-08-13 09:12:16,265][rl4co.envs.common.base][ERROR] - Provided file name ['/home/athota/PARCO_2026_SRP/data/hcvrp/n60_m3_seed24610.npz', '/home/athota/PARCO_2026_SRP/data/hcvrp/n60_m5_seed24610.npz', '/home/athota/PARCO_2026_SRP/data/hcvrp/n60_m7_seed24610.npz', '/home/athota/PARCO_2026_SRP/data/hcvrp/n80_m3_seed24610.npz', '/home/athota/PARCO_2026_SRP/data/hcvrp/n80_m5_seed24610.npz', '/home/athota/PARCO_2026_SRP/data/hcvrp/n80_m7_seed24610.npz', '/home/athota/PARCO_2026_SRP/data/hcvrp/n100_m3_seed24610.npz', '/home/athota/PARCO_2026_SRP/data/hcvrp/n100_m5_seed24610.npz', '/home/athota/PARCO_2026_SRP/data/hcvrp/n100_m7_seed24610.npz'] not found. Make sure to provide a file in the right path first or unset val_file to generate data automatically instead
[2026-08-13 09:12:16,753][rl4co.envs.common.base][INFO] - Loading test dataset from ['/home/athota/PARCO_2026_SRP/data/hcvrp/n60_m3_seed24610.npz', '/home/athota/PARCO_2026_SRP/data/hcvrp/n60_m5_seed24610.npz', '/home/athota/PARCO_2026_SRP/data/hcvrp/n60_m7_seed24610.npz', '/home/athota/PARCO_2026_SRP/data/hcvrp/n80_m3_seed24610.npz', '/home/athota/PARCO_2026_SRP/data/hcvrp/n80_m5_seed24610.npz', '/home/athota/PARCO_2026_SRP/data/hcvrp/n80_m7_seed24610.npz', '/home/athota/PARCO_2026_SRP/data/hcvrp/n100_m3_seed24610.npz', '/home/athota/PARCO_2026_SRP/data/hcvrp/n100_m5_seed24610.npz', '/home/athota/PARCO_2026_SRP/data/hcvrp/n100_m7_seed24610.npz']
[2026-08-13 09:12:16,753][rl4co.envs.common.base][ERROR] - Provided file name ['/home/athota/PARCO_2026_SRP/data/hcvrp/n60_m3_seed24610.npz', '/home/athota/PARCO_2026_SRP/data/hcvrp/n60_m5_seed24610.npz', '/home/athota/PARCO_2026_SRP/data/hcvrp/n60_m7_seed24610.npz', '/home/athota/PARCO_2026_SRP/data/hcvrp/n80_m3_seed24610.npz', '/home/athota/PARCO_2026_SRP/data/hcvrp/n80_m5_seed24610.npz', '/home/athota/PARCO_2026_SRP/data/hcvrp/n80_m7_seed24610.npz', '/home/athota/PARCO_2026_SRP/data/hcvrp/n100_m3_seed24610.npz', '/home/athota/PARCO_2026_SRP/data/hcvrp/n100_m5_seed24610.npz', '/home/athota/PARCO_2026_SRP/data/hcvrp/n100_m7_seed24610.npz'] not found. Make sure to provide a file in the right path first or unset test_file to generate data automatically instead
[2026-08-13 09:12:16,921][rl4co.models.rl.common.base][INFO] - Instantiating optimizer <Adam>
[2026-08-13 09:12:16,922][rl4co.models.rl.common.base][INFO] - Instantiating LR scheduler <MultiStepLR>
[2026-08-13 09:18:06,497][rl4co.models.rl.common.base][INFO] - Generating training dataset for next epoch...
[2026-08-13 09:23:37,105][rl4co.models.rl.common.base][INFO] - Generating training dataset for next epoch...
[2026-08-13 09:29:11,696][rl4co.models.rl.common.base][INFO] - Generating training dataset for next epoch...
[2026-08-13 09:34:49,545][rl4co.models.rl.common.base][INFO] - Generating training dataset for next epoch...
[2026-08-13 09:40:38,216][rl4co.models.rl.common.base][INFO] - Generating training dataset for next epoch...
[2026-08-13 09:46:41,355][rl4co.models.rl.common.base][INFO] - Generating training dataset for next epoch...
[2026-08-13 09:52:37,794][rl4co.models.rl.common.base][INFO] - Generating training dataset for next epoch...
[2026-08-13 09:59:03,542][rl4co.models.rl.common.base][INFO] - Generating training dataset for next epoch...
[2026-08-13 10:05:07,054][rl4co.models.rl.common.base][INFO] - Generating training dataset for next epoch...
[2026-08-13 10:11:24,797][rl4co.models.rl.common.base][INFO] - Generating training dataset for next epoch...
[2026-08-13 10:19:27,995][rl4co.models.rl.common.base][INFO] - Generating training dataset for next epoch...
[2026-08-13 10:25:17,727][rl4co.models.rl.common.base][INFO] - Generating training dataset for next epoch...
[2026-08-13 10:30:46,882][rl4co.models.rl.common.base][INFO] - Generating training dataset for next epoch...
[2026-08-13 10:36:27,134][rl4co.models.rl.common.base][INFO] - Generating training dataset for next epoch...
[2026-08-13 10:42:01,632][rl4co.models.rl.common.base][INFO] - Generating training dataset for next epoch...
[2026-08-13 10:48:38,083][rl4co.models.rl.common.base][INFO] - Generating training dataset for next epoch...
[2026-08-13 10:55:45,116][rl4co.models.rl.common.base][INFO] - Generating training dataset for next epoch...
[2026-08-13 11:03:06,969][rl4co.models.rl.common.base][INFO] - Generating training dataset for next epoch...
[2026-08-13 11:08:50,783][rl4co.models.rl.common.base][INFO] - Generating training dataset for next epoch...
[2026-08-13 11:14:12,422][rl4co.models.rl.common.base][INFO] - Generating training dataset for next epoch...
[2026-08-13 11:19:31,910][rl4co.models.rl.common.base][INFO] - Generating training dataset for next epoch...
[2026-08-13 11:24:50,501][rl4co.models.rl.common.base][INFO] - Generating training dataset for next epoch...
[2026-08-13 11:30:06,674][rl4co.models.rl.common.base][INFO] - Generating training dataset for next epoch...
[2026-08-13 11:35:20,173][rl4co.models.rl.common.base][INFO] - Generating training dataset for next epoch...
[2026-08-13 11:40:37,631][rl4co.models.rl.common.base][INFO] - Generating training dataset for next epoch...
[2026-08-13 11:45:54,373][rl4co.models.rl.common.base][INFO] - Generating training dataset for next epoch...
[2026-08-13 11:51:11,314][rl4co.models.rl.common.base][INFO] - Generating training dataset for next epoch...
[2026-08-13 11:56:31,228][rl4co.models.rl.common.base][INFO] - Generating training dataset for next epoch...
[2026-08-13 12:01:49,611][rl4co.models.rl.common.base][INFO] - Generating training dataset for next epoch...
[2026-08-13 12:07:08,735][rl4co.models.rl.common.base][INFO] - Generating training dataset for next epoch...
[2026-08-13 12:12:28,561][rl4co.models.rl.common.base][INFO] - Generating training dataset for next epoch...
[2026-08-13 12:17:45,619][rl4co.models.rl.common.base][INFO] - Generating training dataset for next epoch...
[2026-08-13 12:23:06,182][rl4co.models.rl.common.base][INFO] - Generating training dataset for next epoch...
[2026-08-13 12:28:21,894][rl4co.models.rl.common.base][INFO] - Generating training dataset for next epoch...
[2026-08-13 12:33:39,649][rl4co.models.rl.common.base][INFO] - Generating training dataset for next epoch...
[2026-08-13 12:39:00,305][rl4co.models.rl.common.base][INFO] - Generating training dataset for next epoch...
[2026-08-13 12:44:16,743][rl4co.models.rl.common.base][INFO] - Generating training dataset for next epoch...
[2026-08-13 12:49:32,376][rl4co.models.rl.common.base][INFO] - Generating training dataset for next epoch...
[2026-08-13 12:54:51,601][rl4co.models.rl.common.base][INFO] - Generating training dataset for next epoch...
[2026-08-13 13:00:11,436][rl4co.models.rl.common.base][INFO] - Generating training dataset for next epoch...
[2026-08-13 13:05:28,187][rl4co.models.rl.common.base][INFO] - Generating training dataset for next epoch...
[2026-08-13 13:10:41,282][rl4co.models.rl.common.base][INFO] - Generating training dataset for next epoch...
[2026-08-13 13:16:01,693][rl4co.models.rl.common.base][INFO] - Generating training dataset for next epoch...
[2026-08-13 13:21:19,966][rl4co.models.rl.common.base][INFO] - Generating training dataset for next epoch...
[2026-08-13 13:26:39,640][rl4co.models.rl.common.base][INFO] - Generating training dataset for next epoch...
[2026-08-13 13:31:57,309][rl4co.models.rl.common.base][INFO] - Generating training dataset for next epoch...
[2026-08-13 13:37:18,313][rl4co.models.rl.common.base][INFO] - Generating training dataset for next epoch...
[2026-08-13 13:42:35,543][rl4co.models.rl.common.base][INFO] - Generating training dataset for next epoch...
[2026-08-13 13:47:48,879][rl4co.models.rl.common.base][INFO] - Generating training dataset for next epoch...
[2026-08-13 13:53:07,179][rl4co.models.rl.common.base][INFO] - Generating training dataset for next epoch...
[2026-08-13 13:58:26,159][rl4co.models.rl.common.base][INFO] - Generating training dataset for next epoch...
[2026-08-13 14:03:44,316][rl4co.models.rl.common.base][INFO] - Generating training dataset for next epoch...
[2026-08-13 14:09:02,212][rl4co.models.rl.common.base][INFO] - Generating training dataset for next epoch...
[2026-08-13 14:14:21,367][rl4co.models.rl.common.base][INFO] - Generating training dataset for next epoch...
[2026-08-13 14:19:35,555][rl4co.models.rl.common.base][INFO] - Generating training dataset for next epoch...
[2026-08-13 14:24:50,046][rl4co.models.rl.common.base][INFO] - Generating training dataset for next epoch...
[2026-08-13 14:30:10,528][rl4co.models.rl.common.base][INFO] - Generating training dataset for next epoch...
[2026-08-13 14:35:26,912][rl4co.models.rl.common.base][INFO] - Generating training dataset for next epoch...
[2026-08-13 14:40:42,347][rl4co.models.rl.common.base][INFO] - Generating training dataset for next epoch...
[2026-08-13 14:45:58,614][rl4co.models.rl.common.base][INFO] - Generating training dataset for next epoch...
[2026-08-13 14:51:16,729][rl4co.models.rl.common.base][INFO] - Generating training dataset for next epoch...
[2026-08-13 14:56:31,477][rl4co.models.rl.common.base][INFO] - Generating training dataset for next epoch...
[2026-08-13 15:01:47,284][rl4co.models.rl.common.base][INFO] - Generating training dataset for next epoch...
[2026-08-13 15:07:09,530][rl4co.models.rl.common.base][INFO] - Generating training dataset for next epoch...
[2026-08-13 15:12:29,575][rl4co.models.rl.common.base][INFO] - Generating training dataset for next epoch...
[2026-08-13 15:17:49,576][rl4co.models.rl.common.base][INFO] - Generating training dataset for next epoch...
[2026-08-13 15:23:07,911][rl4co.models.rl.common.base][INFO] - Generating training dataset for next epoch...
[2026-08-13 15:28:30,014][rl4co.models.rl.common.base][INFO] - Generating training dataset for next epoch...
[2026-08-13 15:33:46,377][rl4co.models.rl.common.base][INFO] - Generating training dataset for next epoch...
[2026-08-13 15:39:03,558][rl4co.models.rl.common.base][INFO] - Generating training dataset for next epoch...
[2026-08-13 15:44:22,795][rl4co.models.rl.common.base][INFO] - Generating training dataset for next epoch...
[2026-08-13 15:49:46,238][rl4co.models.rl.common.base][INFO] - Generating training dataset for next epoch...
[2026-08-13 15:55:05,575][rl4co.models.rl.common.base][INFO] - Generating training dataset for next epoch...
[2026-08-13 16:00:24,216][rl4co.models.rl.common.base][INFO] - Generating training dataset for next epoch...
[2026-08-13 16:05:42,805][rl4co.models.rl.common.base][INFO] - Generating training dataset for next epoch...
[2026-08-13 16:11:00,159][rl4co.models.rl.common.base][INFO] - Generating training dataset for next epoch...
[2026-08-13 16:16:21,956][rl4co.models.rl.common.base][INFO] - Generating training dataset for next epoch...
[2026-08-13 16:21:40,236][rl4co.models.rl.common.base][INFO] - Generating training dataset for next epoch...
[2026-08-13 16:27:00,102][rl4co.models.rl.common.base][INFO] - Generating training dataset for next epoch...
[2026-08-13 16:32:15,697][rl4co.models.rl.common.base][INFO] - Generating training dataset for next epoch...
[2026-08-13 16:37:33,841][rl4co.models.rl.common.base][INFO] - Generating training dataset for next epoch...
[2026-08-13 16:42:51,444][rl4co.models.rl.common.base][INFO] - Generating training dataset for next epoch...
[2026-08-13 16:48:10,081][rl4co.models.rl.common.base][INFO] - Generating training dataset for next epoch...
[2026-08-13 16:53:24,909][rl4co.models.rl.common.base][INFO] - Generating training dataset for next epoch...
[2026-08-13 16:58:42,387][rl4co.models.rl.common.base][INFO] - Generating training dataset for next epoch...
[2026-08-13 17:04:02,109][rl4co.models.rl.common.base][INFO] - Generating training dataset for next epoch...
[2026-08-13 17:09:21,655][rl4co.models.rl.common.base][INFO] - Generating training dataset for next epoch...
[2026-08-13 17:14:35,400][rl4co.models.rl.common.base][INFO] - Generating training dataset for next epoch...
[2026-08-13 17:19:52,642][rl4co.models.rl.common.base][INFO] - Generating training dataset for next epoch...
[2026-08-13 17:25:12,338][rl4co.models.rl.common.base][INFO] - Generating training dataset for next epoch...
[2026-08-13 17:30:30,314][rl4co.models.rl.common.base][INFO] - Generating training dataset for next epoch...
[2026-08-13 17:35:44,489][rl4co.models.rl.common.base][INFO] - Generating training dataset for next epoch...
[2026-08-13 17:41:02,049][rl4co.models.rl.common.base][INFO] - Generating training dataset for next epoch...
[2026-08-13 17:46:18,642][rl4co.models.rl.common.base][INFO] - Generating training dataset for next epoch...
[2026-08-13 17:51:31,830][rl4co.models.rl.common.base][INFO] - Generating training dataset for next epoch...
[2026-08-13 17:56:52,346][rl4co.models.rl.common.base][INFO] - Generating training dataset for next epoch...
[2026-08-13 18:02:08,347][rl4co.models.rl.common.base][INFO] - Generating training dataset for next epoch...
[2026-08-13 18:07:26,139][rl4co.models.rl.common.base][INFO] - Generating training dataset for next epoch...
[2026-08-13 18:12:41,381][rl4co.models.rl.common.base][INFO] - Generating training dataset for next epoch...
[2026-08-13 18:17:58,573][__main__][INFO] - Starting testing!
[2026-08-13 18:17:58,598][rl4co.models.rl.common.base][INFO] - Setting up batch sizes for train/val/test
[2026-08-13 18:17:58,598][rl4co.models.rl.common.base][INFO] - Setting up datasets
[2026-08-13 18:18:01,172][rl4co.envs.common.base][INFO] - Loading val dataset from ['/home/athota/PARCO_2026_SRP/data/hcvrp/n60_m3_seed24610.npz', '/home/athota/PARCO_2026_SRP/data/hcvrp/n60_m5_seed24610.npz', '/home/athota/PARCO_2026_SRP/data/hcvrp/n60_m7_seed24610.npz', '/home/athota/PARCO_2026_SRP/data/hcvrp/n80_m3_seed24610.npz', '/home/athota/PARCO_2026_SRP/data/hcvrp/n80_m5_seed24610.npz', '/home/athota/PARCO_2026_SRP/data/hcvrp/n80_m7_seed24610.npz', '/home/athota/PARCO_2026_SRP/data/hcvrp/n100_m3_seed24610.npz', '/home/athota/PARCO_2026_SRP/data/hcvrp/n100_m5_seed24610.npz', '/home/athota/PARCO_2026_SRP/data/hcvrp/n100_m7_seed24610.npz']
[2026-08-13 18:18:01,173][rl4co.envs.common.base][ERROR] - Provided file name ['/home/athota/PARCO_2026_SRP/data/hcvrp/n60_m3_seed24610.npz', '/home/athota/PARCO_2026_SRP/data/hcvrp/n60_m5_seed24610.npz', '/home/athota/PARCO_2026_SRP/data/hcvrp/n60_m7_seed24610.npz', '/home/athota/PARCO_2026_SRP/data/hcvrp/n80_m3_seed24610.npz', '/home/athota/PARCO_2026_SRP/data/hcvrp/n80_m5_seed24610.npz', '/home/athota/PARCO_2026_SRP/data/hcvrp/n80_m7_seed24610.npz', '/home/athota/PARCO_2026_SRP/data/hcvrp/n100_m3_seed24610.npz', '/home/athota/PARCO_2026_SRP/data/hcvrp/n100_m5_seed24610.npz', '/home/athota/PARCO_2026_SRP/data/hcvrp/n100_m7_seed24610.npz'] not found. Make sure to provide a file in the right path first or unset val_file to generate data automatically instead
[2026-08-13 18:18:01,377][rl4co.envs.common.base][INFO] - Loading test dataset from ['/home/athota/PARCO_2026_SRP/data/hcvrp/n60_m3_seed24610.npz', '/home/athota/PARCO_2026_SRP/data/hcvrp/n60_m5_seed24610.npz', '/home/athota/PARCO_2026_SRP/data/hcvrp/n60_m7_seed24610.npz', '/home/athota/PARCO_2026_SRP/data/hcvrp/n80_m3_seed24610.npz', '/home/athota/PARCO_2026_SRP/data/hcvrp/n80_m5_seed24610.npz', '/home/athota/PARCO_2026_SRP/data/hcvrp/n80_m7_seed24610.npz', '/home/athota/PARCO_2026_SRP/data/hcvrp/n100_m3_seed24610.npz', '/home/athota/PARCO_2026_SRP/data/hcvrp/n100_m5_seed24610.npz', '/home/athota/PARCO_2026_SRP/data/hcvrp/n100_m7_seed24610.npz']
[2026-08-13 18:18:01,377][rl4co.envs.common.base][ERROR] - Provided file name ['/home/athota/PARCO_2026_SRP/data/hcvrp/n60_m3_seed24610.npz', '/home/athota/PARCO_2026_SRP/data/hcvrp/n60_m5_seed24610.npz', '/home/athota/PARCO_2026_SRP/data/hcvrp/n60_m7_seed24610.npz', '/home/athota/PARCO_2026_SRP/data/hcvrp/n80_m3_seed24610.npz', '/home/athota/PARCO_2026_SRP/data/hcvrp/n80_m5_seed24610.npz', '/home/athota/PARCO_2026_SRP/data/hcvrp/n80_m7_seed24610.npz', '/home/athota/PARCO_2026_SRP/data/hcvrp/n100_m3_seed24610.npz', '/home/athota/PARCO_2026_SRP/data/hcvrp/n100_m5_seed24610.npz', '/home/athota/PARCO_2026_SRP/data/hcvrp/n100_m7_seed24610.npz'] not found. Make sure to provide a file in the right path first or unset test_file to generate data automatically instead
[2026-08-13 18:18:17,989][__main__][INFO] - Best ckpt path: /home/athota/PARCO_2026_SRP/logs/train/runs/hcvrp_n100_m7/parco_sequential/2026-08-13_09-11-30/checkpoints/epoch_003.ckpt
[2026-08-13 18:18:17,990][rl4co.utils.utils][INFO] - Output dir: /home/athota/PARCO_2026_SRP/logs/train/runs/hcvrp_n100_m7/parco_sequential/2026-08-13_09-11-30
[2026-08-13 18:18:17,990][rl4co.utils.utils][INFO] - Closing loggers...
[2026-08-13 18:18:17,991][rl4co.utils.utils][INFO] - Closing wandb!
[2026-08-13 18:18:18,001][rl4co.utils.utils][INFO] - Metric name is None! Skipping metric value retrieval...
