CONFIG
├── model
│   └── _target_: parco.models.rl.PARCORLModule                                 
│       metrics:                                                                
│         train:                                                                
│         - loss                                                                
│         - reward                                                              
│         - halting_ratio                                                       
│         - pos_ratio                                                           
│         val:                                                                  
│         - reward                                                              
│         - halting_ratio                                                       
│         - pos_ratio                                                           
│         test:                                                                 
│         - reward                                                              
│         - halting_ratio                                                       
│         - pos_ratio                                                           
│         log_on_step: true                                                     
│       policy:                                                                 
│         _target_: parco.models.policy.PARCOPolicy                             
│         env_name: omdcpdp                                                     
│         agent_handler: highprob                                               
│         embed_dim: 128                                                        
│         norm_after: false                                                     
│         normalization: rms                                                    
│         use_final_norm: false                                                 
│         parallel_gated_kwargs:                                                
│           mlp_activation: silu                                                
│         context_embedding_kwargs:                                             
│           normalization: rms                                                  
│           norm_after: false                                                   
│           use_final_norm: false                                               
│           parallel_gated_kwargs:                                              
│             mlp_activation: silu                                              
│       batch_size: 8                                                           
│       val_batch_size: 8                                                       
│       test_batch_size: 8                                                      
│       train_data_size: 100000                                                 
│       val_data_size: 10000                                                    
│       test_data_size: 10000                                                   
│       optimizer_kwargs:                                                       
│         lr: 0.0001                                                            
│         weight_decay: 0.0                                                     
│       lr_scheduler: MultiStepLR                                               
│       lr_scheduler_kwargs:                                                    
│         milestones:                                                           
│         - 80                                                                  
│         - 95                                                                  
│         gamma: 0.1                                                            
│       num_augment: 4                                                          
│       train_min_agents: 10                                                    
│       train_max_agents: 50                                                    
│       train_min_size: 50                                                      
│       train_max_size: 100                                                     
│                                                                               
├── callbacks
│   └── model_checkpoint:                                                       
│         _target_: lightning.pytorch.callbacks.ModelCheckpoint                 
│         dirpath: /home/athota/PARCO_2026_SRP/logs/train/runs/omdcpdp_n100_m50/
│         filename: epoch_{epoch:03d}                                           
│         monitor: val/reward                                                   
│         verbose: false                                                        
│         save_last: true                                                       
│         save_top_k: 1                                                         
│         mode: max                                                             
│         auto_insert_metric_name: false                                        
│         save_weights_only: false                                              
│         every_n_train_steps: null                                             
│         train_time_interval: null                                             
│         every_n_epochs: null                                                  
│         save_on_train_epoch_end: null                                         
│       model_summary:                                                          
│         _target_: lightning.pytorch.callbacks.RichModelSummary                
│         max_depth: 5                                                          
│       rich_progress_bar:                                                      
│         _target_: lightning.pytorch.callbacks.RichProgressBar                 
│       speed_monitor:                                                          
│         _target_: rl4co.utils.callbacks.speed_monitor.SpeedMonitor            
│         intra_step_time: true                                                 
│         inter_step_time: true                                                 
│         epoch_time: true                                                      
│       learning_rate_monitor:                                                  
│         _target_: lightning.pytorch.callbacks.LearningRateMonitor             
│         logging_interval: epoch                                               
│                                                                               
├── logger
│   └── wandb:                                                                  
│         _target_: lightning.pytorch.loggers.wandb.WandbLogger                 
│         save_dir: /home/athota/PARCO_2026_SRP/logs/train/runs/omdcpdp_n100_m50
│         offline: false                                                        
│         id: null                                                              
│         anonymous: null                                                       
│         project: parco-omdcpdp                                                
│         log_model: false                                                      
│         prefix: ''                                                            
│         group: omdcpdp_n100_m50                                               
│         tags:                                                                 
│         - parco                                                               
│         - omdcpdp                                                             
│         - communication                                                       
│         job_type: ''                                                          
│         name: parco                                                           
│                                                                               
├── trainer
│   └── _target_: rl4co.utils.trainer.RL4COTrainer                              
│       default_root_dir: /home/athota/PARCO_2026_SRP/logs/train/runs/omdcpdp_n1
│       gradient_clip_val: 1.0                                                  
│       accelerator: gpu                                                        
│       precision: 16-mixed                                                     
│       check_val_every_n_epoch: 1                                              
│       deterministic: false                                                    
│       max_epochs: 100                                                         
│       accumulate_grad_batches: 16                                             
│       devices: 1                                                              
│                                                                               
├── paths
│   └── root_dir: /home/athota/PARCO_2026_SRP                                   
│       data_dir: /home/athota/PARCO_2026_SRP/data/                             
│       log_dir: /home/athota/PARCO_2026_SRP/logs/                              
│       output_dir: /home/athota/PARCO_2026_SRP/logs/train/runs/omdcpdp_n100_m50
│       work_dir: /home/athota/PARCO_2026_SRP                                   
│                                                                               
├── extras
│   └── ignore_warnings: false                                                  
│       enforce_tags: true                                                      
│       print_config: true                                                      
│                                                                               
├── mode
│   └── train                                                                   
├── tags
│   └── ['dev']                                                                 
├── train
│   └── True                                                                    
├── test
│   └── True                                                                    
├── compile
│   └── False                                                                   
├── ckpt_path
│   └── None                                                                    
├── seed
│   └── 1234                                                                    
├── matmul_precision
│   └── medium                                                                  
├── metrics
│   └── train:                                                                  
│       - loss                                                                  
│       - reward                                                                
│       val:                                                                    
│       - reward                                                                
│       test:                                                                   
│       - reward                                                                
│       log_on_step: true                                                       
│                                                                               
└── env
    └── _target_: parco.envs.omdcpdp.env.OMDCPDPEnv                             
        name: omdcpdp                                                           
        reward_mode: lateness                                                   
        generator_params:                                                       
          num_loc: 100                                                          
          num_agents: 50                                                        
        data_dir: /home/athota/PARCO_2026_SRP/data/omdcpdp                      
        val_file:                                                               
        - n50_m5_seed3333.npz                                                   
        - n50_m10_seed3333.npz                                                  
        - n50_m15_seed3333.npz                                                  
        - n100_m10_seed3333.npz                                                 
        - n100_m20_seed3333.npz                                                 
        - n100_m30_seed3333.npz                                                 
        - n200_m20_seed3333.npz                                                 
        - n200_m40_seed3333.npz                                                 
        - n200_m60_seed3333.npz                                                 
        val_dataloader_names:                                                   
        - n50_m5                                                                
        - n50_m10                                                               
        - n50_m20                                                               
        - n100_m10                                                              
        - n100_m20                                                              
        - n100_m30                                                              
        - n200_m20                                                              
        - n200_m40                                                              
        - n200_m60                                                              
        test_file:                                                              
        - n50_m5_seed3333.npz                                                   
        - n50_m10_seed3333.npz                                                  
        - n50_m15_seed3333.npz                                                  
        - n100_m10_seed3333.npz                                                 
        - n100_m20_seed3333.npz                                                 
        - n100_m30_seed3333.npz                                                 
        - n200_m20_seed3333.npz                                                 
        - n200_m40_seed3333.npz                                                 
        - n200_m60_seed3333.npz                                                 
        test_dataloader_names:                                                  
        - n50_m5                                                                
        - n50_m10                                                               
        - n50_m20                                                               
        - n100_m10                                                              
        - n100_m20                                                              
        - n100_m30                                                              
        - n200_m20                                                              
        - n200_m40                                                              
        - n200_m60                                                              
                                                                                
